Component: Arm Compiler for Embedded 6.24 Tool: armlink [5f371500]

==============================================================================

Section Cross References

    startup_stm32h723xx.o(STACK) refers (Special) to heapauxi.o(.text) for __use_two_region_memory
    startup_stm32h723xx.o(HEAP) refers (Special) to heapauxi.o(.text) for __use_two_region_memory
    startup_stm32h723xx.o(RESET) refers (Special) to heapauxi.o(.text) for __use_two_region_memory
    startup_stm32h723xx.o(RESET) refers to startup_stm32h723xx.o(STACK) for __initial_sp
    startup_stm32h723xx.o(RESET) refers to startup_stm32h723xx.o(.text) for Reset_Handler
    startup_stm32h723xx.o(RESET) refers to stm32h7xx_it.o(.text.NMI_Handler) for NMI_Handler
    startup_stm32h723xx.o(RESET) refers to stm32h7xx_it.o(.text.HardFault_Handler) for HardFault_Handler
    startup_stm32h723xx.o(RESET) refers to stm32h7xx_it.o(.text.MemManage_Handler) for MemManage_Handler
    startup_stm32h723xx.o(RESET) refers to stm32h7xx_it.o(.text.BusFault_Handler) for BusFault_Handler
    startup_stm32h723xx.o(RESET) refers to stm32h7xx_it.o(.text.UsageFault_Handler) for UsageFault_Handler
    startup_stm32h723xx.o(RESET) refers to port.o(.text.SVC_Handler) for SVC_Handler
    startup_stm32h723xx.o(RESET) refers to stm32h7xx_it.o(.text.DebugMon_Handler) for DebugMon_Handler
    startup_stm32h723xx.o(RESET) refers to port.o(.text.PendSV_Handler) for PendSV_Handler
    startup_stm32h723xx.o(RESET) refers to cmsis_os2.o(.text.SysTick_Handler) for SysTick_Handler
    startup_stm32h723xx.o(RESET) refers to stm32h7xx_it.o(.text.DMA1_Stream1_IRQHandler) for DMA1_Stream1_IRQHandler
    startup_stm32h723xx.o(RESET) refers to stm32h7xx_it.o(.text.UART5_IRQHandler) for UART5_IRQHandler
    startup_stm32h723xx.o(RESET) refers to stm32h7xx_it.o(.text.TIM6_DAC_IRQHandler) for TIM6_DAC_IRQHandler
    startup_stm32h723xx.o(RESET) refers to stm32h7xx_it.o(.text.OTG_HS_IRQHandler) for OTG_HS_IRQHandler
    startup_stm32h723xx.o(RESET) refers to stm32h7xx_it.o(.text.FDCAN3_IT0_IRQHandler) for FDCAN3_IT0_IRQHandler
    startup_stm32h723xx.o(RESET) refers to stm32h7xx_it.o(.text.FDCAN3_IT1_IRQHandler) for FDCAN3_IT1_IRQHandler
    startup_stm32h723xx.o(.text) refers (Special) to heapauxi.o(.text) for __use_two_region_memory
    startup_stm32h723xx.o(.text) refers to system_stm32h7xx.o(.text.ExitRun0Mode) for ExitRun0Mode
    startup_stm32h723xx.o(.text) refers to system_stm32h7xx.o(.text.SystemInit) for SystemInit
    startup_stm32h723xx.o(.text) refers to __main.o(!!!main) for __main
    startup_stm32h723xx.o(.text) refers to startup_stm32h723xx.o(HEAP) for Heap_Mem
    startup_stm32h723xx.o(.text) refers to startup_stm32h723xx.o(STACK) for Stack_Mem
    main.o(.text.main) refers to stm32h7xx_hal_cortex.o(.text.HAL_MPU_Disable) for HAL_MPU_Disable
    main.o(.text.main) refers to stm32h7xx_hal_cortex.o(.text.HAL_MPU_ConfigRegion) for HAL_MPU_ConfigRegion
    main.o(.text.main) refers to stm32h7xx_hal_cortex.o(.text.HAL_MPU_Enable) for HAL_MPU_Enable
    main.o(.text.main) refers to stm32h7xx_hal.o(.text.HAL_Init) for HAL_Init
    main.o(.text.main) refers to main.o(.text.SystemClock_Config) for SystemClock_Config
    main.o(.text.main) refers to gpio.o(.text.MX_GPIO_Init) for MX_GPIO_Init
    main.o(.text.main) refers to dma.o(.text.MX_DMA_Init) for MX_DMA_Init
    main.o(.text.main) refers to fdcan.o(.text.MX_FDCAN3_Init) for MX_FDCAN3_Init
    main.o(.text.main) refers to usart.o(.text.MX_UART5_Init) for MX_UART5_Init
    main.o(.text.main) refers to remote.o(.text.Remote_Init) for Remote_Init
    main.o(.text.main) refers to cmsis_os2.o(.text.osKernelInitialize) for osKernelInitialize
    main.o(.text.main) refers to freertos.o(.text.MX_FREERTOS_Init) for MX_FREERTOS_Init
    main.o(.text.main) refers to cmsis_os2.o(.text.osKernelStart) for osKernelStart
    main.o(.ARM.exidx.text.main) refers to main.o(.text.main) for [Anonymous Symbol]
    main.o(.text.SystemClock_Config) refers to rt_memclr_w.o(.text) for __aeabi_memclr4
    main.o(.text.SystemClock_Config) refers to stm32h7xx_hal_pwr_ex.o(.text.HAL_PWREx_ConfigSupply) for HAL_PWREx_ConfigSupply
    main.o(.text.SystemClock_Config) refers to stm32h7xx_hal_rcc.o(.text.HAL_RCC_OscConfig) for HAL_RCC_OscConfig
    main.o(.text.SystemClock_Config) refers to stm32h7xx_hal_rcc.o(.text.HAL_RCC_ClockConfig) for HAL_RCC_ClockConfig
    main.o(.ARM.exidx.text.SystemClock_Config) refers to main.o(.text.SystemClock_Config) for [Anonymous Symbol]
    main.o(.ARM.exidx.text.Error_Handler) refers to main.o(.text.Error_Handler) for [Anonymous Symbol]
    main.o(.text.HAL_TIM_PeriodElapsedCallback) refers to stm32h7xx_hal.o(.text.HAL_IncTick) for HAL_IncTick
    main.o(.ARM.exidx.text.HAL_TIM_PeriodElapsedCallback) refers to main.o(.text.HAL_TIM_PeriodElapsedCallback) for [Anonymous Symbol]
    dma.o(.text.MX_DMA_Init) refers to stm32h7xx_hal_cortex.o(.text.HAL_NVIC_SetPriority) for HAL_NVIC_SetPriority
[...]
    HAL_GPIO_DeInit                          0x080039e9   Thumb Code   284  stm32h7xx_hal_gpio.o(.text.HAL_GPIO_DeInit)
    HAL_GPIO_Init                            0x08003b09   Thumb Code   482  stm32h7xx_hal_gpio.o(.text.HAL_GPIO_Init)
    HAL_GetTick                              0x08003cf1   Thumb Code    12  stm32h7xx_hal.o(.text.HAL_GetTick)
    HAL_IncTick                              0x08003d01   Thumb Code    26  stm32h7xx_hal.o(.text.HAL_IncTick)
    HAL_Init                                 0x08003d21   Thumb Code   100  stm32h7xx_hal.o(.text.HAL_Init)
    HAL_InitTick                             0x08003d89   Thumb Code   168  stm32h7xx_hal_timebase_tim.o(.text.HAL_InitTick)
    HAL_MPU_ConfigRegion                     0x08003e31   Thumb Code    94  stm32h7xx_hal_cortex.o(.text.HAL_MPU_ConfigRegion)
    HAL_MPU_Disable                          0x08003e91   Thumb Code    26  stm32h7xx_hal_cortex.o(.text.HAL_MPU_Disable)
    HAL_MPU_Enable                           0x08003eb1   Thumb Code    32  stm32h7xx_hal_cortex.o(.text.HAL_MPU_Enable)
    HAL_MspInit                              0x08003ed1   Thumb Code    42  stm32h7xx_hal_msp.o(.text.HAL_MspInit)
    HAL_NVIC_DisableIRQ                      0x08003f01   Thumb Code    42  stm32h7xx_hal_cortex.o(.text.HAL_NVIC_DisableIRQ)
    HAL_NVIC_EnableIRQ                       0x08003f31   Thumb Code    34  stm32h7xx_hal_cortex.o(.text.HAL_NVIC_EnableIRQ)
    HAL_NVIC_SetPriority                     0x08003f59   Thumb Code    90  stm32h7xx_hal_cortex.o(.text.HAL_NVIC_SetPriority)
    HAL_NVIC_SetPriorityGrouping             0x08003fb9   Thumb Code    32  stm32h7xx_hal_cortex.o(.text.HAL_NVIC_SetPriorityGrouping)
    HAL_NVIC_SystemReset                     0x08003fd9   Thumb Code     4  stm32h7xx_hal_cortex.o(.text.HAL_NVIC_SystemReset)
    HAL_PCDEx_LPM_Callback                   0x08003fe1   Thumb Code     2  stm32h7xx_hal_pcd_ex.o(.text.HAL_PCDEx_LPM_Callback)
    HAL_PCD_ConnectCallback                  0x08003fe9   Thumb Code     8  usbd_conf.o(.text.HAL_PCD_ConnectCallback)
    HAL_PCD_DataInStageCallback              0x08003ff1   Thumb Code    18  usbd_conf.o(.text.HAL_PCD_DataInStageCallback)
    HAL_PCD_DataOutStageCallback             0x08004009   Thumb Code    20  usbd_conf.o(.text.HAL_PCD_DataOutStageCallback)
    HAL_PCD_DisconnectCallback               0x08004021   Thumb Code     8  usbd_conf.o(.text.HAL_PCD_DisconnectCallback)
    HAL_PCD_EP_ClrStall                      0x08004029   Thumb Code    94  stm32h7xx_hal_pcd.o(.text.HAL_PCD_EP_ClrStall)
    HAL_PCD_EP_Open                          0x08004089   Thumb Code   126  stm32h7xx_hal_pcd.o(.text.HAL_PCD_EP_Open)
    HAL_PCD_EP_Receive                       0x08004109   Thumb Code    56  stm32h7xx_hal_pcd.o(.text.HAL_PCD_EP_Receive)
    HAL_PCD_EP_SetStall                      0x08004141   Thumb Code   108  stm32h7xx_hal_pcd.o(.text.HAL_PCD_EP_SetStall)
    HAL_PCD_EP_Transmit                      0x080041b1   Thumb Code    60  stm32h7xx_hal_pcd.o(.text.HAL_PCD_EP_Transmit)
    HAL_PCD_IRQHandler                       0x080041f1   Thumb Code  2694  stm32h7xx_hal_pcd.o(.text.HAL_PCD_IRQHandler)
    HAL_PCD_ISOINIncompleteCallback          0x08004c79   Thumb Code     8  usbd_conf.o(.text.HAL_PCD_ISOINIncompleteCallback)
    HAL_PCD_ISOOUTIncompleteCallback         0x08004c81   Thumb Code     8  usbd_conf.o(.text.HAL_PCD_ISOOUTIncompleteCallback)
    HAL_PCD_ResetCallback                    0x08004c89   Thumb Code    42  usbd_conf.o(.text.HAL_PCD_ResetCallback)
    HAL_PCD_ResumeCallback                   0x08004cb9   Thumb Code     8  usbd_conf.o(.text.HAL_PCD_ResumeCallback)
    HAL_PCD_SOFCallback                      0x08004cc1   Thumb Code     8  usbd_conf.o(.text.HAL_PCD_SOFCallback)
    HAL_PCD_SetAddress                       0x08004cc9   Thumb Code    40  stm32h7xx_hal_pcd.o(.text.HAL_PCD_SetAddress)
    HAL_PCD_SetupStageCallback               0x08004cf1   Thumb Code    14  usbd_conf.o(.text.HAL_PCD_SetupStageCallback)
    HAL_PCD_SuspendCallback                  0x08004d01   Thumb Code    52  usbd_conf.o(.text.HAL_PCD_SuspendCallback)
    HAL_PWREx_ConfigSupply                   0x08004d39   Thumb Code    76  stm32h7xx_hal_pwr_ex.o(.text.HAL_PWREx_ConfigSupply)
    HAL_RCCEx_GetD3PCLK1Freq                 0x08004d89   Thumb Code    38  stm32h7xx_hal_rcc_ex.o(.text.HAL_RCCEx_GetD3PCLK1Freq)
    HAL_RCCEx_GetPLL2ClockFreq               0x08004db1   Thumb Code   280  stm32h7xx_hal_rcc_ex.o(.text.HAL_RCCEx_GetPLL2ClockFreq)
    HAL_RCCEx_GetPLL3ClockFreq               0x08004ed9   Thumb Code   280  stm32h7xx_hal_rcc_ex.o(.text.HAL_RCCEx_GetPLL3ClockFreq)
    HAL_RCCEx_PeriphCLKConfig                0x08005001   Thumb Code  2688  stm32h7xx_hal_rcc_ex.o(.text.HAL_RCCEx_PeriphCLKConfig)
    HAL_RCC_ClockConfig                      0x08005a81   Thumb Code   596  stm32h7xx_hal_rcc.o(.text.HAL_RCC_ClockConfig)
    HAL_RCC_GetClockConfig                   0x08005cd9   Thumb Code    88  stm32h7xx_hal_rcc.o(.text.HAL_RCC_GetClockConfig)
    HAL_RCC_GetHCLKFreq                      0x08005d31   Thumb Code    76  stm32h7xx_hal_rcc.o(.text.HAL_RCC_GetHCLKFreq)
    HAL_RCC_GetPCLK1Freq                     0x08005d81   Thumb Code    96  stm32h7xx_hal_rcc.o(.text.HAL_RCC_GetPCLK1Freq)
    HAL_RCC_GetPCLK2Freq                     0x08005de1   Thumb Code    96  stm32h7xx_hal_rcc.o(.text.HAL_RCC_GetPCLK2Freq)
    HAL_RCC_GetSysClockFreq                  0x08005e41   Thumb Code   264  stm32h7xx_hal_rcc.o(.text.HAL_RCC_GetSysClockFreq)
    HAL_RCC_OscConfig                        0x08005f61   Thumb Code  1324  stm32h7xx_hal_rcc.o(.text.HAL_RCC_OscConfig)
    HAL_TIMEx_Break2Callback                 0x08006491   Thumb Code     2  stm32h7xx_hal_tim_ex.o(.text.HAL_TIMEx_Break2Callback)
    HAL_TIMEx_BreakCallback                  0x08006499   Thumb Code     2  stm32h7xx_hal_tim_ex.o(.text.HAL_TIMEx_BreakCallback)
    HAL_TIMEx_CommutCallback                 0x080064a1   Thumb Code     2  stm32h7xx_hal_tim_ex.o(.text.HAL_TIMEx_CommutCallback)
    HAL_TIM_Base_Init                        0x080064a9   Thumb Code    96  stm32h7xx_hal_tim.o(.text.HAL_TIM_Base_Init)
    HAL_TIM_Base_MspInit                     0x08006509   Thumb Code     2  stm32h7xx_hal_tim.o(.text.HAL_TIM_Base_MspInit)
    HAL_TIM_Base_Start_IT                    0x08006511   Thumb Code   220  stm32h7xx_hal_tim.o(.text.HAL_TIM_Base_Start_IT)
    HAL_TIM_IC_CaptureCallback               0x080065f1   Thumb Code     2  stm32h7xx_hal_tim.o(.text.HAL_TIM_IC_CaptureCallback)
    HAL_TIM_IRQHandler                       0x080065f9   Thumb Code   364  stm32h7xx_hal_tim.o(.text.HAL_TIM_IRQHandler)
    HAL_TIM_OC_DelayElapsedCallback          0x08006769   Thumb Code     2  stm32h7xx_hal_tim.o(.text.HAL_TIM_OC_DelayElapsedCallback)
    HAL_TIM_PWM_PulseFinishedCallback        0x08006771   Thumb Code     2  stm32h7xx_hal_tim.o(.text.HAL_TIM_PWM_PulseFinishedCallback)
    HAL_TIM_PeriodElapsedCallback            0x08006779   Thumb Code    20  main.o(.text.HAL_TIM_PeriodElapsedCallback)
    HAL_TIM_TriggerCallback                  0x08006791   Thumb Code     2  stm32h7xx_hal_tim.o(.text.HAL_TIM_TriggerCallback)
    HAL_UARTEx_DisableFifoMode               0x08006799   Thumb Code    54  stm32h7xx_hal_uart_ex.o(.text.HAL_UARTEx_DisableFifoMode)
    HAL_UARTEx_ReceiveToIdle_DMA             0x080067d1   Thumb Code   152  stm32h7xx_hal_uart_ex.o(.text.HAL_UARTEx_ReceiveToIdle_DMA)
    HAL_UARTEx_RxEventCallback               0x08006869   Thumb Code   222  remote.o(.text.HAL_UARTEx_RxEventCallback)
    HAL_UARTEx_RxFifoFullCallback            0x08006949   Thumb Code     2  stm32h7xx_hal_uart_ex.o(.text.HAL_UARTEx_RxFifoFullCallback)
    HAL_UARTEx_SetRxFifoThreshold            0x08006951   Thumb Code   140  stm32h7xx_hal_uart_ex.o(.text.HAL_UARTEx_SetRxFifoThreshold)
    HAL_UARTEx_TxFifoEmptyCallback           0x080069e1   Thumb Code     2  stm32h7xx_hal_uart_ex.o(.text.HAL_UARTEx_TxFifoEmptyCallback)
    HAL_UARTEx_WakeupCallback                0x080069e9   Thumb Code     2  stm32h7xx_hal_uart_ex.o(.text.HAL_UARTEx_WakeupCallback)
    HAL_UART_AbortReceive                    0x080069f1   Thumb Code   402  stm32h7xx_hal_uart.o(.text.HAL_UART_AbortReceive)
    HAL_UART_ErrorCallback                   0x08006b89   Thumb Code    76  remote.o(.text.HAL_UART_ErrorCallback)
    HAL_UART_IRQHandler                      0x08006bd9   Thumb Code  1674  stm32h7xx_hal_uart.o(.text.HAL_UART_IRQHandler)
    HAL_UART_Init                            0x08007269   Thumb Code   100  stm32h7xx_hal_uart.o(.text.HAL_UART_Init)
    HAL_UART_MspInit                         0x080072d1   Thumb Code   194  usart.o(.text.HAL_UART_MspInit)
    HAL_UART_RxCpltCallback                  0x08007399   Thumb Code     2  stm32h7xx_hal_uart.o(.text.HAL_UART_RxCpltCallback)
    HAL_UART_RxHalfCpltCallback              0x080073a1   Thumb Code     2  stm32h7xx_hal_uart.o(.text.HAL_UART_RxHalfCpltCallback)
    HAL_UART_TxCpltCallback                  0x080073a9   Thumb Code     2  stm32h7xx_hal_uart.o(.text.HAL_UART_TxCpltCallback)
    HardFault_Handler                        0x080073b1   Thumb Code     2  stm32h7xx_it.o(.text.HardFault_Handler)
    MX_DMA_Init                              0x080073b9   Thumb Code    52  dma.o(.text.MX_DMA_Init)
    MX_FDCAN3_Init                           0x080073f1   Thumb Code   170  fdcan.o(.text.MX_FDCAN3_Init)
    MX_FREERTOS_Init                         0x080074a1   Thumb Code    84  freertos.o(.text.MX_FREERTOS_Init)
    MX_GPIO_Init                             0x080074f9   Thumb Code    68  gpio.o(.text.MX_GPIO_Init)
    MX_UART5_Init                            0x08007541   Thumb Code   116  usart.o(.text.MX_UART5_Init)
    MemManage_Handler                        0x080075b9   Thumb Code     2  stm32h7xx_it.o(.text.MemManage_Handler)
    NMI_Handler                              0x080075c1   Thumb Code     2  stm32h7xx_it.o(.text.NMI_Handler)
    OTG_HS_IRQHandler                        0x080075c9   Thumb Code    12  stm32h7xx_it.o(.text.OTG_HS_IRQHandler)
    PendSV_Handler                           0x080075e1   Thumb Code   100  port.o(.text.PendSV_Handler)
    Remote_Init                              0x08007899   Thumb Code    70  remote.o(.text.Remote_Init)
    SVC_Handler                              0x08007a11   Thumb Code    36  port.o(.text.SVC_Handler)
    StartDefaultTask                         0x08007a39   Thumb Code    98  task_start.o(.text.StartDefaultTask)
    SysTick_Handler                          0x08007aa1   Thumb Code    30  cmsis_os2.o(.text.SysTick_Handler)
    SystemClock_Config                       0x08007ac1   Thumb Code   192  main.o(.text.SystemClock_Config)
    SystemInit                               0x08007b81   Thumb Code   210  system_stm32h7xx.o(.text.SystemInit)
    TIM6_DAC_IRQHandler                      0x08007c59   Thumb Code    12  stm32h7xx_it.o(.text.TIM6_DAC_IRQHandler)
    TIM_Base_SetConfig                       0x08007c69   Thumb Code   376  stm32h7xx_hal_tim.o(.text.TIM_Base_SetConfig)
    UART5_IRQHandler                         0x08007de1   Thumb Code    12  stm32h7xx_it.o(.text.UART5_IRQHandler)
    UART_AdvFeatureConfig                    0x08007df1   Thumb Code   224  stm32h7xx_hal_uart.o(.text.UART_AdvFeatureConfig)
    UART_CheckIdleState                      0x08007ed1   Thumb Code   366  stm32h7xx_hal_uart.o(.text.UART_CheckIdleState)
    UART_SetConfig                           0x08008409   Thumb Code  1176  stm32h7xx_hal_uart.o(.text.UART_SetConfig)
    UART_Start_Receive_DMA                   0x080088a9   Thumb Code   340  stm32h7xx_hal_uart.o(.text.UART_Start_Receive_DMA)
    UART_WaitOnFlagUntilTimeout              0x08008a01   Thumb Code   856  stm32h7xx_hal_uart.o(.text.UART_WaitOnFlagUntilTimeout)
    USBD_ClrClassConfig                      0x08008d59   Thumb Code    18  usbd_core.o(.text.USBD_ClrClassConfig)
    USBD_CoreFindEP                          0x08008d71   Thumb Code     4  usbd_core.o(.text.USBD_CoreFindEP)
    USBD_CoreFindIF                          0x08008d79   Thumb Code     4  usbd_core.o(.text.USBD_CoreFindIF)
    USBD_CtlContinueRx                       0x08008d81   Thumb Code    16  usbd_ioreq.o(.text.USBD_CtlContinueRx)
    USBD_CtlContinueSendData                 0x08008d91   Thumb Code    16  usbd_ioreq.o(.text.USBD_CtlContinueSendData)
    USBD_CtlReceiveStatus                    0x08008da1   Thumb Code    22  usbd_ioreq.o(.text.USBD_CtlReceiveStatus)
    USBD_CtlSendData                         0x08008db9   Thumb Code    30  usbd_ioreq.o(.text.USBD_CtlSendData)
    USBD_CtlSendStatus                       0x08008dd9   Thumb Code    22  usbd_ioreq.o(.text.USBD_CtlSendStatus)
    USBD_LL_ClearStallEP                     0x08008df1   Thumb Code    34  usbd_conf.o(.text.USBD_LL_ClearStallEP)
    USBD_LL_DataInStage                      0x08008e19   Thumb Code   184  usbd_core.o(.text.USBD_LL_DataInStage)
    USBD_LL_DataOutStage                     0x08008ed1   Thumb Code   124  usbd_core.o(.text.USBD_LL_DataOutStage)
    USBD_LL_DevConnected                     0x08008f51   Thumb Code     4  usbd_core.o(.text.USBD_LL_DevConnected)
    USBD_LL_DevDisconnected                  0x08008f59   Thumb Code    32  usbd_core.o(.text.USBD_LL_DevDisconnected)
    USBD_LL_IsStallEP                        0x08008f79   Thumb Code    42  usbd_conf.o(.text.USBD_LL_IsStallEP)
    USBD_LL_IsoINIncomplete                  0x08008fa9   Thumb Code    44  usbd_core.o(.text.USBD_LL_IsoINIncomplete)
    USBD_LL_IsoOUTIncomplete                 0x08008fd9   Thumb Code    44  usbd_core.o(.text.USBD_LL_IsoOUTIncomplete)
    USBD_LL_OpenEP                           0x08009009   Thumb Code    40  usbd_conf.o(.text.USBD_LL_OpenEP)
    USBD_LL_PrepareReceive                   0x08009031   Thumb Code    34  usbd_conf.o(.text.USBD_LL_PrepareReceive)
    USBD_LL_Reset                            0x08009059   Thumb Code    98  usbd_core.o(.text.USBD_LL_Reset)
    USBD_LL_Resume                           0x080090c1   Thumb Code    20  usbd_core.o(.text.USBD_LL_Resume)
    USBD_LL_SOF                              0x080090d9   Thumb Code    30  usbd_core.o(.text.USBD_LL_SOF)
    USBD_LL_SetSpeed                         0x080090f9   Thumb Code     8  usbd_core.o(.text.USBD_LL_SetSpeed)
    USBD_LL_SetUSBAddress                    0x08009101   Thumb Code    34  usbd_conf.o(.text.USBD_LL_SetUSBAddress)
    USBD_LL_SetupStage                       0x08009129   Thumb Code    98  usbd_core.o(.text.USBD_LL_SetupStage)
    USBD_LL_StallEP                          0x08009191   Thumb Code    34  usbd_conf.o(.text.USBD_LL_StallEP)
    USBD_LL_Suspend                          0x080091b9   Thumb Code    28  usbd_core.o(.text.USBD_LL_Suspend)
    USBD_LL_Transmit                         0x080091d9   Thumb Code    34  usbd_conf.o(.text.USBD_LL_Transmit)
    USBD_ParseSetupRequest                   0x08009201   Thumb Code    22  usbd_ctlreq.o(.text.USBD_ParseSetupRequest)
    USBD_SetClassConfig                      0x08009219   Thumb Code    16  usbd_core.o(.text.USBD_SetClassConfig)
    USBD_StdDevReq                           0x08009229   Thumb Code   898  usbd_ctlreq.o(.text.USBD_StdDevReq)
    USBD_StdEPReq                            0x080095b1   Thumb Code   352  usbd_ctlreq.o(.text.USBD_StdEPReq)
    USBD_StdItfReq                           0x08009711   Thumb Code   112  usbd_ctlreq.o(.text.USBD_StdItfReq)
    USB_ActivateEndpoint                     0x08009781   Thumb Code   134  stm32h7xx_ll_usb.o(.text.USB_ActivateEndpoint)
    USB_ActivateSetup                        0x08009809   Thumb Code    32  stm32h7xx_ll_usb.o(.text.USB_ActivateSetup)
    USB_EP0_OutStart                         0x08009829   Thumb Code    90  stm32h7xx_ll_usb.o(.text.USB_EP0_OutStart)
    USB_EPClearStall                         0x08009889   Thumb Code    82  stm32h7xx_ll_usb.o(.text.USB_EPClearStall)
    USB_EPSetStall                           0x080098e1   Thumb Code    64  stm32h7xx_ll_usb.o(.text.USB_EPSetStall)
    USB_EPStartXfer                          0x08009921   Thumb Code   578  stm32h7xx_ll_usb.o(.text.USB_EPStartXfer)
    USB_EPStopXfer                           0x08009b69   Thumb Code   566  stm32h7xx_ll_usb.o(.text.USB_EPStopXfer)
    USB_FlushTxFifo                          0x08009da1   Thumb Code   190  stm32h7xx_ll_usb.o(.text.USB_FlushTxFifo)
    USB_GetDevSpeed                          0x08009e61   Thumb Code    26  stm32h7xx_ll_usb.o(.text.USB_GetDevSpeed)
    USB_GetMode                              0x08009e81   Thumb Code     8  stm32h7xx_ll_usb.o(.text.USB_GetMode)
    USB_ReadDevAllInEpInterrupt              0x08009e89   Thumb Code    14  stm32h7xx_ll_usb.o(.text.USB_ReadDevAllInEpInterrupt)
    USB_ReadDevAllOutEpInterrupt             0x08009e99   Thumb Code    14  stm32h7xx_ll_usb.o(.text.USB_ReadDevAllOutEpInterrupt)
    USB_ReadDevInEPInterrupt                 0x08009ea9   Thumb Code    36  stm32h7xx_ll_usb.o(.text.USB_ReadDevInEPInterrupt)
    USB_ReadDevOutEPInterrupt                0x08009ed1   Thumb Code    16  stm32h7xx_ll_usb.o(.text.USB_ReadDevOutEPInterrupt)
    USB_ReadInterrupts                       0x08009ee1   Thumb Code     8  stm32h7xx_ll_usb.o(.text.USB_ReadInterrupts)
    USB_ReadPacket                           0x08009ee9   Thumb Code   174  stm32h7xx_ll_usb.o(.text.USB_ReadPacket)
    USB_SetDevAddress                        0x08009f99   Thumb Code    34  stm32h7xx_ll_usb.o(.text.USB_SetDevAddress)
    USB_SetTurnaroundTime                    0x08009fc1   Thumb Code   280  stm32h7xx_ll_usb.o(.text.USB_SetTurnaroundTime)
    USB_WritePacket                          0x0800a0d9   Thumb Code   120  stm32h7xx_ll_usb.o(.text.USB_WritePacket)
    UsageFault_Handler                       0x0800a151   Thumb Code     2  stm32h7xx_it.o(.text.UsageFault_Handler)
    Joint::LoadTarget()                      0x0800a489   Thumb Code   476  roboarm.o(.text._ZN5Joint10LoadTargetEv)
    Joint::UpdateInfo(unsigned char const*)  0x0800a691   Thumb Code   240  roboarm.o(.text._ZN5Joint10UpdateInfoEPKh)
    Bsp_CAN::Transmit(unsigned int, unsigned char const*, unsigned char) 0x0800a791   Thumb Code    20  bsp_can.o(.text._ZN7Bsp_CAN8TransmitEjPKhh)
    Motor_DM::Update(unsigned char const*)   0x0800a7a9   Thumb Code   158  motor_dm.o(.text._ZN8Motor_DM6UpdateEPKh)
    Bsp_CAN::FilterConfig(bool) const        0x0800a849   Thumb Code    80  bsp_can.o(.text._ZNK7Bsp_CAN12FilterConfigEb)
    Motor_DM::Ctrl(Motor_DM_N::order_byte_e) const 0x0800a899   Thumb Code    46  motor_dm.o(.text._ZNK8Motor_DM4CtrlEN10Motor_DM_N12order_byte_eE)
    Motor_DM::Ctrl(float, float, unsigned short, unsigned short, float) const 0x0800a8c9   Thumb Code   144  motor_dm.o(.text._ZNK8Motor_DM4CtrlEffttf)
    eTaskGetState                            0x0800a991   Thumb Code   174  tasks.o(.text.eTaskGetState)
    main                                     0x0800aa41   Thumb Code    82  main.o(.text.main)
    osDelay                                  0x0800aa99   Thumb Code    60  cmsis_os2.o(.text.osDelay)
    osKernelInitialize                       0x0800aad9   Thumb Code    80  cmsis_os2.o(.text.osKernelInitialize)
    osKernelStart                            0x0800ab29   Thumb Code    96  cmsis_os2.o(.text.osKernelStart)
    osThreadFlagsWait                        0x0800ab89   Thumb Code   462  cmsis_os2.o(.text.osThreadFlagsWait)
    osThreadNew                              0x0800ad59   Thumb Code   230  cmsis_os2.o(.text.osThreadNew)
    osThreadSuspend                          0x0800ae41   Thumb Code    66  cmsis_os2.o(.text.osThreadSuspend)
    osThreadTerminate                        0x0800ae89   Thumb Code    82  cmsis_os2.o(.text.osThreadTerminate)
    pvPortMalloc                             0x0800b731   Thumb Code   500  heap_4.o(.text.pvPortMalloc)
    pxPortInitialiseStack                    0x0800b929   Thumb Code    44  port.o(.text.pxPortInitialiseStack)
    roboARM_task                             0x0800b959   Thumb Code   316  task_robo_arm.o(.text.roboARM_task)
    uxListRemove                             0x0800ba99   Thumb Code    34  list.o(.text.uxListRemove)
    vApplicationGetIdleTaskMemory            0x0800bac1   Thumb Code    26  cmsis_os2.o(.text.vApplicationGetIdleTaskMemory)
    vApplicationGetTimerTaskMemory           0x0800bae1   Thumb Code    28  cmsis_os2.o(.text.vApplicationGetTimerTaskMemory)
    vListInitialise                          0x0800bb01   Thumb Code    22  list.o(.text.vListInitialise)
    vListInitialiseItem                      0x0800bb19   Thumb Code     6  list.o(.text.vListInitialiseItem)
    vListInsert                              0x0800bb21   Thumb Code    98  list.o(.text.vListInsert)
    vListInsertEnd                           0x0800bb89   Thumb Code    26  list.o(.text.vListInsertEnd)
    vPortEnterCritical                       0x0800bbc1   Thumb Code    74  port.o(.text.vPortEnterCritical)
    vPortExitCritical                        0x0800bc11   Thumb Code    46  port.o(.text.vPortExitCritical)
    vPortFree                                0x0800bc41   Thumb Code   220  heap_4.o(.text.vPortFree)
    vPortSetupTimerInterrupt                 0x0800bd21   Thumb Code    52  port.o(.text.vPortSetupTimerInterrupt)
    vQueueAddToRegistry                      0x0800bd59   Thumb Code   362  queue.o(.text.vQueueAddToRegistry)
    vQueueWaitForMessageRestricted           0x0800bec9   Thumb Code   100  queue.o(.text.vQueueWaitForMessageRestricted)
    vTaskDelay                               0x0800bf31   Thumb Code   150  tasks.o(.text.vTaskDelay)
    vTaskDelete                              0x0800bfc9   Thumb Code   238  tasks.o(.text.vTaskDelete)
    vTaskInternalSetTimeOutState             0x0800c0b9   Thumb Code    18  tasks.o(.text.vTaskInternalSetTimeOutState)
    vTaskMissedYield                         0x0800c0d1   Thumb Code    14  tasks.o(.text.vTaskMissedYield)
    vTaskPlaceOnEventList                    0x0800c0e1   Thumb Code   154  tasks.o(.text.vTaskPlaceOnEventList)
    vTaskPlaceOnEventListRestricted          0x0800c181   Thumb Code   182  tasks.o(.text.vTaskPlaceOnEventListRestricted)
    vTaskStartScheduler                      0x0800c239   Thumb Code   252  tasks.o(.text.vTaskStartScheduler)
    vTaskSuspend                             0x0800c341   Thumb Code   364  tasks.o(.text.vTaskSuspend)
    vTaskSuspendAll                          0x0800c4b1   Thumb Code    16  tasks.o(.text.vTaskSuspendAll)
    vTaskSwitchContext                       0x0800c4c1   Thumb Code   196  tasks.o(.text.vTaskSwitchContext)
    xPortStartScheduler                      0x0800c589   Thumb Code   442  port.o(.text.xPortStartScheduler)
    xPortSysTickHandler                      0x0800c749   Thumb Code    46  port.o(.text.xPortSysTickHandler)
    xQueueGenericCreateStatic                0x0800c779   Thumb Code   210  queue.o(.text.xQueueGenericCreateStatic)
    xQueueReceive                            0x0800c851   Thumb Code   574  queue.o(.text.xQueueReceive)
    xTaskCheckForTimeOut                     0x0800ca91   Thumb Code   154  tasks.o(.text.xTaskCheckForTimeOut)
    xTaskCreate                              0x0800cb31   Thumb Code    96  tasks.o(.text.xTaskCreate)
    xTaskCreateStatic                        0x0800cb91   Thumb Code   150  tasks.o(.text.xTaskCreateStatic)
    xTaskGenericNotifyWait                   0x0800cc29   Thumb Code   290  tasks.o(.text.xTaskGenericNotifyWait)
    xTaskGetSchedulerState                   0x0800cd51   Thumb Code    28  tasks.o(.text.xTaskGetSchedulerState)
    xTaskGetTickCount                        0x0800cd71   Thumb Code    12  tasks.o(.text.xTaskGetTickCount)
    xTaskIncrementTick                       0x0800cd81   Thumb Code   378  tasks.o(.text.xTaskIncrementTick)
    xTaskRemoveFromEventList                 0x0800cf01   Thumb Code   232  tasks.o(.text.xTaskRemoveFromEventList)
    xTaskResumeAll                           0x0800cfe9   Thumb Code   318  tasks.o(.text.xTaskResumeAll)
    xTimerCreateTimerTask                    0x0800d129   Thumb Code   172  timers.o(.text.xTimerCreateTimerTask)
    __hardfp_fmodf                           0x0800d1dd   Thumb Code   176  fmodf.o(i.__hardfp_fmodf)
    __mathlib_flt_invalid                    0x0800d28d   Thumb Code    10  funder.o(i.__mathlib_flt_invalid)
    __fpl_fnaninf                            0x0800d29d   Thumb Code   140  fnaninf.o(x$fpl$fnaninf)
    _fp_init                                 0x0800d329   Thumb Code    26  fpinit.o(x$fpl$fpinit)
    __fplib_config_fpu_vfp                   0x0800d341   Thumb Code     0  fpinit.o(x$fpl$fpinit)
    __fplib_config_pureend_doubles           0x0800d341   Thumb Code     0  fpinit.o(x$fpl$fpinit)
    _frem                                    0x0800d345   Thumb Code   240  frem_clz.o(x$fpl$frem)
    __I$use$fp                               0x0800d438   Number         0  usenofp.o(x$fpl$usenofp)
    D1CorePrescTable                         0x0800d490   Data          16  system_stm32h7xx.o(.rodata.D1CorePrescTable)
    Error_attributes                         0x0800d4a0   Data          36  freertos.o(.rodata.Error_attributes)
    UARTPrescTable                           0x0800d4c4   Data          24  stm32h7xx_hal_uart.o(.rodata.UARTPrescTable)
    defaultTask_attributes                   0x0800d574   Data          36  freertos.o(.rodata.defaultTask_attributes)
    roboARM_attributes                       0x0800d598   Data          36  freertos.o(.rodata.roboARM_attributes)
    uxTopUsedPriority                        0x0800d5dc   Data           4  tasks.o(.rodata.uxTopUsedPriority)
    Region$$Table$$Base                      0x0800d5e0   Number         0  anon$$obj.o(Region$$Table)
    Region$$Table$$Limit                     0x0800d610   Number         0  anon$$obj.o(Region$$Table)
    SHT$$INIT_ARRAY$$Base                    0x0800d610   Number         0  variables.o(.init_array)
    SHT$$INIT_ARRAY$$Limit                   0x0800d614   Number         0  init_aeabi.o(.init_array)
    uwTickFreq                               0x20000000   Data           1  stm32h7xx_hal.o(.data..L_MergedGlobals)
    uwTickPrio                               0x20000004   Data           4  stm32h7xx_hal.o(.data..L_MergedGlobals)
    SystemCoreClock                          0x20000008   Data           4  system_stm32h7xx.o(.data..L_MergedGlobals)
    SystemD2Clock                            0x2000000c   Data           4  system_stm32h7xx.o(.data..L_MergedGlobals)
    __libspace_start                         0x20000018   Data          96  libspace.o(.bss)
    __temporary_stack_top$libspace           0x20000078   Data           0  libspace.o(.bss)
    defaultTaskHandle                        0x20000078   Data           4  freertos.o(.bss..L_MergedGlobals)
    ErrorHandle                              0x2000007c   Data           4  freertos.o(.bss..L_MergedGlobals)
    roboARMHandle                            0x20000080   Data           4  freertos.o(.bss..L_MergedGlobals)
    rc_ctrl                                  0x20000158   Data          28  remote.o(.bss..L_MergedGlobals)
    rc_status                                0x20000174   Data          32  remote.o(.bss..L_MergedGlobals)
    micro_base                               0x20000194   Data           4  variables.o(.bss..L_MergedGlobals)
    abc_can3                                 0x20000198   Data         120  variables.o(.bss..L_MergedGlobals)
    hdma_uart5_rx                            0x20000240   Data         120  usart.o(.bss.hdma_uart5_rx)
    hfdcan3                                  0x200002b8   Data         160  fdcan.o(.bss.hfdcan3)
    hpcd_USB_OTG_HS                          0x20000358   Data        1252  usbd_conf.o(.bss.hpcd_USB_OTG_HS)
    htim6                                    0x2000083c   Data          76  stm32h7xx_hal_timebase_tim.o(.bss.htim6)
    huart5                                   0x20000888   Data         148  usart.o(.bss.huart5)
    j1_left                                  0x2000091c   Data         108  variables.o(.bss.j1_left)
    j2_left                                  0x20000988   Data         108  variables.o(.bss.j2_left)
    j3_left                                  0x200009f4   Data         108  variables.o(.bss.j3_left)
    j4_left                                  0x20000a60   Data         108  variables.o(.bss.j4_left)
    j5_left                                  0x20000acc   Data         108  variables.o(.bss.j5_left)
    j6_left                                  0x20000b38   Data         108  variables.o(.bss.j6_left)
    j7_left                                  0x20000ba4   Data         108  variables.o(.bss.j7_left)
    pxCurrentTCB                             0x20000d00   Data           4  tasks.o(.bss.pxCurrentTCB)
    uwTick                                   0x20004d64   Data           4  stm32h7xx_hal.o(.bss.uwTick)
    xQueueRegistry                           0x20005420   Data          64  queue.o(.bss.xQueueRegistry)



==============================================================================

Memory Map of the image

  Image Entry point : 0x080002cd

  Load Region LR_IROM1 (Base: 0x08000000, Size: 0x0000d660, Max: 0x00100000, ABSOLUTE)

    Execution Region ER_IROM1 (Exec base: 0x08000000, Load base: 0x08000000, Size: 0x0000d614, Max: 0x00100000, ABSOLUTE)

    Exec Addr    Load Addr    Size         Type   Attr      Idx    E Section Name        Object

    0x08000000   0x08000000   0x000002cc   Data   RO            3    RESET               startup_stm32h723xx.o
    0x080002cc   0x080002cc   0x00000008   Code   RO         2943  * !!!main             c_w.l(__main.o)
    0x080002d4   0x080002d4   0x0000005c   Code   RO         3162    !!!scatter          c_w.l(__scatter.o)
    0x08000330   0x08000330   0x0000001a   Code   RO         3166    !!handler_copy      c_w.l(__scatter_copy.o)
    0x0800034a   0x0800034a   0x00000002   PAD
    0x0800034c   0x0800034c   0x00000002   Code   RO         3163    !!handler_null      c_w.l(__scatter.o)
    0x0800034e   0x0800034e   0x00000002   PAD
    0x08000350   0x08000350   0x0000001c   Code   RO         3168    !!handler_zi        c_w.l(__scatter_zi.o)
    0x0800036c   0x0800036c   0x00000002   Code   RO         3082    .ARM.Collect$$libinit$$00000000  c_w.l(libinit.o)
    0x0800036e   0x0800036e   0x00000004   Code   RO         2966    .ARM.Collect$$libinit$$00000001  c_w.l(libinit2.o)
    0x08000372   0x08000372   0x00000000   Code   RO         2969    .ARM.Collect$$libinit$$00000004  c_w.l(libinit2.o)
    0x08000372   0x08000372   0x00000000   Code   RO         2971    .ARM.Collect$$libinit$$00000006  c_w.l(libinit2.o)
    0x08000372   0x08000372   0x00000000   Code   RO         2974    .ARM.Collect$$libinit$$0000000C  c_w.l(libinit2.o)
    0x08000372   0x08000372   0x00000000   Code   RO         2976    .ARM.Collect$$libinit$$0000000E  c_w.l(libinit2.o)
    0x08000372   0x08000372   0x00000000   Code   RO         2978    .ARM.Collect$$libinit$$00000010  c_w.l(libinit2.o)
    0x08000372   0x08000372   0x00000000   Code   RO         2981    .ARM.Collect$$libinit$$00000013  c_w.l(libinit2.o)
    0x08000372   0x08000372   0x00000000   Code   RO         2983    .ARM.Collect$$libinit$$00000015  c_w.l(libinit2.o)
    0x08000372   0x08000372   0x00000000   Code   RO         2985    .ARM.Collect$$libinit$$00000017  c_w.l(libinit2.o)
    0x08000372   0x08000372   0x00000000   Code   RO         2987    .ARM.Collect$$libinit$$00000019  c_w.l(libinit2.o)
    0x08000372   0x08000372   0x00000000   Code   RO         2989    .ARM.Collect$$libinit$$0000001B  c_w.l(libinit2.o)
    0x08000372   0x08000372   0x00000000   Code   RO         2991    .ARM.Collect$$libinit$$0000001D  c_w.l(libinit2.o)
    0x08000372   0x08000372   0x00000000   Code   RO         2993    .ARM.Collect$$libinit$$0000001F  c_w.l(libinit2.o)
    0x08000372   0x08000372   0x00000000   Code   RO         2995    .ARM.Collect$$libinit$$00000021  c_w.l(libinit2.o)
    0x08000372   0x08000372   0x00000000   Code   RO         2997    .ARM.Collect$$libinit$$00000023  c_w.l(libinit2.o)
    0x08000372   0x08000372   0x00000000   Code   RO         2999    .ARM.Collect$$libinit$$00000025  c_w.l(libinit2.o)
    0x08000372   0x08000372   0x00000000   Code   RO         3001    .ARM.Collect$$libinit$$00000027  c_w.l(libinit2.o)
    0x08000372   0x08000372   0x00000000   Code   RO         3005    .ARM.Collect$$libinit$$0000002E  c_w.l(libinit2.o)
    0x08000372   0x08000372   0x00000000   Code   RO         3007    .ARM.Collect$$libinit$$00000030  c_w.l(libinit2.o)
    0x08000372   0x08000372   0x00000000   Code   RO         3009    .ARM.Collect$$libinit$$00000032  c_w.l(libinit2.o)
    0x08000372   0x08000372   0x00000004   Code   RO         3010    .ARM.Collect$$libinit$$00000033  c_w.l(libinit2.o)
    0x08000376   0x08000376   0x00000000   Code   RO         3011    .ARM.Collect$$libinit$$00000034  c_w.l(libinit2.o)
    0x08000376   0x08000376   0x00000002   Code   RO         3012    .ARM.Collect$$libinit$$00000035  c_w.l(libinit2.o)
    0x08000378   0x08000378   0x00000002   Code   RO         3129    .ARM.Collect$$libshutdown$$00000000  c_w.l(libshutdown.o)
    0x0800037a   0x0800037a   0x00000000   Code   RO         3145    .ARM.Collect$$libshutdown$$00000002  c_w.l(libshutdown2.o)
    0x0800037a   0x0800037a   0x00000000   Code   RO         3147    .ARM.Collect$$libshutdown$$00000004  c_w.l(libshutdown2.o)
    0x0800037a   0x0800037a   0x00000000   Code   RO         3150    .ARM.Collect$$libshutdown$$00000007  c_w.l(libshutdown2.o)
    0x0800037a   0x0800037a   0x00000000   Code   RO         3153    .ARM.Collect$$libshutdown$$0000000A  c_w.l(libshutdown2.o)
    0x0800037a   0x0800037a   0x00000000   Code   RO         3155    .ARM.Collect$$libshutdown$$0000000C  c_w.l(libshutdown2.o)
    0x0800037a   0x0800037a   0x00000000   Code   RO         3158    .ARM.Collect$$libshutdown$$0000000F  c_w.l(libshutdown2.o)
    0x0800037a   0x0800037a   0x00000002   Code   RO         3159    .ARM.Collect$$libshutdown$$00000010  c_w.l(libshutdown2.o)
    0x0800037c   0x0800037c   0x00000000   Code   RO         2957    .ARM.Collect$$rtentry$$00000000  c_w.l(__rtentry.o)
    0x0800037c   0x0800037c   0x00000000   Code   RO         3035    .ARM.Collect$$rtentry$$00000002  c_w.l(__rtentry2.o)
    0x0800037c   0x0800037c   0x00000006   Code   RO         3047    .ARM.Collect$$rtentry$$00000004  c_w.l(__rtentry4.o)
    0x08000382   0x08000382   0x00000000   Code   RO         3037    .ARM.Collect$$rtentry$$00000009  c_w.l(__rtentry2.o)
    0x08000382   0x08000382   0x00000004   Code   RO         3038    .ARM.Collect$$rtentry$$0000000A  c_w.l(__rtentry2.o)
    0x08000386   0x08000386   0x00000000   Code   RO         3040    .ARM.Collect$$rtentry$$0000000C  c_w.l(__rtentry2.o)
    0x08000386   0x08000386   0x00000008   Code   RO         3041    .ARM.Collect$$rtentry$$0000000D  c_w.l(__rtentry2.o)
    0x0800038e   0x0800038e   0x00000002   Code   RO         3087    .ARM.Collect$$rtexit$$00000000  c_w.l(rtexit.o)
    0x08000390   0x08000390   0x00000000   Code   RO         3109    .ARM.Collect$$rtexit$$00000002  c_w.l(rtexit2.o)
    0x08000390   0x08000390   0x00000004   Code   RO         3110    .ARM.Collect$$rtexit$$00000003  c_w.l(rtexit2.o)
    0x08000394   0x08000394   0x00000006   Code   RO         3111    .ARM.Collect$$rtexit$$00000004  c_w.l(rtexit2.o)
    0x0800039a   0x0800039a   0x00000002   PAD
    0x0800039c   0x0800039c   0x00000048   Code   RO            4    .text               startup_stm32h723xx.o
    0x080003e4   0x080003e4   0x000000f0   Code   RO         2929    .text               c_w.l(lludivv7m.o)
    0x080004d4   0x080004d4   0x0000008a   Code   RO         2931    .text               c_w.l(rt_memcpy_v6.o)
    0x0800055e   0x0800055e   0x00000010   Code   RO         2935    .text               c_w.l(aeabi_memset4.o)
    0x0800056e   0x0800056e   0x00000044   Code   RO         2937    .text               c_w.l(rt_memclr.o)
    0x080005b2   0x080005b2   0x0000004e   Code   RO         2939    .text               c_w.l(rt_memclr_w.o)
    0x08000600   0x08000600   0x00000006   Code   RO         2941    .text               c_w.l(heapauxi.o)
    0x08000606   0x08000606   0x00000002   PAD
    0x08000608   0x08000608   0x0000002c   Code   RO         2948    .text               c_w.l(init_aeabi.o)
    0x08000634   0x08000634   0x00000016   Code   RO         2962    .text               c_w.l(_rserrno.o)
    0x0800064a   0x0800064a   0x00000064   Code   RO         2964    .text               c_w.l(rt_memcpy_w.o)
    0x080006ae   0x080006ae   0x00000002   PAD
    0x080006b0   0x080006b0   0x00000008   Code   RO         3054    .text               c_w.l(rt_errno_addr_intlibspace.o)
    0x080006b8   0x080006b8   0x00000008   Code   RO         3062    .text               c_w.l(libspace.o)
    0x080006c0   0x080006c0   0x0000004a   Code   RO         3065    .text               c_w.l(sys_stackheap_outer.o)
    0x0800070a   0x0800070a   0x00000012   Code   RO         3067    .text               c_w.l(exit.o)
    0x0800071c   0x0800071c   0x0000000c   Code   RO         3101    .text               c_w.l(sys_exit.o)
    0x08000728   0x08000728   0x00000002   Code   RO         3105    .text               c_w.l(use_no_semi.o)
    0x0800072a   0x0800072a   0x00000000   Code   RO         3107    .text               c_w.l(indicate_semi.o)
    0x0800072a   0x0800072a   0x00000006   PAD
    0x08000730   0x08000730   0x00000002   Code   RO          103    .text.BusFault_Handler  stm32h7xx_it.o
    0x08000732   0x08000732   0x00000006   PAD
    0x08000738   0x08000738   0x0000000c   Code   RO          109    .text.DMA1_Stream1_IRQHandler  stm32h7xx_it.o
    0x08000744   0x08000744   0x00000004   PAD
    0x08000748   0x08000748   0x00000128   Code   RO          898    .text.DMA_CalcBaseAndBitshift  stm32h7xx_hal_dma.o
    0x08000870   0x08000870   0x00000308   Code   RO          904    .text.DMA_SetConfig  stm32h7xx_hal_dma.o
    0x08000b78   0x08000b78   0x00000002   Code   RO          107    .text.DebugMon_Handler  stm32h7xx_it.o
    0x08000b7a   0x08000b7a   0x00000006   PAD
    0x08000b80   0x08000b80   0x00000006   Code   RO           15    .text.Error_Handler  main.o
    0x08000b86   0x08000b86   0x00000002   PAD
    0x08000b88   0x08000b88   0x000000c8   Code   RO         2603    .text.Error_tasks   task_error.o
    0x08000c50   0x08000c50   0x0000002c   Code   RO         1896    .text.ExitRun0Mode  system_stm32h7xx.o
    0x08000c7c   0x08000c7c   0x00000004   PAD
    0x08000c80   0x08000c80   0x0000000c   Code   RO          115    .text.FDCAN3_IT0_IRQHandler  stm32h7xx_it.o
    0x08000c8c   0x08000c8c   0x00000004   PAD
    0x08000c90   0x08000c90   0x0000000c   Code   RO          117    .text.FDCAN3_IT1_IRQHandler  stm32h7xx_it.o
    0x08000c9c   0x08000c9c   0x00000004   PAD
    0x08000ca0   0x08000ca0   0x00000526   Code   RO          908    .text.HAL_DMA_Abort  stm32h7xx_hal_dma.o
    0x080011c6   0x080011c6   0x00000002   PAD
    0x080011c8   0x080011c8   0x000002b6   Code   RO          910    .text.HAL_DMA_Abort_IT  stm32h7xx_hal_dma.o
    0x0800147e   0x0800147e   0x00000002   PAD
    0x08001480   0x08001480   0x00000004   Code   RO          922    .text.HAL_DMA_GetError  stm32h7xx_hal_dma.o
    0x08001484   0x08001484   0x00000004   PAD
    0x08001488   0x08001488   0x00000824   Code   RO          914    .text.HAL_DMA_IRQHandler  stm32h7xx_hal_dma.o
    0x08001cac   0x08001cac   0x00000004   PAD
    0x08001cb0   0x08001cb0   0x0000069a   Code   RO          896    .text.HAL_DMA_Init  stm32h7xx_hal_dma.o
    0x0800234a   0x0800234a   0x00000006   PAD
    0x08002350   0x08002350   0x000003aa   Code   RO          906    .text.HAL_DMA_Start_IT  stm32h7xx_hal_dma.o
    0x080026fa   0x080026fa   0x00000006   PAD
    0x08002700   0x08002700   0x0000008a   Code   RO         1648    .text.HAL_FDCAN_ActivateNotification  stm32h7xx_hal_fdcan.o
    0x0800278a   0x0800278a   0x00000006   PAD
    0x08002790   0x08002790   0x000000ea   Code   RO         1570    .text.HAL_FDCAN_AddMessageToTxFifoQ  stm32h7xx_hal_fdcan.o
    0x0800287a   0x0800287a   0x00000006   PAD
    0x08002880   0x08002880   0x00000002   Code   RO         1662    .text.HAL_FDCAN_ClockCalibrationCallback  stm32h7xx_hal_fdcan.o
    0x08002882   0x08002882   0x00000006   PAD
    0x08002888   0x08002888   0x0000005e   Code   RO         1530    .text.HAL_FDCAN_ConfigFifoWatermark  stm32h7xx_hal_fdcan.o
    0x080028e6   0x080028e6   0x00000002   PAD
    0x080028e8   0x080028e8   0x0000008c   Code   RO         1522    .text.HAL_FDCAN_ConfigFilter  stm32h7xx_hal_fdcan.o
    0x08002974   0x08002974   0x00000004   PAD
    0x08002978   0x08002978   0x00000038   Code   RO         1524    .text.HAL_FDCAN_ConfigGlobalFilter  stm32h7xx_hal_fdcan.o
    0x080029b0   0x080029b0   0x00000028   Code   RO         1532    .text.HAL_FDCAN_ConfigRamWatchdog  stm32h7xx_hal_fdcan.o
    0x080029d8   0x080029d8   0x0000002c   Code   RO         1504    .text.HAL_FDCAN_DeInit  stm32h7xx_hal_fdcan.o
    0x08002a04   0x08002a04   0x00000004   PAD
    0x08002a08   0x08002a08   0x00000002   Code   RO         1690    .text.HAL_FDCAN_ErrorCallback  stm32h7xx_hal_fdcan.o
    0x08002a0a   0x08002a0a   0x00000006   PAD
    0x08002a10   0x08002a10   0x0000006a   Code   RO         2561    .text.HAL_FDCAN_ErrorStatusCallback  can_callback.o
    0x08002a7a   0x08002a7a   0x00000006   PAD
    0x08002a80   0x08002a80   0x00000006   Code   RO         1694    .text.HAL_FDCAN_GetError  stm32h7xx_hal_fdcan.o
    0x08002a86   0x08002a86   0x00000002   PAD
    0x08002a88   0x08002a88   0x0000001e   Code   RO         1588    .text.HAL_FDCAN_GetErrorCounters  stm32h7xx_hal_fdcan.o
    0x08002aa6   0x08002aa6   0x00000002   PAD
    0x08002aa8   0x08002aa8   0x0000004a   Code   RO         1586    .text.HAL_FDCAN_GetProtocolStatus  stm32h7xx_hal_fdcan.o
    0x08002af2   0x08002af2   0x00000006   PAD
    0x08002af8   0x08002af8   0x00000202   Code   RO         1580    .text.HAL_FDCAN_GetRxMessage  stm32h7xx_hal_fdcan.o
    0x08002cfa   0x08002cfa   0x00000006   PAD
    0x08002d00   0x08002d00   0x00000002   Code   RO         1658    .text.HAL_FDCAN_HighPriorityMessageCallback  stm32h7xx_hal_fdcan.o
    0x08002d02   0x08002d02   0x00000006   PAD
    0x08002d08   0x08002d08   0x00000334   Code   RO         1656    .text.HAL_FDCAN_IRQHandler  stm32h7xx_hal_fdcan.o
    0x0800303c   0x0800303c   0x00000004   PAD
    0x08003040   0x08003040   0x000003fc   Code   RO         1500    .text.HAL_FDCAN_Init  stm32h7xx_hal_fdcan.o
    0x0800343c   0x0800343c   0x00000004   PAD
    0x08003440   0x08003440   0x00000042   Code   RO           70    .text.HAL_FDCAN_MspDeInit  fdcan.o
    0x08003482   0x08003482   0x00000006   PAD
    0x08003488   0x08003488   0x000000da   Code   RO           68    .text.HAL_FDCAN_MspInit  fdcan.o
    0x08003562   0x08003562   0x00000006   PAD
    0x08003568   0x08003568   0x00000002   Code   RO         1674    .text.HAL_FDCAN_RxBufferNewMessageCallback  stm32h7xx_hal_fdcan.o
    0x0800356a   0x0800356a   0x00000006   PAD
    0x08003570   0x08003570   0x0000005c   Code   RO         2559    .text.HAL_FDCAN_RxFifo0Callback  can_callback.o
    0x080035cc   0x080035cc   0x00000004   PAD
    0x080035d0   0x080035d0   0x00000002   Code   RO         1668    .text.HAL_FDCAN_RxFifo1Callback  stm32h7xx_hal_fdcan.o
    0x080035d2   0x080035d2   0x00000006   PAD
    0x080035d8   0x080035d8   0x00000034   Code   RO         1568    .text.HAL_FDCAN_Start  stm32h7xx_hal_fdcan.o
    0x0800360c   0x0800360c   0x00000004   PAD
    0x08003610   0x08003610   0x00000382   Code   RO         1506    .text.HAL_FDCAN_Stop  stm32h7xx_hal_fdcan.o
    0x08003992   0x08003992   0x00000006   PAD
    0x08003998   0x08003998   0x00000002   Code   RO         1688    .text.HAL_FDCAN_TT_GlobalTimeCallback  stm32h7xx_hal_fdcan.o
    0x0800399a   0x0800399a   0x00000006   PAD
    0x080039a0   0x080039a0   0x00000002   Code   RO         1682    .text.HAL_FDCAN_TT_ScheduleSyncCallback  stm32h7xx_hal_fdcan.o
    0x080039a2   0x080039a2   0x00000006   PAD
    0x080039a8   0x080039a8   0x00000002   Code   RO         1686    .text.HAL_FDCAN_TT_StopWatchCallback  stm32h7xx_hal_fdcan.o
    0x080039aa   0x080039aa   0x00000006   PAD
    0x080039b0   0x080039b0   0x00000002   Code   RO         1684    .text.HAL_FDCAN_TT_TimeMarkCallback  stm32h7xx_hal_fdcan.o
    0x080039b2   0x080039b2   0x00000006   PAD
    0x080039b8   0x080039b8   0x00000002   Code   RO         1678    .text.HAL_FDCAN_TimeoutOccurredCallback  stm32h7xx_hal_fdcan.o
    0x080039ba   0x080039ba   0x00000006   PAD
    0x080039c0   0x080039c0   0x00000002   Code   RO         1676    .text.HAL_FDCAN_TimestampWraparoundCallback  stm32h7xx_hal_fdcan.o
    0x080039c2   0x080039c2   0x00000006   PAD
    0x080039c8   0x080039c8   0x00000002   Code   RO         1660    .text.HAL_FDCAN_TxBufferAbortCallback  stm32h7xx_hal_fdcan.o
    0x080039ca   0x080039ca   0x00000006   PAD
    0x080039d0   0x080039d0   0x00000002   Code   RO         1672    .text.HAL_FDCAN_TxBufferCompleteCallback  stm32h7xx_hal_fdcan.o
    0x080039d2   0x080039d2   0x00000006   PAD
    0x080039d8   0x080039d8   0x00000002   Code   RO         1664    .text.HAL_FDCAN_TxEventFifoCallback  stm32h7xx_hal_fdcan.o
    0x080039da   0x080039da   0x00000006   PAD
    0x080039e0   0x080039e0   0x00000002   Code   RO         1670    .text.HAL_FDCAN_TxFifoEmptyCallback  stm32h7xx_hal_fdcan.o
    0x080039e2   0x080039e2   0x00000006   PAD
    0x080039e8   0x080039e8   0x0000011c   Code   RO          844    .text.HAL_GPIO_DeInit  stm32h7xx_hal_gpio.o
    0x08003b04   0x08003b04   0x00000004   PAD
    0x08003b08   0x08003b08   0x000001e2   Code   RO          842    .text.HAL_GPIO_Init  stm32h7xx_hal_gpio.o
    0x08003cea   0x08003cea   0x00000006   PAD
    0x08003cf0   0x08003cf0   0x0000000c   Code   RO         1194    .text.HAL_GetTick   stm32h7xx_hal.o
    0x08003cfc   0x08003cfc   0x00000004   PAD
    0x08003d00   0x08003d00   0x0000001a   Code   RO         1192    .text.HAL_IncTick   stm32h7xx_hal.o
    0x08003d1a   0x08003d1a   0x00000006   PAD
    0x08003d20   0x08003d20   0x00000064   Code   RO         1182    .text.HAL_Init      stm32h7xx_hal.o
    0x08003d84   0x08003d84   0x00000004   PAD
    0x08003d88   0x08003d88   0x000000a8   Code   RO          137    .text.HAL_InitTick  stm32h7xx_hal_timebase_tim.o
    0x08003e30   0x08003e30   0x0000005e   Code   RO         1152    .text.HAL_MPU_ConfigRegion  stm32h7xx_hal_cortex.o
    0x08003e8e   0x08003e8e   0x00000002   PAD
    0x08003e90   0x08003e90   0x0000001a   Code   RO         1144    .text.HAL_MPU_Disable  stm32h7xx_hal_cortex.o
    0x08003eaa   0x08003eaa   0x00000006   PAD
    0x08003eb0   0x08003eb0   0x00000020   Code   RO         1146    .text.HAL_MPU_Enable  stm32h7xx_hal_cortex.o
    0x08003ed0   0x08003ed0   0x0000002a   Code   RO          128    .text.HAL_MspInit   stm32h7xx_hal_msp.o
    0x08003efa   0x08003efa   0x00000006   PAD
    0x08003f00   0x08003f00   0x0000002a   Code   RO         1136    .text.HAL_NVIC_DisableIRQ  stm32h7xx_hal_cortex.o
    0x08003f2a   0x08003f2a   0x00000006   PAD
    0x08003f30   0x08003f30   0x00000022   Code   RO         1134    .text.HAL_NVIC_EnableIRQ  stm32h7xx_hal_cortex.o
    0x08003f52   0x08003f52   0x00000006   PAD
    0x08003f58   0x08003f58   0x0000005a   Code   RO         1132    .text.HAL_NVIC_SetPriority  stm32h7xx_hal_cortex.o
    0x08003fb2   0x08003fb2   0x00000006   PAD
    0x08003fb8   0x08003fb8   0x00000020   Code   RO         1130    .text.HAL_NVIC_SetPriorityGrouping  stm32h7xx_hal_cortex.o
    0x08003fd8   0x08003fd8   0x00000004   Code   RO         1138    .text.HAL_NVIC_SystemReset  stm32h7xx_hal_cortex.o
    0x08003fdc   0x08003fdc   0x00000004   PAD
    0x08003fe0   0x08003fe0   0x00000002   Code   RO          575    .text.HAL_PCDEx_LPM_Callback  stm32h7xx_hal_pcd_ex.o
    0x08003fe2   0x08003fe2   0x00000006   PAD
    0x08003fe8   0x08003fe8   0x00000008   Code   RO         2738    .text.HAL_PCD_ConnectCallback  usbd_conf.o
    0x08003ff0   0x08003ff0   0x00000012   Code   RO         2724    .text.HAL_PCD_DataInStageCallback  usbd_conf.o
    0x08004002   0x08004002   0x00000006   PAD
    0x08004008   0x08004008   0x00000014   Code   RO         2722    .text.HAL_PCD_DataOutStageCallback  usbd_conf.o
    0x0800401c   0x0800401c   0x00000004   PAD
    0x08004020   0x08004020   0x00000008   Code   RO         2740    .text.HAL_PCD_DisconnectCallback  usbd_conf.o
    0x08004028   0x08004028   0x0000005e   Code   RO          539    .text.HAL_PCD_EP_ClrStall  stm32h7xx_hal_pcd.o
    0x08004086   0x08004086   0x00000002   PAD
    0x08004088   0x08004088   0x0000007e   Code   RO          527    .text.HAL_PCD_EP_Open  stm32h7xx_hal_pcd.o
    0x08004106   0x08004106   0x00000002   PAD
    0x08004108   0x08004108   0x00000038   Code   RO          531    .text.HAL_PCD_EP_Receive  stm32h7xx_hal_pcd.o
    0x08004140   0x08004140   0x0000006c   Code   RO          537    .text.HAL_PCD_EP_SetStall  stm32h7xx_hal_pcd.o
    0x080041ac   0x080041ac   0x00000004   PAD
    0x080041b0   0x080041b0   0x0000003c   Code   RO          535    .text.HAL_PCD_EP_Transmit  stm32h7xx_hal_pcd.o
    0x080041ec   0x080041ec   0x00000004   PAD
    0x080041f0   0x080041f0   0x00000a86   Code   RO          495    .text.HAL_PCD_IRQHandler  stm32h7xx_hal_pcd.o
    0x08004c76   0x08004c76   0x00000002   PAD
    0x08004c78   0x08004c78   0x00000008   Code   RO         2736    .text.HAL_PCD_ISOINIncompleteCallback  usbd_conf.o
    0x08004c80   0x08004c80   0x00000008   Code   RO         2734    .text.HAL_PCD_ISOOUTIncompleteCallback  usbd_conf.o
    0x08004c88   0x08004c88   0x0000002a   Code   RO         2728    .text.HAL_PCD_ResetCallback  usbd_conf.o
    0x08004cb2   0x08004cb2   0x00000006   PAD
    0x08004cb8   0x08004cb8   0x00000008   Code   RO         2732    .text.HAL_PCD_ResumeCallback  usbd_conf.o
    0x08004cc0   0x08004cc0   0x00000008   Code   RO         2726    .text.HAL_PCD_SOFCallback  usbd_conf.o
    0x08004cc8   0x08004cc8   0x00000028   Code   RO          525    .text.HAL_PCD_SetAddress  stm32h7xx_hal_pcd.o
    0x08004cf0   0x08004cf0   0x0000000e   Code   RO         2720    .text.HAL_PCD_SetupStageCallback  usbd_conf.o
    0x08004cfe   0x08004cfe   0x00000002   PAD
    0x08004d00   0x08004d00   0x00000034   Code   RO         2730    .text.HAL_PCD_SuspendCallback  usbd_conf.o
    0x08004d34   0x08004d34   0x00000004   PAD
    0x08004d38   0x08004d38   0x0000004c   Code   RO         1046    .text.HAL_PWREx_ConfigSupply  stm32h7xx_hal_pwr_ex.o
    0x08004d84   0x08004d84   0x00000004   PAD
    0x08004d88   0x08004d88   0x00000026   Code   RO          733    .text.HAL_RCCEx_GetD3PCLK1Freq  stm32h7xx_hal_rcc_ex.o
    0x08004dae   0x08004dae   0x00000002   PAD
    0x08004db0   0x08004db0   0x00000128   Code   RO          729    .text.HAL_RCCEx_GetPLL2ClockFreq  stm32h7xx_hal_rcc_ex.o
    0x08004ed8   0x08004ed8   0x00000128   Code   RO          731    .text.HAL_RCCEx_GetPLL3ClockFreq  stm32h7xx_hal_rcc_ex.o
    0x08005000   0x08005000   0x00000a80   Code   RO          717    .text.HAL_RCCEx_PeriphCLKConfig  stm32h7xx_hal_rcc_ex.o
    0x08005a80   0x08005a80   0x00000254   Code   RO          685    .text.HAL_RCC_ClockConfig  stm32h7xx_hal_rcc.o
    0x08005cd4   0x08005cd4   0x00000004   PAD
    0x08005cd8   0x08005cd8   0x00000058   Code   RO          703    .text.HAL_RCC_GetClockConfig  stm32h7xx_hal_rcc.o
    0x08005d30   0x08005d30   0x0000004c   Code   RO          695    .text.HAL_RCC_GetHCLKFreq  stm32h7xx_hal_rcc.o
    0x08005d7c   0x08005d7c   0x00000004   PAD
    0x08005d80   0x08005d80   0x00000060   Code   RO          697    .text.HAL_RCC_GetPCLK1Freq  stm32h7xx_hal_rcc.o
    0x08005de0   0x08005de0   0x00000060   Code   RO          699    .text.HAL_RCC_GetPCLK2Freq  stm32h7xx_hal_rcc.o
    0x08005e40   0x08005e40   0x0000011c   Code   RO          687    .text.HAL_RCC_GetSysClockFreq  stm32h7xx_hal_rcc.o
    0x08005f5c   0x08005f5c   0x00000004   PAD
    0x08005f60   0x08005f60   0x0000052c   Code   RO          683    .text.HAL_RCC_OscConfig  stm32h7xx_hal_rcc.o
    0x0800648c   0x0800648c   0x00000004   PAD
    0x08006490   0x08006490   0x00000002   Code   RO          469    .text.HAL_TIMEx_Break2Callback  stm32h7xx_hal_tim_ex.o
    0x08006492   0x08006492   0x00000006   PAD
    0x08006498   0x08006498   0x00000002   Code   RO          467    .text.HAL_TIMEx_BreakCallback  stm32h7xx_hal_tim_ex.o
    0x0800649a   0x0800649a   0x00000006   PAD
    0x080064a0   0x080064a0   0x00000002   Code   RO          463    .text.HAL_TIMEx_CommutCallback  stm32h7xx_hal_tim_ex.o
    0x080064a2   0x080064a2   0x00000006   PAD
    0x080064a8   0x080064a8   0x00000060   Code   RO          152    .text.HAL_TIM_Base_Init  stm32h7xx_hal_tim.o
    0x08006508   0x08006508   0x00000002   Code   RO          154    .text.HAL_TIM_Base_MspInit  stm32h7xx_hal_tim.o
    0x0800650a   0x0800650a   0x00000006   PAD
    0x08006510   0x08006510   0x000000dc   Code   RO          166    .text.HAL_TIM_Base_Start_IT  stm32h7xx_hal_tim.o
    0x080065ec   0x080065ec   0x00000004   PAD
    0x080065f0   0x080065f0   0x00000002   Code   RO          288    .text.HAL_TIM_IC_CaptureCallback  stm32h7xx_hal_tim.o
    0x080065f2   0x080065f2   0x00000006   PAD
    0x080065f8   0x080065f8   0x0000016c   Code   RO          286    .text.HAL_TIM_IRQHandler  stm32h7xx_hal_tim.o
    0x08006764   0x08006764   0x00000004   PAD
    0x08006768   0x08006768   0x00000002   Code   RO          290    .text.HAL_TIM_OC_DelayElapsedCallback  stm32h7xx_hal_tim.o
    0x0800676a   0x0800676a   0x00000006   PAD
    0x08006770   0x08006770   0x00000002   Code   RO          292    .text.HAL_TIM_PWM_PulseFinishedCallback  stm32h7xx_hal_tim.o
    0x08006772   0x08006772   0x00000006   PAD
    0x08006778   0x08006778   0x00000014   Code   RO           17    .text.HAL_TIM_PeriodElapsedCallback  main.o
    0x0800678c   0x0800678c   0x00000004   PAD
    0x08006790   0x08006790   0x00000002   Code   RO          296    .text.HAL_TIM_TriggerCallback  stm32h7xx_hal_tim.o
    0x08006792   0x08006792   0x00000006   PAD
    0x08006798   0x08006798   0x00000036   Code   RO         1869    .text.HAL_UARTEx_DisableFifoMode  stm32h7xx_hal_uart_ex.o
    0x080067ce   0x080067ce   0x00000002   PAD
    0x080067d0   0x080067d0   0x00000098   Code   RO         1879    .text.HAL_UARTEx_ReceiveToIdle_DMA  stm32h7xx_hal_uart_ex.o
    0x08006868   0x08006868   0x000000de   Code   RO         2507    .text.HAL_UARTEx_RxEventCallback  remote.o
    0x08006946   0x08006946   0x00000002   PAD
    0x08006948   0x08006948   0x00000002   Code   RO         1855    .text.HAL_UARTEx_RxFifoFullCallback  stm32h7xx_hal_uart_ex.o
    0x0800694a   0x0800694a   0x00000006   PAD
    0x08006950   0x08006950   0x0000008c   Code   RO         1873    .text.HAL_UARTEx_SetRxFifoThreshold  stm32h7xx_hal_uart_ex.o
    0x080069dc   0x080069dc   0x00000004   PAD
    0x080069e0   0x080069e0   0x00000002   Code   RO         1857    .text.HAL_UARTEx_TxFifoEmptyCallback  stm32h7xx_hal_uart_ex.o
    0x080069e2   0x080069e2   0x00000006   PAD
    0x080069e8   0x080069e8   0x00000002   Code   RO         1853    .text.HAL_UARTEx_WakeupCallback  stm32h7xx_hal_uart_ex.o
    0x080069ea   0x080069ea   0x00000006   PAD
    0x080069f0   0x080069f0   0x00000192   Code   RO         1768    .text.HAL_UART_AbortReceive  stm32h7xx_hal_uart.o
    0x08006b82   0x08006b82   0x00000006   PAD
    0x08006b88   0x08006b88   0x0000004c   Code   RO         2505    .text.HAL_UART_ErrorCallback  remote.o
    0x08006bd4   0x08006bd4   0x00000004   PAD
    0x08006bd8   0x08006bd8   0x0000068a   Code   RO         1790    .text.HAL_UART_IRQHandler  stm32h7xx_hal_uart.o
    0x08007262   0x08007262   0x00000006   PAD
    0x08007268   0x08007268   0x00000064   Code   RO         1706    .text.HAL_UART_Init  stm32h7xx_hal_uart.o
    0x080072cc   0x080072cc   0x00000004   PAD
    0x080072d0   0x080072d0   0x000000c2   Code   RO           83    .text.HAL_UART_MspInit  usart.o
    0x08007392   0x08007392   0x00000006   PAD
    0x08007398   0x08007398   0x00000002   Code   RO         1802    .text.HAL_UART_RxCpltCallback  stm32h7xx_hal_uart.o
    0x0800739a   0x0800739a   0x00000006   PAD
    0x080073a0   0x080073a0   0x00000002   Code   RO         1804    .text.HAL_UART_RxHalfCpltCallback  stm32h7xx_hal_uart.o
    0x080073a2   0x080073a2   0x00000006   PAD
    0x080073a8   0x080073a8   0x00000002   Code   RO         1798    .text.HAL_UART_TxCpltCallback  stm32h7xx_hal_uart.o
    0x080073aa   0x080073aa   0x00000006   PAD
    0x080073b0   0x080073b0   0x00000002   Code   RO           99    .text.HardFault_Handler  stm32h7xx_it.o
    0x080073b2   0x080073b2   0x00000006   PAD
    0x080073b8   0x080073b8   0x00000034   Code   RO           28    .text.MX_DMA_Init   dma.o
    0x080073ec   0x080073ec   0x00000004   PAD
    0x080073f0   0x080073f0   0x000000aa   Code   RO           66    .text.MX_FDCAN3_Init  fdcan.o
    0x0800749a   0x0800749a   0x00000006   PAD
    0x080074a0   0x080074a0   0x00000054   Code   RO           45    .text.MX_FREERTOS_Init  freertos.o
    0x080074f4   0x080074f4   0x00000004   PAD
    0x080074f8   0x080074f8   0x00000044   Code   RO           37    .text.MX_GPIO_Init  gpio.o
    0x0800753c   0x0800753c   0x00000004   PAD
    0x08007540   0x08007540   0x00000074   Code   RO           81    .text.MX_UART5_Init  usart.o
    0x080075b4   0x080075b4   0x00000004   PAD
    0x080075b8   0x080075b8   0x00000002   Code   RO          101    .text.MemManage_Handler  stm32h7xx_it.o
    0x080075ba   0x080075ba   0x00000006   PAD
    0x080075c0   0x080075c0   0x00000002   Code   RO           97    .text.NMI_Handler   stm32h7xx_it.o
    0x080075c2   0x080075c2   0x00000006   PAD
    0x080075c8   0x080075c8   0x0000000c   Code   RO          113    .text.OTG_HS_IRQHandler  stm32h7xx_it.o
    0x080075d4   0x080075d4   0x0000000c   PAD
    0x080075e0   0x080075e0   0x00000064   Code   RO         1928    .text.PendSV_Handler  port.o
    0x08007644   0x08007644   0x00000004   PAD
    0x08007648   0x08007648   0x00000122   Code   RO          719    .text.RCCEx_PLL2_Config  stm32h7xx_hal_rcc_ex.o
    0x0800776a   0x0800776a   0x00000006   PAD
    0x08007770   0x08007770   0x00000122   Code   RO          721    .text.RCCEx_PLL3_Config  stm32h7xx_hal_rcc_ex.o
    0x08007892   0x08007892   0x00000006   PAD
    0x08007898   0x08007898   0x00000046   Code   RO         2497    .text.Remote_Init   remote.o
    0x080078de   0x080078de   0x00000002   PAD
    0x080078e0   0x080078e0   0x00000128   Code   RO         2499    .text.Remote_StartReceive  remote.o
    0x08007a08   0x08007a08   0x00000008   PAD
    0x08007a10   0x08007a10   0x00000024   Code   RO         1912    .text.SVC_Handler   port.o
    0x08007a34   0x08007a34   0x00000004   PAD
    0x08007a38   0x08007a38   0x00000062   Code   RO         2621    .text.StartDefaultTask  task_start.o
    0x08007a9a   0x08007a9a   0x00000006   PAD
    0x08007aa0   0x08007aa0   0x0000001e   Code   RO         2310    .text.SysTick_Handler  cmsis_os2.o
    0x08007abe   0x08007abe   0x00000002   PAD
    0x08007ac0   0x08007ac0   0x000000c0   Code   RO           13    .text.SystemClock_Config  main.o
    0x08007b80   0x08007b80   0x000000d2   Code   RO         1892    .text.SystemInit    system_stm32h7xx.o
    0x08007c52   0x08007c52   0x00000006   PAD
    0x08007c58   0x08007c58   0x0000000c   Code   RO          111    .text.TIM6_DAC_IRQHandler  stm32h7xx_it.o
    0x08007c64   0x08007c64   0x00000004   PAD
    0x08007c68   0x08007c68   0x00000178   Code   RO          156    .text.TIM_Base_SetConfig  stm32h7xx_hal_tim.o
    0x08007de0   0x08007de0   0x0000000c   Code   RO          119    .text.UART5_IRQHandler  stm32h7xx_it.o
    0x08007dec   0x08007dec   0x00000004   PAD
    0x08007df0   0x08007df0   0x000000e0   Code   RO         1710    .text.UART_AdvFeatureConfig  stm32h7xx_hal_uart.o
    0x08007ed0   0x08007ed0   0x0000016e   Code   RO         1714    .text.UART_CheckIdleState  stm32h7xx_hal_uart.o
    0x0800803e   0x0800803e   0x00000002   PAD
    0x08008040   0x08008040   0x00000006   Code   RO         1792    .text.UART_DMAAbortOnError  stm32h7xx_hal_uart.o
    0x08008046   0x08008046   0x00000002   PAD
    0x08008048   0x08008048   0x000001ea   Code   RO         1752    .text.UART_DMAError  stm32h7xx_hal_uart.o
    0x08008232   0x08008232   0x00000006   PAD
    0x08008238   0x08008238   0x00000198   Code   RO         1836    .text.UART_DMAReceiveCplt  stm32h7xx_hal_uart.o
    0x080083d0   0x080083d0   0x00000038   Code   RO         1838    .text.UART_DMARxHalfCplt  stm32h7xx_hal_uart.o
    0x08008408   0x08008408   0x000004a0   Code   RO         1712    .text.UART_SetConfig  stm32h7xx_hal_uart.o
    0x080088a8   0x080088a8   0x00000154   Code   RO         1756    .text.UART_Start_Receive_DMA  stm32h7xx_hal_uart.o
    0x080089fc   0x080089fc   0x00000004   PAD
    0x08008a00   0x08008a00   0x00000358   Code   RO         1728    .text.UART_WaitOnFlagUntilTimeout  stm32h7xx_hal_uart.o
    0x08008d58   0x08008d58   0x00000012   Code   RO         2802    .text.USBD_ClrClassConfig  usbd_core.o
    0x08008d6a   0x08008d6a   0x00000006   PAD
    0x08008d70   0x08008d70   0x00000004   Code   RO         2810    .text.USBD_CoreFindEP  usbd_core.o
    0x08008d74   0x08008d74   0x00000004   PAD
    0x08008d78   0x08008d78   0x00000004   Code   RO         2808    .text.USBD_CoreFindIF  usbd_core.o
    0x08008d7c   0x08008d7c   0x00000004   PAD
    0x08008d80   0x08008d80   0x00000010   Code   RO         2871    .text.USBD_CtlContinueRx  usbd_ioreq.o
    0x08008d90   0x08008d90   0x00000010   Code   RO         2867    .text.USBD_CtlContinueSendData  usbd_ioreq.o
    0x08008da0   0x08008da0   0x00000016   Code   RO         2875    .text.USBD_CtlReceiveStatus  usbd_ioreq.o
    0x08008db6   0x08008db6   0x00000002   PAD
    0x08008db8   0x08008db8   0x0000001e   Code   RO         2865    .text.USBD_CtlSendData  usbd_ioreq.o
    0x08008dd6   0x08008dd6   0x00000002   PAD
    0x08008dd8   0x08008dd8   0x00000016   Code   RO         2873    .text.USBD_CtlSendStatus  usbd_ioreq.o
    0x08008dee   0x08008dee   0x00000002   PAD
    0x08008df0   0x08008df0   0x00000022   Code   RO         2760    .text.USBD_LL_ClearStallEP  usbd_conf.o
    0x08008e12   0x08008e12   0x00000006   PAD
    0x08008e18   0x08008e18   0x000000b8   Code   RO         2812    .text.USBD_LL_DataInStage  usbd_core.o
    0x08008ed0   0x08008ed0   0x0000007c   Code   RO         2806    .text.USBD_LL_DataOutStage  usbd_core.o
    0x08008f4c   0x08008f4c   0x00000004   PAD
    0x08008f50   0x08008f50   0x00000004   Code   RO         2828    .text.USBD_LL_DevConnected  usbd_core.o
    0x08008f54   0x08008f54   0x00000004   PAD
    0x08008f58   0x08008f58   0x00000020   Code   RO         2830    .text.USBD_LL_DevDisconnected  usbd_core.o
    0x08008f78   0x08008f78   0x0000002a   Code   RO         2762    .text.USBD_LL_IsStallEP  usbd_conf.o
    0x08008fa2   0x08008fa2   0x00000006   PAD
    0x08008fa8   0x08008fa8   0x0000002c   Code   RO         2824    .text.USBD_LL_IsoINIncomplete  usbd_core.o
    0x08008fd4   0x08008fd4   0x00000004   PAD
    0x08008fd8   0x08008fd8   0x0000002c   Code   RO         2826    .text.USBD_LL_IsoOUTIncomplete  usbd_core.o
    0x08009004   0x08009004   0x00000004   PAD
    0x08009008   0x08009008   0x00000028   Code   RO         2752    .text.USBD_LL_OpenEP  usbd_conf.o
    0x08009030   0x08009030   0x00000022   Code   RO         2768    .text.USBD_LL_PrepareReceive  usbd_conf.o
    0x08009052   0x08009052   0x00000006   PAD
    0x08009058   0x08009058   0x00000062   Code   RO         2814    .text.USBD_LL_Reset  usbd_core.o
    0x080090ba   0x080090ba   0x00000006   PAD
    0x080090c0   0x080090c0   0x00000014   Code   RO         2820    .text.USBD_LL_Resume  usbd_core.o
    0x080090d4   0x080090d4   0x00000004   PAD
    0x080090d8   0x080090d8   0x0000001e   Code   RO         2822    .text.USBD_LL_SOF   usbd_core.o
    0x080090f6   0x080090f6   0x00000002   PAD
    0x080090f8   0x080090f8   0x00000008   Code   RO         2816    .text.USBD_LL_SetSpeed  usbd_core.o
    0x08009100   0x08009100   0x00000022   Code   RO         2764    .text.USBD_LL_SetUSBAddress  usbd_conf.o
    0x08009122   0x08009122   0x00000006   PAD
    0x08009128   0x08009128   0x00000062   Code   RO         2804    .text.USBD_LL_SetupStage  usbd_core.o
    0x0800918a   0x0800918a   0x00000006   PAD
    0x08009190   0x08009190   0x00000022   Code   RO         2758    .text.USBD_LL_StallEP  usbd_conf.o
    0x080091b2   0x080091b2   0x00000006   PAD
    0x080091b8   0x080091b8   0x0000001c   Code   RO         2818    .text.USBD_LL_Suspend  usbd_core.o
    0x080091d4   0x080091d4   0x00000004   PAD
    0x080091d8   0x080091d8   0x00000022   Code   RO         2766    .text.USBD_LL_Transmit  usbd_conf.o
    0x080091fa   0x080091fa   0x00000006   PAD
    0x08009200   0x08009200   0x00000016   Code   RO         2852    .text.USBD_ParseSetupRequest  usbd_ctlreq.o
    0x08009216   0x08009216   0x00000002   PAD
    0x08009218   0x08009218   0x00000010   Code   RO         2800    .text.USBD_SetClassConfig  usbd_core.o
    0x08009228   0x08009228   0x00000382   Code   RO         2844    .text.USBD_StdDevReq  usbd_ctlreq.o
    0x080095aa   0x080095aa   0x00000006   PAD
    0x080095b0   0x080095b0   0x00000160   Code   RO         2850    .text.USBD_StdEPReq  usbd_ctlreq.o
    0x08009710   0x08009710   0x00000070   Code   RO         2848    .text.USBD_StdItfReq  usbd_ctlreq.o
    0x08009780   0x08009780   0x00000086   Code   RO          607    .text.USB_ActivateEndpoint  stm32h7xx_ll_usb.o
    0x08009806   0x08009806   0x00000002   PAD
    0x08009808   0x08009808   0x00000020   Code   RO          649    .text.USB_ActivateSetup  stm32h7xx_ll_usb.o
    0x08009828   0x08009828   0x0000005a   Code   RO          651    .text.USB_EP0_OutStart  stm32h7xx_ll_usb.o
    0x08009882   0x08009882   0x00000006   PAD
    0x08009888   0x08009888   0x00000052   Code   RO          623    .text.USB_EPClearStall  stm32h7xx_ll_usb.o
    0x080098da   0x080098da   0x00000006   PAD
    0x080098e0   0x080098e0   0x00000040   Code   RO          621    .text.USB_EPSetStall  stm32h7xx_ll_usb.o
    0x08009920   0x08009920   0x00000242   Code   RO          615    .text.USB_EPStartXfer  stm32h7xx_ll_usb.o
    0x08009b62   0x08009b62   0x00000006   PAD
    0x08009b68   0x08009b68   0x00000236   Code   RO          619    .text.USB_EPStopXfer  stm32h7xx_ll_usb.o
    0x08009d9e   0x08009d9e   0x00000002   PAD
    0x08009da0   0x08009da0   0x000000be   Code   RO          601    .text.USB_FlushTxFifo  stm32h7xx_ll_usb.o
    0x08009e5e   0x08009e5e   0x00000002   PAD
    0x08009e60   0x08009e60   0x0000001a   Code   RO          605    .text.USB_GetDevSpeed  stm32h7xx_ll_usb.o
    0x08009e7a   0x08009e7a   0x00000006   PAD
    0x08009e80   0x08009e80   0x00000008   Code   RO          595    .text.USB_GetMode   stm32h7xx_ll_usb.o
    0x08009e88   0x08009e88   0x0000000e   Code   RO          641    .text.USB_ReadDevAllInEpInterrupt  stm32h7xx_ll_usb.o
    0x08009e96   0x08009e96   0x00000002   PAD
    0x08009e98   0x08009e98   0x0000000e   Code   RO          639    .text.USB_ReadDevAllOutEpInterrupt  stm32h7xx_ll_usb.o
    0x08009ea6   0x08009ea6   0x00000002   PAD
    0x08009ea8   0x08009ea8   0x00000024   Code   RO          645    .text.USB_ReadDevInEPInterrupt  stm32h7xx_ll_usb.o
    0x08009ecc   0x08009ecc   0x00000004   PAD
    0x08009ed0   0x08009ed0   0x00000010   Code   RO          643    .text.USB_ReadDevOutEPInterrupt  stm32h7xx_ll_usb.o
    0x08009ee0   0x08009ee0   0x00000008   Code   RO          635    .text.USB_ReadInterrupts  stm32h7xx_ll_usb.o
    0x08009ee8   0x08009ee8   0x000000ae   Code   RO          625    .text.USB_ReadPacket  stm32h7xx_ll_usb.o
    0x08009f96   0x08009f96   0x00000002   PAD
    0x08009f98   0x08009f98   0x00000022   Code   RO          629    .text.USB_SetDevAddress  stm32h7xx_ll_usb.o
    0x08009fba   0x08009fba   0x00000006   PAD
    0x08009fc0   0x08009fc0   0x00000118   Code   RO          587    .text.USB_SetTurnaroundTime  stm32h7xx_ll_usb.o
    0x0800a0d8   0x0800a0d8   0x00000078   Code   RO          617    .text.USB_WritePacket  stm32h7xx_ll_usb.o
    0x0800a150   0x0800a150   0x00000002   Code   RO          105    .text.UsageFault_Handler  stm32h7xx_it.o
    0x0800a152   0x0800a152   0x00000006   PAD
    0x0800a158   0x0800a158   0x0000032a   Code   RO         2630    .text._GLOBAL__sub_I_variables.cpp  variables.o
    0x0800a482   0x0800a482   0x00000006   PAD
    0x0800a488   0x0800a488   0x00000204   Code   RO         2575    .text._ZN5Joint10LoadTargetEv  roboarm.o
    0x0800a68c   0x0800a68c   0x00000004   PAD
    0x0800a690   0x0800a690   0x00000100   Code   RO         2571    .text._ZN5Joint10UpdateInfoEPKh  roboarm.o
    0x0800a790   0x0800a790   0x00000014   Code   RO         2549    .text._ZN7Bsp_CAN8TransmitEjPKhh  bsp_can.o
    0x0800a7a4   0x0800a7a4   0x00000004   PAD
    0x0800a7a8   0x0800a7a8   0x0000009e   Code   RO         2519    .text._ZN8Motor_DM6UpdateEPKh  motor_dm.o
    0x0800a846   0x0800a846   0x00000002   PAD
    0x0800a848   0x0800a848   0x00000050   Code   RO         2545    .text._ZNK7Bsp_CAN12FilterConfigEb  bsp_can.o
    0x0800a898   0x0800a898   0x0000002e   Code   RO         2527    .text._ZNK8Motor_DM4CtrlEN10Motor_DM_N12order_byte_eE  motor_dm.o
    0x0800a8c6   0x0800a8c6   0x00000002   PAD
    0x0800a8c8   0x0800a8c8   0x00000098   Code   RO         2521    .text._ZNK8Motor_DM4CtrlEffttf  motor_dm.o
    0x0800a960   0x0800a960   0x0000002a   Code   RO         1140    .text.__NVIC_SystemReset  stm32h7xx_hal_cortex.o
    0x0800a98a   0x0800a98a   0x00000006   PAD
    0x0800a990   0x0800a990   0x000000ae   Code   RO         2151    .text.eTaskGetState  tasks.o
    0x0800aa3e   0x0800aa3e   0x00000002   PAD
    0x0800aa40   0x0800aa40   0x00000052   Code   RO           11    .text.main          main.o
    0x0800aa92   0x0800aa92   0x00000006   PAD
    0x0800aa98   0x0800aa98   0x0000003c   Code   RO         2370    .text.osDelay       cmsis_os2.o
    0x0800aad4   0x0800aad4   0x00000004   PAD
    0x0800aad8   0x0800aad8   0x00000050   Code   RO         2312    .text.osKernelInitialize  cmsis_os2.o
    0x0800ab28   0x0800ab28   0x00000060   Code   RO         2318    .text.osKernelStart  cmsis_os2.o
    0x0800ab88   0x0800ab88   0x000001ce   Code   RO         2368    .text.osThreadFlagsWait  cmsis_os2.o
    0x0800ad56   0x0800ad56   0x00000002   PAD
    0x0800ad58   0x0800ad58   0x000000e6   Code   RO         2334    .text.osThreadNew   cmsis_os2.o
    0x0800ae3e   0x0800ae3e   0x00000002   PAD
    0x0800ae40   0x0800ae40   0x00000042   Code   RO         2350    .text.osThreadSuspend  cmsis_os2.o
    0x0800ae82   0x0800ae82   0x00000006   PAD
    0x0800ae88   0x0800ae88   0x00000052   Code   RO         2356    .text.osThreadTerminate  cmsis_os2.o
    0x0800aeda   0x0800aeda   0x00000006   PAD
    0x0800aee0   0x0800aee0   0x000002b0   Code   RO         2137    .text.prvAddNewTaskToReadyList  tasks.o
    0x0800b190   0x0800b190   0x00000086   Code   RO         2169    .text.prvIdleTask   tasks.o
    0x0800b216   0x0800b216   0x00000002   PAD
    0x0800b218   0x0800b218   0x00000100   Code   RO         2135    .text.prvInitialiseNewTask  tasks.o
    0x0800b318   0x0800b318   0x00000028   Code   RO         1920    .text.prvPortStartFirstTask  port.o
    0x0800b340   0x0800b340   0x00000040   Code   RO         1910    .text.prvTaskExitError  port.o
    0x0800b380   0x0800b380   0x0000032e   Code   RO         2258    .text.prvTimerTask  timers.o
    0x0800b6ae   0x0800b6ae   0x00000002   PAD
    0x0800b6b0   0x0800b6b0   0x0000007a   Code   RO         2030    .text.prvUnlockQueue  queue.o
    0x0800b72a   0x0800b72a   0x00000006   PAD
    0x0800b730   0x0800b730   0x000001f4   Code   RO         2473    .text.pvPortMalloc  heap_4.o
    0x0800b924   0x0800b924   0x00000004   PAD
    0x0800b928   0x0800b928   0x0000002c   Code   RO         1908    .text.pxPortInitialiseStack  port.o
    0x0800b954   0x0800b954   0x00000004   PAD
    0x0800b958   0x0800b958   0x0000013c   Code   RO         2612    .text.roboARM_task  task_robo_arm.o
    0x0800ba94   0x0800ba94   0x00000004   PAD
    0x0800ba98   0x0800ba98   0x00000022   Code   RO         1992    .text.uxListRemove  list.o
    0x0800baba   0x0800baba   0x00000006   PAD
    0x0800bac0   0x0800bac0   0x0000001a   Code   RO         2456    .text.vApplicationGetIdleTaskMemory  cmsis_os2.o
    0x0800bada   0x0800bada   0x00000006   PAD
    0x0800bae0   0x0800bae0   0x0000001c   Code   RO         2458    .text.vApplicationGetTimerTaskMemory  cmsis_os2.o
    0x0800bafc   0x0800bafc   0x00000004   PAD
    0x0800bb00   0x0800bb00   0x00000016   Code   RO         1984    .text.vListInitialise  list.o
    0x0800bb16   0x0800bb16   0x00000002   PAD
    0x0800bb18   0x0800bb18   0x00000006   Code   RO         1986    .text.vListInitialiseItem  list.o
    0x0800bb1e   0x0800bb1e   0x00000002   PAD
    0x0800bb20   0x0800bb20   0x00000062   Code   RO         1990    .text.vListInsert   list.o
    0x0800bb82   0x0800bb82   0x00000006   PAD
    0x0800bb88   0x0800bb88   0x0000001a   Code   RO         1988    .text.vListInsertEnd  list.o
    0x0800bba2   0x0800bba2   0x00000006   PAD
    0x0800bba8   0x0800bba8   0x00000014   Code   RO         1918    .text.vPortEnableVFP  port.o
    0x0800bbbc   0x0800bbbc   0x00000004   PAD
    0x0800bbc0   0x0800bbc0   0x0000004a   Code   RO         1924    .text.vPortEnterCritical  port.o
    0x0800bc0a   0x0800bc0a   0x00000006   PAD
    0x0800bc10   0x0800bc10   0x0000002e   Code   RO         1926    .text.vPortExitCritical  port.o
    0x0800bc3e   0x0800bc3e   0x00000002   PAD
    0x0800bc40   0x0800bc40   0x000000dc   Code   RO         2475    .text.vPortFree     heap_4.o
    0x0800bd1c   0x0800bd1c   0x00000004   PAD
    0x0800bd20   0x0800bd20   0x00000034   Code   RO         1916    .text.vPortSetupTimerInterrupt  port.o
    0x0800bd54   0x0800bd54   0x00000004   PAD
    0x0800bd58   0x0800bd58   0x0000016a   Code   RO         2068    .text.vQueueAddToRegistry  queue.o
    0x0800bec2   0x0800bec2   0x00000006   PAD
    0x0800bec8   0x0800bec8   0x00000064   Code   RO         2072    .text.vQueueWaitForMessageRestricted  queue.o
    0x0800bf2c   0x0800bf2c   0x00000004   PAD
    0x0800bf30   0x0800bf30   0x00000096   Code   RO         2149    .text.vTaskDelay    tasks.o
    0x0800bfc6   0x0800bfc6   0x00000002   PAD
    0x0800bfc8   0x0800bfc8   0x000000ee   Code   RO         2141    .text.vTaskDelete   tasks.o
    0x0800c0b6   0x0800c0b6   0x00000002   PAD
    0x0800c0b8   0x0800c0b8   0x00000012   Code   RO         2201    .text.vTaskInternalSetTimeOutState  tasks.o
    0x0800c0ca   0x0800c0ca   0x00000006   PAD
    0x0800c0d0   0x0800c0d0   0x0000000e   Code   RO         2205    .text.vTaskMissedYield  tasks.o
    0x0800c0de   0x0800c0de   0x00000002   PAD
    0x0800c0e0   0x0800c0e0   0x0000009a   Code   RO         2189    .text.vTaskPlaceOnEventList  tasks.o
    0x0800c17a   0x0800c17a   0x00000006   PAD
    0x0800c180   0x0800c180   0x000000b6   Code   RO         2193    .text.vTaskPlaceOnEventListRestricted  tasks.o
    0x0800c236   0x0800c236   0x00000002   PAD
    0x0800c238   0x0800c238   0x00000104   Code   RO         2167    .text.vTaskStartScheduler  tasks.o
    0x0800c33c   0x0800c33c   0x00000004   PAD
    0x0800c340   0x0800c340   0x0000016c   Code   RO         2159    .text.vTaskSuspend  tasks.o
    0x0800c4ac   0x0800c4ac   0x00000004   PAD
    0x0800c4b0   0x0800c4b0   0x00000010   Code   RO         2145    .text.vTaskSuspendAll  tasks.o
    0x0800c4c0   0x0800c4c0   0x000000c4   Code   RO         2161    .text.vTaskSwitchContext  tasks.o
    0x0800c584   0x0800c584   0x00000004   PAD
    0x0800c588   0x0800c588   0x000001ba   Code   RO         1914    .text.xPortStartScheduler  port.o
    0x0800c742   0x0800c742   0x00000006   PAD
    0x0800c748   0x0800c748   0x0000002e   Code   RO         1930    .text.xPortSysTickHandler  port.o
    0x0800c776   0x0800c776   0x00000002   PAD
    0x0800c778   0x0800c778   0x000000d2   Code   RO         2004    .text.xQueueGenericCreateStatic  queue.o
    0x0800c84a   0x0800c84a   0x00000006   PAD
    0x0800c850   0x0800c850   0x0000023e   Code   RO         2036    .text.xQueueReceive  queue.o
    0x0800ca8e   0x0800ca8e   0x00000002   PAD
    0x0800ca90   0x0800ca90   0x0000009a   Code   RO         2203    .text.xTaskCheckForTimeOut  tasks.o
    0x0800cb2a   0x0800cb2a   0x00000006   PAD
    0x0800cb30   0x0800cb30   0x00000060   Code   RO         2139    .text.xTaskCreate   tasks.o
    0x0800cb90   0x0800cb90   0x00000096   Code   RO         2133    .text.xTaskCreateStatic  tasks.o
    0x0800cc26   0x0800cc26   0x00000002   PAD
    0x0800cc28   0x0800cc28   0x00000122   Code   RO         2231    .text.xTaskGenericNotifyWait  tasks.o
    0x0800cd4a   0x0800cd4a   0x00000006   PAD
    0x0800cd50   0x0800cd50   0x0000001c   Code   RO         2217    .text.xTaskGetSchedulerState  tasks.o
    0x0800cd6c   0x0800cd6c   0x00000004   PAD
    0x0800cd70   0x0800cd70   0x0000000c   Code   RO         2175    .text.xTaskGetTickCount  tasks.o
    0x0800cd7c   0x0800cd7c   0x00000004   PAD
    0x0800cd80   0x0800cd80   0x0000017a   Code   RO         2173    .text.xTaskIncrementTick  tasks.o
    0x0800cefa   0x0800cefa   0x00000006   PAD
    0x0800cf00   0x0800cf00   0x000000e8   Code   RO         2195    .text.xTaskRemoveFromEventList  tasks.o
    0x0800cfe8   0x0800cfe8   0x0000013e   Code   RO         2147    .text.xTaskResumeAll  tasks.o
    0x0800d126   0x0800d126   0x00000002   PAD
    0x0800d128   0x0800d128   0x000000b4   Code   RO         2256    .text.xTimerCreateTimerTask  timers.o
    0x0800d1dc   0x0800d1dc   0x000000b0   Code   RO         2951    i.__hardfp_fmodf    m_wv.l(fmodf.o)
    0x0800d28c   0x0800d28c   0x00000010   Code   RO         3023    i.__mathlib_flt_invalid  m_wv.l(funder.o)
    0x0800d29c   0x0800d29c   0x0000008c   Code   RO         3058    x$fpl$fnaninf       fz_wv.l(fnaninf.o)
    0x0800d328   0x0800d328   0x0000001a   Code   RO         3060    x$fpl$fpinit        fz_wv.l(fpinit.o)
    0x0800d342   0x0800d342   0x00000002   PAD
    0x0800d344   0x0800d344   0x000000f4   Code   RO         3017    x$fpl$frem          fz_wv.l(frem_clz.o)
    0x0800d438   0x0800d438   0x00000000   Code   RO         3019    x$fpl$usenofp       fz_wv.l(usenofp.o)
    0x0800d438   0x0800d438   0x0000004c   Data   RO         1696    .rodata..L__const.HAL_FDCAN_Init.CvtEltSize  stm32h7xx_hal_fdcan.o
    0x0800d484   0x0800d484   0x00000006   Data   RO         1841    .rodata..Lswitch.table.UART_SetConfig.7  stm32h7xx_hal_uart.o
    0x0800d48a   0x0800d48a   0x00000006   Data   RO         1842    .rodata..Lswitch.table.UART_SetConfig.9  stm32h7xx_hal_uart.o
    0x0800d490   0x0800d490   0x00000010   Data   RO         1898    .rodata.D1CorePrescTable  system_stm32h7xx.o
    0x0800d4a0   0x0800d4a0   0x00000024   Data   RO           55    .rodata.Error_attributes  freertos.o
    0x0800d4c4   0x0800d4c4   0x00000018   Data   RO         1840    .rodata.UARTPrescTable  stm32h7xx_hal_uart.o
    0x0800d4dc   0x0800d4dc   0x00000018   Data   RO         2643    .rodata._ZL6dm3507  variables.o
    0x0800d4f4   0x0800d4f4   0x00000018   Data   RO         2640    .rodata._ZL6dm4310  variables.o
    0x0800d50c   0x0800d50c   0x00000018   Data   RO         2638    .rodata._ZL7dm4310p  variables.o
    0x0800d524   0x0800d524   0x00000018   Data   RO         2636    .rodata._ZL7dm4340p  variables.o
    0x0800d53c   0x0800d53c   0x00000018   Data   RO         2633    .rodata._ZL7dm8009p  variables.o
    0x0800d554   0x0800d554   0x00000010   Data   RO         1697    .rodata.cst16       stm32h7xx_hal_fdcan.o
    0x0800d564   0x0800d564   0x00000010   Data   RO         1883    .rodata.cst8        stm32h7xx_hal_uart_ex.o
    0x0800d574   0x0800d574   0x00000024   Data   RO           54    .rodata.defaultTask_attributes  freertos.o
    0x0800d598   0x0800d598   0x00000024   Data   RO           56    .rodata.roboARM_attributes  freertos.o
    0x0800d5bc   0x0800d5bc   0x0000001a   Data   RO           53    .rodata.str1.1      freertos.o
    0x0800d5d6   0x0800d5d6   0x00000005   Data   RO         2300    .rodata.str1.1      timers.o
    0x0800d5db   0x0800d5db   0x00000001   PAD
    0x0800d5dc   0x0800d5dc   0x00000004   Data   RO         2244    .rodata.uxTopUsedPriority  tasks.o
    0x0800d5e0   0x0800d5e0   0x00000030   Data   RO         3161    Region$$Table       anon$$obj.o
    0x0800d610   0x0800d610   0x00000004   Data   RO         2644    .init_array         variables.o
    0x0800d614   0x0800d610   0x00000000   Data   RO         2946    .init_array         c_w.l(init_aeabi.o)


    Execution Region RW_IRAM1 (Exec base: 0x20000000, Load base: 0x0800d648, Size: 0x00005a60, Max: 0x00020000, ABSOLUTE)

    Exec Addr    Load Addr    Size         Type   Attr      Idx    E Section Name        Object

    0x20000000   0x0800d648   0x00000008   Data   RW         1291    .data..L_MergedGlobals  stm32h7xx_hal.o
    0x20000008   0x0800d650   0x00000008   Data   RW         1899    .data..L_MergedGlobals  system_stm32h7xx.o
    0x20000010   0x0800d658   0x00000004   Data   RW         1934    .data.uxCriticalNesting  port.o
    0x20000014   0x0800d65c   0x00000004   PAD
    0x20000018        -       0x00000060   Zero   RW         3063    .bss                c_w.l(libspace.o)
    0x20000078        -       0x0000000c   Zero   RW           57    .bss..L_MergedGlobals  freertos.o
    0x20000084        -       0x00000008   Zero   RW         1935    .bss..L_MergedGlobals  port.o
    0x2000008c        -       0x00000074   Zero   RW         2246    .bss..L_MergedGlobals  tasks.o
    0x20000100        -       0x0000003c   Zero   RW         2301    .bss..L_MergedGlobals  timers.o
    0x2000013c        -       0x0000001c   Zero   RW         2488    .bss..L_MergedGlobals  heap_4.o
    0x20000158        -       0x0000003c   Zero   RW         2510    .bss..L_MergedGlobals  remote.o
    0x20000194        -       0x0000007c   Zero   RW         2645    .bss..L_MergedGlobals  variables.o
    0x20000210        -       0x00000028   Zero   RW         2247    .bss..L_MergedGlobals.2  tasks.o
    0x20000238        -       0x00000004   Zero   RW         2460    .bss.KernelState    cmsis_os2.o
    0x2000023c        -       0x00000001   Zero   RW         2856    .bss.USBD_SetConfig.cfgidx  usbd_ctlreq.o
    0x2000023d   0x0800d65c   0x00000003   PAD
    0x20000240        -       0x00000078   Zero   RW           88    .bss.hdma_uart5_rx  usart.o
    0x200002b8        -       0x000000a0   Zero   RW           72    .bss.hfdcan3        fdcan.o
    0x20000358        -       0x000004e4   Zero   RW         2778    .bss.hpcd_USB_OTG_HS  usbd_conf.o
    0x2000083c        -       0x0000004c   Zero   RW          143    .bss.htim6          stm32h7xx_hal_timebase_tim.o
    0x20000888        -       0x00000094   Zero   RW           87    .bss.huart5         usart.o
    0x2000091c        -       0x0000006c   Zero   RW         2632    .bss.j1_left        variables.o
    0x20000988        -       0x0000006c   Zero   RW         2634    .bss.j2_left        variables.o
    0x200009f4        -       0x0000006c   Zero   RW         2635    .bss.j3_left        variables.o
    0x20000a60        -       0x0000006c   Zero   RW         2637    .bss.j4_left        variables.o
    0x20000acc        -       0x0000006c   Zero   RW         2639    .bss.j5_left        variables.o
    0x20000b38        -       0x0000006c   Zero   RW         2641    .bss.j6_left        variables.o
    0x20000ba4        -       0x0000006c   Zero   RW         2642    .bss.j7_left        variables.o
    0x20000c10        -       0x000000a0   Zero   RW         2299    .bss.prvCheckForValidListAndQueue.ucStaticTimerQueueStorage  timers.o
    0x20000cb0        -       0x00000050   Zero   RW         2298    .bss.prvCheckForValidListAndQueue.xStaticTimerQueue  timers.o
    0x20000d00        -       0x00000004   Zero   RW         2243    .bss.pxCurrentTCB   tasks.o
    0x20000d04        -       0x00000460   Zero   RW         2245    .bss.pxReadyTasksLists  tasks.o
    0x20001164        -       0x00003c00   Zero   RW         2487    .bss.ucHeap         heap_4.o
    0x20004d64        -       0x00000004   Zero   RW         1290    .bss.uwTick         stm32h7xx_hal.o
    0x20004d68        -       0x00000200   Zero   RW         2462    .bss.vApplicationGetIdleTaskMemory.Idle_Stack  cmsis_os2.o
    0x20004f68        -       0x0000005c   Zero   RW         2461    .bss.vApplicationGetIdleTaskMemory.Idle_TCB  cmsis_os2.o
    0x20004fc4        -       0x00000400   Zero   RW         2464    .bss.vApplicationGetTimerTaskMemory.Timer_Stack  cmsis_os2.o
    0x200053c4        -       0x0000005c   Zero   RW         2463    .bss.vApplicationGetTimerTaskMemory.Timer_TCB  cmsis_os2.o
    0x20005420        -       0x00000040   Zero   RW         2074    .bss.xQueueRegistry  queue.o
    0x20005460        -       0x00000200   Zero   RW            2    HEAP                startup_stm32h723xx.o
    0x20005660        -       0x00000400   Zero   RW            1    STACK               startup_stm32h723xx.o


    Execution Region RW_IRAM2 (Exec base: 0x24000000, Load base: 0x0800d620, Size: 0x00000024, Max: 0x00050000, ABSOLUTE)

    Exec Addr    Load Addr    Size         Type   Attr      Idx    E Section Name        Object

    0x24000000   0x0800d620   0x00000024   Data   RW         2509    .dma_buffer         remote.o


==============================================================================

Image component sizes


      Code (inc. data)   RO Data    RW Data    ZI Data      Debug   Object Name

       100          0          0          0          0      14836   bsp_can.o
       198         28          0          0          0      29584   can_callback.o
      1160          0          0          0       1724      60365   cmsis_os2.o
        52          0          0          0          0       5406   dma.o
       454          0          0          0        160      11580   fdcan.o
        84          0        134          0         12       3379   freertos.o
        68          0          0          0          0       2263   gpio.o
       720          0          0          0      15388       6272   heap_4.o
       186          0          0          0          0       2303   list.o
       300          0          0          0          0       7098   main.o
       356          8          0          0          0      20168   motor_dm.o
       964         16          0          4          8       4286   port.o
      1368          0          0          0         64      32741   queue.o
       664          0          0         36         60       6815   remote.o
       772         56          0          0          0      36796   roboarm.o
        72         30        716          0       1536        824   startup_stm32h723xx.o
       138          0          0          8          4      16013   stm32h7xx_hal.o
       396          0          0          0          0      12452   stm32h7xx_hal_cortex.o
      7800         98          0          0          0      18273   stm32h7xx_hal_dma.o
      4190          0         92          0          0      62540   stm32h7xx_hal_fdcan.o
       766          0          0          0          0       7229   stm32h7xx_hal_gpio.o
        42          0          0          0          0       5449   stm32h7xx_hal_msp.o
      3178          0          0          0          0      17941   stm32h7xx_hal_pcd.o
         2          0          0          0          0       6446   stm32h7xx_hal_pcd_ex.o
        76          0          0          0          0       9772   stm32h7xx_hal_pwr_ex.o
      2560         24          0          0          0      11752   stm32h7xx_hal_rcc.o
      3898        144          0          0          0      20131   stm32h7xx_hal_rcc_ex.o
      1066          0          0          0          0      67486   stm32h7xx_hal_tim.o
         6          0          0          0          0      27310   stm32h7xx_hal_tim_ex.o
       168          0          0          0         76       9727   stm32h7xx_hal_timebase_tim.o
      6112        332         36          0          0      43880   stm32h7xx_hal_uart.o
       352          0         16          0          0      11583   stm32h7xx_hal_uart_ex.o
        84          0          0          0          0      12089   stm32h7xx_it.o
      2466          0          0          0          0      32871   stm32h7xx_ll_usb.o
       254          0         16          8          0       5728   system_stm32h7xx.o
       200          0          0          0          0      28697   task_error.o
       316          0          0          0          0      28565   task_robo_arm.o
        98          0          0          0          0      14500   task_start.o
      4502          8          4          0       1280      47336   tasks.o
       994         20          5          0        300      17608   timers.o
       310          0          0          0        268       9861   usart.o
       446          0          0          0       1252      22335   usbd_conf.o
       756          0          0          0          0      11438   usbd_core.o
      1384         34          0          0          1      11445   usbd_ctlreq.o
       106          0          0          0          0       4786   usbd_ioreq.o
       810          0        124          0        880      38314   variables.o

    ----------------------------------------------------------------------
     51956        826       1192         56      23020     878273   Object Totals
         0          0         48          0          0          0   (incl. Generated)
       962         28          1          0          7          0   (incl. Padding)

    ----------------------------------------------------------------------

      Code (inc. data)   RO Data    RW Data    ZI Data      Debug   Library Member Name

         8          0          0          0          0         68   __main.o
         0          0          0          0          0          0   __rtentry.o
        12          0          0          0          0          0   __rtentry2.o
         6          0          0          0          0          0   __rtentry4.o
        94          8          0          0          0          0   __scatter.o
        26          0          0          0          0          0   __scatter_copy.o
        28          0          0          0          0          0   __scatter_zi.o
        22          0          0          0          0        100   _rserrno.o
        16          0          0          0          0         68   aeabi_memset4.o
        18          0          0          0          0         80   exit.o
         6          0          0          0          0        152   heapauxi.o
         0          0          0          0          0          0   indicate_semi.o
        44          8          0          0          0         80   init_aeabi.o
         2          0          0          0          0          0   libinit.o
        10          0          0          0          0          0   libinit2.o
         2          0          0          0          0          0   libshutdown.o
         2          0          0          0          0          0   libshutdown2.o
         8          4          0          0         96         68   libspace.o
       240          0          0          0          0        100   lludivv7m.o
         8          4          0          0          0         68   rt_errno_addr_intlibspace.o
        68          0          0          0          0         68   rt_memclr.o
        78          0          0          0          0         80   rt_memclr_w.o
       138          0          0          0          0         68   rt_memcpy_v6.o
       100          0          0          0          0         80   rt_memcpy_w.o
         2          0          0          0          0          0   rtexit.o
        10          0          0          0          0          0   rtexit2.o
        12          4          0          0          0         68   sys_exit.o
        74          0          0          0          0         80   sys_stackheap_outer.o
         2          0          0          0          0         68   use_no_semi.o
       140          4          0          0          0        132   fnaninf.o
        26          0          0          0          0        116   fpinit.o
       244          8          0          0          0        132   frem_clz.o
         0          0          0          0          0          0   usenofp.o
       176          0          0          0          0        168   fmodf.o
        16          6          0          0          0        116   funder.o

    ----------------------------------------------------------------------
      1656         46          0          0         96       1960   Library Totals
        18          0          0          0          0          0   (incl. Padding)

    ----------------------------------------------------------------------

      Code (inc. data)   RO Data    RW Data    ZI Data      Debug   Library Name

      1036         28          0          0         96       1296   c_w.l
       410         12          0          0          0        380   fz_wv.l
       192          6          0          0          0        284   m_wv.l

    ----------------------------------------------------------------------
      1656         46          0          0         96       1960   Library Totals

    ----------------------------------------------------------------------

==============================================================================


      Code (inc. data)   RO Data    RW Data    ZI Data      Debug   

     53612        872       1192         56      23116     878497   Grand Totals
     53612        872       1192         56      23116     878497   ELF Image Totals
     53612        872       1192         56          0          0   ROM Totals

==============================================================================

    Total RO  Size (Code + RO Data)                54804 (  53.52kB)
    Total RW  Size (RW Data + ZI Data)             23172 (  22.63kB)
    Total ROM Size (Code + RO Data + RW Data)      54860 (  53.57kB)

==============================================================================

