<html>
<body>
<pre>
<h1>µVision Build Log</h1>
<h2>Tool Versions:</h2>
IDE-Version: ¦ÌVision V5.43.1.0
Copyright (C) 2025 ARM Ltd and ARM Germany GmbH. All rights reserved.
License Information: 1 gilgamesh, 2, LIC=ZB4EI-TLG7T-Y8TFK-ZULVZ-SR47H-QNX8D
 
Tool Versions:
Toolchain:       MDK-ARM Plus  Version: 5.43.0.0
Toolchain Path:  C:\Keil_v5\ARM\ARMCLANG\Bin
C Compiler:      ArmClang.exe V6.24
Assembler:       Armasm.exe V6.24
Linker/Locator:  ArmLink.exe V6.24
Library Manager: ArmAr.exe V6.24
Hex Converter:   FromElf.exe V6.24
CPU DLL:         SARMCM3.DLL V5.43.0.0
Dialog DLL:      DCM.DLL V1.17.5.0
Target DLL:      CMSIS_AGDI.dll V1.33.24.0
Dialog DLL:      TCM.DLL V1.56.6.0
 
<h2>Project:</h2>
C:\stm32\lunar_rover\MDK-ARM\lunar_rover.uvprojx
Project File Date:  09/13/2026

<h2>Output:</h2>
*** Using Compiler 'V6.24', folder: 'C:\Keil_v5\ARM\ARMCLANG\Bin'
Rebuild target 'lunar_rover'
assembling startup_stm32h723xx.s...
compiling gpio.c...
compiling stm32h7xx_it.c...
compiling fdcan.c...
compiling dma.c...
compiling main.c...
../Core/Src/freertos.c(138): warning: unused parameter 'argument' [-Wunused-parameter]
  138 | __weak void StartDefaultTask(void *argument)
      |                                    ^
../Core/Src/freertos.c(158): warning: unused parameter 'argument' [-Wunused-parameter]
  158 | __weak void Error_tasks(void *argument)
      |                               ^
../Core/Src/freertos.c(176): warning: unused parameter 'argument' [-Wunused-parameter]
  176 | __weak void roboARM_task(void *argument)
      |                                ^
3 warnings generated.
compiling freertos.c...
compiling stm32h7xx_hal_msp.c...
compiling usart.c...
compiling stm32h7xx_hal_timebase_tim.c...
compiling stm32h7xx_hal_pcd_ex.c...
compiling stm32h7xx_hal_tim_ex.c...
compiling stm32h7xx_hal_pcd.c...
compiling stm32h7xx_hal_flash.c...
compiling stm32h7xx_hal_rcc.c...
compiling stm32h7xx_hal_hsem.c...
compiling stm32h7xx_hal_flash_ex.c...
compiling stm32h7xx_hal_gpio.c...
compiling stm32h7xx_ll_usb.c...
compiling stm32h7xx_hal_rcc_ex.c...
compiling stm32h7xx_hal_pwr.c...
compiling stm32h7xx_hal_dma_ex.c...
compiling stm32h7xx_hal_cortex.c...
compiling stm32h7xx_hal_pwr_ex.c...
compiling stm32h7xx_hal.c...
compiling stm32h7xx_hal_tim.c...
compiling stm32h7xx_hal_i2c_ex.c...
compiling stm32h7xx_hal_mdma.c...
compiling stm32h7xx_hal_dma.c...
compiling stm32h7xx_hal_exti.c...
compiling port.c...
compiling mpu_wrappers_v2.c...
compiling system_stm32h7xx.c...
compiling stm32h7xx_hal_uart_ex.c...
compiling croutine.c...
compiling list.c...
compiling event_groups.c...
compiling stream_buffer.c...
compiling heap_4.c...
compiling timers.c...
compiling queue.c...
compiling Remote.c...
compiling stm32h7xx_hal_uart.c...
compiling stm32h7xx_hal_fdcan.c...
compiling stm32h7xx_hal_i2c.c...
compiling motor_dm.cpp...
compiling bsp_can.cpp...
compiling tasks.c...
compiling cmsis_os2.c...
compiling usb_device.c...
compiling task_start.cpp...
compiling usbd_desc.c...
compiling usbd_cdc_if.c...
compiling usbd_conf.c...
compiling usbd_core.c...
compiling usbd_ioreq.c...
compiling usbd_ctlreq.c...
compiling usbd_cdc.c...
compiling can_callback.cpp...
compiling roboarm.cpp...
compiling roboarm_kinematics.cpp...
compiling task_robo_arm.cpp...
compiling task_error.cpp...
compiling variables.cpp...
linking...
Program Size: Code=56548 RO-data=1420 RW-data=56 ZI-data=23372  
FromELF: creating hex file...
"lunar_rover\lunar_rover.axf" - 0 Error(s), 3 Warning(s).

<h2>Software Packages used:</h2>

Package Vendor: ARM
                https://www.keil.com/pack/ARM.CMSIS.6.2.0.pack
                ARM::CMSIS@6.2.0
                CMSIS (Common Microcontroller Software Interface Standard)
   * Component: CORE Version: 6.1.1

Package Vendor: Keil
                https://www.keil.com/pack/Keil.STM32H7xx_DFP.4.1.3.pack
                Keil::STM32H7xx_DFP@4.1.3
                STMicroelectronics STM32H7 Series Device Support

<h2>Collection of Component include folders:</h2>
  ./RTE/_lunar_rover
  C:/Keil_v5/ARM/PACK/ARM/CMSIS/6.2.0/CMSIS/Core/Include

<h2>Collection of Component Files used:</h2>

   * Component: ARM::CMSIS:CORE@6.1.1
      Include file:  CMSIS/Core/Include/tz_context.h
Build Time Elapsed:  00:00:03
</pre>
</body>
</html>
