Component: Arm Compiler for Embedded 6.24 Tool: armlink [5f371500]

==============================================================================

Section Cross References

    startup_stm32h723xx.o(STACK) refers (Special) to heapauxi.o(.text) for __use_two_region_memory
    startup_stm32h723xx.o(HEAP) refers (Special) to heapauxi.o(.text) for __use_two_region_memory
    startup_stm32h723xx.o(RESET) refers (Special) to heapauxi.o(.text) for __use_two_region_memory
    startup_stm32h723xx.o(RESET) refers to startup_stm32h723xx.o(STACK) for __initial_sp
    startup_stm32h723xx.o(RESET) refers to startup_stm32h723xx.o(.text) for Reset_Handler
    startup_stm32h723xx.o(RESET) refers to stm32h7xx_it.o(.text.NMI_Handler) for NMI_Handler
    startup_stm32h723xx.o(RESET) refers to stm32h7xx_it.o(.text.HardFault_Handler) for HardFault_Handler
    startup_stm32h723xx.o(RESET) refers to stm32h7xx_it.o(.text.MemManage_Handler) for MemManage_Handler
    startup_stm32h723xx.o(RESET) refers to stm32h7xx_it.o(.text.BusFault_Handler) for BusFault_Handler
    startup_stm32h723xx.o(RESET) refers to stm32h7xx_it.o(.text.UsageFault_Handler) for UsageFault_Handler
    startup_stm32h723xx.o(RESET) refers to port.o(.text.SVC_Handler) for SVC_Handler
    startup_stm32h723xx.o(RESET) refers to stm32h7xx_it.o(.text.DebugMon_Handler) for DebugMon_Handler
    startup_stm32h723xx.o(RESET) refers to port.o(.text.PendSV_Handler) for PendSV_Handler
    startup_stm32h723xx.o(RESET) refers to cmsis_os2.o(.text.SysTick_Handler) for SysTick_Handler
    startup_stm32h723xx.o(RESET) refers to stm32h7xx_it.o(.text.TIM6_DAC_IRQHandler) for TIM6_DAC_IRQHandler
    startup_stm32h723xx.o(RESET) refers to stm32h7xx_it.o(.text.OTG_HS_IRQHandler) for OTG_HS_IRQHandler
    startup_stm32h723xx.o(RESET) refers to stm32h7xx_it.o(.text.FDCAN3_IT0_IRQHandler) for FDCAN3_IT0_IRQHandler
    startup_stm32h723xx.o(RESET) refers to stm32h7xx_it.o(.text.FDCAN3_IT1_IRQHandler) for FDCAN3_IT1_IRQHandler
    startup_stm32h723xx.o(.text) refers (Special) to heapauxi.o(.text) for __use_two_region_memory
    startup_stm32h723xx.o(.text) refers to system_stm32h7xx.o(.text.ExitRun0Mode) for ExitRun0Mode
    startup_stm32h723xx.o(.text) refers to system_stm32h7xx.o(.text.SystemInit) for SystemInit
    startup_stm32h723xx.o(.text) refers to __main.o(!!!main) for __main
    startup_stm32h723xx.o(.text) refers to startup_stm32h723xx.o(HEAP) for Heap_Mem
    startup_stm32h723xx.o(.text) refers to startup_stm32h723xx.o(STACK) for Stack_Mem
    main.o(.text.main) refers to stm32h7xx_hal_cortex.o(.text.HAL_MPU_Disable) for HAL_MPU_Disable
    main.o(.text.main) refers to stm32h7xx_hal_cortex.o(.text.HAL_MPU_ConfigRegion) for HAL_MPU_ConfigRegion
    main.o(.text.main) refers to stm32h7xx_hal_cortex.o(.text.HAL_MPU_Enable) for HAL_MPU_Enable
    main.o(.text.main) refers to stm32h7xx_hal.o(.text.HAL_Init) for HAL_Init
    main.o(.text.main) refers to main.o(.text.SystemClock_Config) for SystemClock_Config
    main.o(.text.main) refers to gpio.o(.text.MX_GPIO_Init) for MX_GPIO_Init
    main.o(.text.main) refers to fdcan.o(.text.MX_FDCAN3_Init) for MX_FDCAN3_Init
    main.o(.text.main) refers to usb_device.o(.text.MX_USB_DEVICE_Init) for MX_USB_DEVICE_Init
    main.o(.text.main) refers to cmsis_os2.o(.text.osKernelInitialize) for osKernelInitialize
    main.o(.text.main) refers to freertos.o(.text.MX_FREERTOS_Init) for MX_FREERTOS_Init
    main.o(.text.main) refers to cmsis_os2.o(.text.osKernelStart) for osKernelStart
    main.o(.ARM.exidx.text.main) refers to main.o(.text.main) for [Anonymous Symbol]
    main.o(.text.SystemClock_Config) refers to rt_memclr_w.o(.text) for __aeabi_memclr4
    main.o(.text.SystemClock_Config) refers to stm32h7xx_hal_pwr_ex.o(.text.HAL_PWREx_ConfigSupply) for HAL_PWREx_ConfigSupply
    main.o(.text.SystemClock_Config) refers to stm32h7xx_hal_rcc.o(.text.HAL_RCC_OscConfig) for HAL_RCC_OscConfig
    main.o(.text.SystemClock_Config) refers to stm32h7xx_hal_rcc.o(.text.HAL_RCC_ClockConfig) for HAL_RCC_ClockConfig
    main.o(.ARM.exidx.text.SystemClock_Config) refers to main.o(.text.SystemClock_Config) for [Anonymous Symbol]
    main.o(.ARM.exidx.text.Error_Handler) refers to main.o(.text.Error_Handler) for [Anonymous Symbol]
    main.o(.text.HAL_TIM_PeriodElapsedCallback) refers to stm32h7xx_hal.o(.text.HAL_IncTick) for HAL_IncTick
    main.o(.ARM.exidx.text.HAL_TIM_PeriodElapsedCallback) refers to main.o(.text.HAL_TIM_PeriodElapsedCallback) for [Anonymous Symbol]
    gpio.o(.ARM.exidx.text.MX_GPIO_Init) refers to gpio.o(.text.MX_GPIO_Init) for [Anonymous Symbol]
    freertos.o(.text.MX_FREERTOS_Init) refers to task_start.o(.text.StartDefaultTask) for StartDefaultTask
    freertos.o(.text.MX_FREERTOS_Init) refers to freertos.o(.rodata.defaultTask_attributes) for defaultTask_attributes
    freertos.o(.text.MX_FREERTOS_Init) refers to cmsis_os2.o(.text.osThreadNew) for osThreadNew
[...]
    HAL_PCDEx_SetTxFiFo                      0x08002059   Thumb Code   206  stm32h7xx_hal_pcd_ex.o(.text.HAL_PCDEx_SetTxFiFo)
    HAL_PCD_ConnectCallback                  0x08002129   Thumb Code     8  usbd_conf.o(.text.HAL_PCD_ConnectCallback)
    HAL_PCD_DataInStageCallback              0x08002131   Thumb Code    18  usbd_conf.o(.text.HAL_PCD_DataInStageCallback)
    HAL_PCD_DataOutStageCallback             0x08002149   Thumb Code    20  usbd_conf.o(.text.HAL_PCD_DataOutStageCallback)
    HAL_PCD_DisconnectCallback               0x08002161   Thumb Code     8  usbd_conf.o(.text.HAL_PCD_DisconnectCallback)
    HAL_PCD_EP_Close                         0x08002169   Thumb Code    80  stm32h7xx_hal_pcd.o(.text.HAL_PCD_EP_Close)
    HAL_PCD_EP_ClrStall                      0x080021b9   Thumb Code    94  stm32h7xx_hal_pcd.o(.text.HAL_PCD_EP_ClrStall)
    HAL_PCD_EP_GetRxCount                    0x08002219   Thumb Code    18  stm32h7xx_hal_pcd.o(.text.HAL_PCD_EP_GetRxCount)
    HAL_PCD_EP_Open                          0x08002231   Thumb Code   126  stm32h7xx_hal_pcd.o(.text.HAL_PCD_EP_Open)
    HAL_PCD_EP_Receive                       0x080022b1   Thumb Code    56  stm32h7xx_hal_pcd.o(.text.HAL_PCD_EP_Receive)
    HAL_PCD_EP_SetStall                      0x080022e9   Thumb Code   108  stm32h7xx_hal_pcd.o(.text.HAL_PCD_EP_SetStall)
    HAL_PCD_EP_Transmit                      0x08002359   Thumb Code    60  stm32h7xx_hal_pcd.o(.text.HAL_PCD_EP_Transmit)
    HAL_PCD_IRQHandler                       0x08002399   Thumb Code  2694  stm32h7xx_hal_pcd.o(.text.HAL_PCD_IRQHandler)
    HAL_PCD_ISOINIncompleteCallback          0x08002e21   Thumb Code     8  usbd_conf.o(.text.HAL_PCD_ISOINIncompleteCallback)
    HAL_PCD_ISOOUTIncompleteCallback         0x08002e29   Thumb Code     8  usbd_conf.o(.text.HAL_PCD_ISOOUTIncompleteCallback)
    HAL_PCD_Init                             0x08002e31   Thumb Code   634  stm32h7xx_hal_pcd.o(.text.HAL_PCD_Init)
    HAL_PCD_MspInit                          0x080030b1   Thumb Code   114  usbd_conf.o(.text.HAL_PCD_MspInit)
    HAL_PCD_ResetCallback                    0x08003129   Thumb Code    42  usbd_conf.o(.text.HAL_PCD_ResetCallback)
    HAL_PCD_ResumeCallback                   0x08003159   Thumb Code     8  usbd_conf.o(.text.HAL_PCD_ResumeCallback)
    HAL_PCD_SOFCallback                      0x08003161   Thumb Code     8  usbd_conf.o(.text.HAL_PCD_SOFCallback)
    HAL_PCD_SetAddress                       0x08003169   Thumb Code    40  stm32h7xx_hal_pcd.o(.text.HAL_PCD_SetAddress)
    HAL_PCD_SetupStageCallback               0x08003191   Thumb Code    14  usbd_conf.o(.text.HAL_PCD_SetupStageCallback)
    HAL_PCD_Start                            0x080031a1   Thumb Code    62  stm32h7xx_hal_pcd.o(.text.HAL_PCD_Start)
    HAL_PCD_SuspendCallback                  0x080031e1   Thumb Code    52  usbd_conf.o(.text.HAL_PCD_SuspendCallback)
    HAL_PWREx_ConfigSupply                   0x08003219   Thumb Code    76  stm32h7xx_hal_pwr_ex.o(.text.HAL_PWREx_ConfigSupply)
    HAL_PWREx_EnableUSBVoltageDetector       0x08003269   Thumb Code    18  stm32h7xx_hal_pwr_ex.o(.text.HAL_PWREx_EnableUSBVoltageDetector)
    HAL_RCCEx_PeriphCLKConfig                0x08003281   Thumb Code  2688  stm32h7xx_hal_rcc_ex.o(.text.HAL_RCCEx_PeriphCLKConfig)
    HAL_RCC_ClockConfig                      0x08003d01   Thumb Code   596  stm32h7xx_hal_rcc.o(.text.HAL_RCC_ClockConfig)
    HAL_RCC_GetClockConfig                   0x08003f59   Thumb Code    88  stm32h7xx_hal_rcc.o(.text.HAL_RCC_GetClockConfig)
    HAL_RCC_GetHCLKFreq                      0x08003fb1   Thumb Code    76  stm32h7xx_hal_rcc.o(.text.HAL_RCC_GetHCLKFreq)
    HAL_RCC_GetPCLK1Freq                     0x08004001   Thumb Code    96  stm32h7xx_hal_rcc.o(.text.HAL_RCC_GetPCLK1Freq)
    HAL_RCC_GetSysClockFreq                  0x08004061   Thumb Code   264  stm32h7xx_hal_rcc.o(.text.HAL_RCC_GetSysClockFreq)
    HAL_RCC_OscConfig                        0x08004181   Thumb Code  1324  stm32h7xx_hal_rcc.o(.text.HAL_RCC_OscConfig)
    HAL_TIMEx_Break2Callback                 0x080046b1   Thumb Code     2  stm32h7xx_hal_tim_ex.o(.text.HAL_TIMEx_Break2Callback)
    HAL_TIMEx_BreakCallback                  0x080046b9   Thumb Code     2  stm32h7xx_hal_tim_ex.o(.text.HAL_TIMEx_BreakCallback)
    HAL_TIMEx_CommutCallback                 0x080046c1   Thumb Code     2  stm32h7xx_hal_tim_ex.o(.text.HAL_TIMEx_CommutCallback)
    HAL_TIM_Base_Init                        0x080046c9   Thumb Code    96  stm32h7xx_hal_tim.o(.text.HAL_TIM_Base_Init)
    HAL_TIM_Base_MspInit                     0x08004729   Thumb Code     2  stm32h7xx_hal_tim.o(.text.HAL_TIM_Base_MspInit)
    HAL_TIM_Base_Start_IT                    0x08004731   Thumb Code   220  stm32h7xx_hal_tim.o(.text.HAL_TIM_Base_Start_IT)
    HAL_TIM_IC_CaptureCallback               0x08004811   Thumb Code     2  stm32h7xx_hal_tim.o(.text.HAL_TIM_IC_CaptureCallback)
    HAL_TIM_IRQHandler                       0x08004819   Thumb Code   364  stm32h7xx_hal_tim.o(.text.HAL_TIM_IRQHandler)
    HAL_TIM_OC_DelayElapsedCallback          0x08004989   Thumb Code     2  stm32h7xx_hal_tim.o(.text.HAL_TIM_OC_DelayElapsedCallback)
    HAL_TIM_PWM_PulseFinishedCallback        0x08004991   Thumb Code     2  stm32h7xx_hal_tim.o(.text.HAL_TIM_PWM_PulseFinishedCallback)
    HAL_TIM_PeriodElapsedCallback            0x08004999   Thumb Code    20  main.o(.text.HAL_TIM_PeriodElapsedCallback)
    HAL_TIM_TriggerCallback                  0x080049b1   Thumb Code     2  stm32h7xx_hal_tim.o(.text.HAL_TIM_TriggerCallback)
    HardFault_Handler                        0x080049b9   Thumb Code     2  stm32h7xx_it.o(.text.HardFault_Handler)
    MX_FDCAN3_Init                           0x080049c1   Thumb Code   134  fdcan.o(.text.MX_FDCAN3_Init)
    MX_FREERTOS_Init                         0x08004a49   Thumb Code    84  freertos.o(.text.MX_FREERTOS_Init)
    MX_GPIO_Init                             0x08004aa1   Thumb Code    68  gpio.o(.text.MX_GPIO_Init)
    MX_USB_DEVICE_Init                       0x08004ae9   Thumb Code   108  usb_device.o(.text.MX_USB_DEVICE_Init)
    MemManage_Handler                        0x08004b59   Thumb Code     2  stm32h7xx_it.o(.text.MemManage_Handler)
    NMI_Handler                              0x08004b61   Thumb Code     2  stm32h7xx_it.o(.text.NMI_Handler)
    OTG_HS_IRQHandler                        0x08004b69   Thumb Code    12  stm32h7xx_it.o(.text.OTG_HS_IRQHandler)
    PendSV_Handler                           0x08004b81   Thumb Code   100  port.o(.text.PendSV_Handler)
    SVC_Handler                              0x08004e41   Thumb Code    36  port.o(.text.SVC_Handler)
    StartDefaultTask                         0x08004e69   Thumb Code   102  task_start.o(.text.StartDefaultTask)
    SysTick_Handler                          0x08004ed1   Thumb Code    30  cmsis_os2.o(.text.SysTick_Handler)
    SystemClock_Config                       0x08004ef1   Thumb Code   192  main.o(.text.SystemClock_Config)
    SystemInit                               0x08004fb1   Thumb Code   210  system_stm32h7xx.o(.text.SystemInit)
    TIM6_DAC_IRQHandler                      0x08005089   Thumb Code    12  stm32h7xx_it.o(.text.TIM6_DAC_IRQHandler)
    TIM_Base_SetConfig                       0x08005099   Thumb Code   376  stm32h7xx_hal_tim.o(.text.TIM_Base_SetConfig)
    USBD_CDC_GetDeviceQualifierDescriptor    0x08005361   Thumb Code    16  usbd_cdc.o(.text.USBD_CDC_GetDeviceQualifierDescriptor)
    USBD_CDC_ReceivePacket                   0x08005549   Thumb Code    48  usbd_cdc.o(.text.USBD_CDC_ReceivePacket)
    USBD_CDC_RegisterInterface               0x08005579   Thumb Code    24  usbd_cdc.o(.text.USBD_CDC_RegisterInterface)
    USBD_CDC_SetRxBuffer                     0x08005591   Thumb Code    28  usbd_cdc.o(.text.USBD_CDC_SetRxBuffer)
    USBD_CDC_SetTxBuffer                     0x080055b1   Thumb Code    32  usbd_cdc.o(.text.USBD_CDC_SetTxBuffer)
    USBD_ClrClassConfig                      0x080056b9   Thumb Code    18  usbd_core.o(.text.USBD_ClrClassConfig)
    USBD_CoreFindEP                          0x080056d1   Thumb Code     4  usbd_core.o(.text.USBD_CoreFindEP)
    USBD_CoreFindIF                          0x080056d9   Thumb Code     4  usbd_core.o(.text.USBD_CoreFindIF)
    USBD_CtlContinueRx                       0x080056e1   Thumb Code    16  usbd_ioreq.o(.text.USBD_CtlContinueRx)
    USBD_CtlContinueSendData                 0x080056f1   Thumb Code    16  usbd_ioreq.o(.text.USBD_CtlContinueSendData)
    USBD_CtlError                            0x08005701   Thumb Code    22  usbd_ctlreq.o(.text.USBD_CtlError)
    USBD_CtlPrepareRx                        0x08005719   Thumb Code    32  usbd_ioreq.o(.text.USBD_CtlPrepareRx)
    USBD_CtlReceiveStatus                    0x08005739   Thumb Code    22  usbd_ioreq.o(.text.USBD_CtlReceiveStatus)
    USBD_CtlSendData                         0x08005751   Thumb Code    30  usbd_ioreq.o(.text.USBD_CtlSendData)
    USBD_CtlSendStatus                       0x08005771   Thumb Code    22  usbd_ioreq.o(.text.USBD_CtlSendStatus)
    USBD_GetEpDesc                           0x08005789   Thumb Code   132  usbd_core.o(.text.USBD_GetEpDesc)
    USBD_GetString                           0x08005811   Thumb Code   220  usbd_ctlreq.o(.text.USBD_GetString)
    USBD_HS_ConfigStrDescriptor              0x080058f1   Thumb Code    24  usbd_desc.o(.text.USBD_HS_ConfigStrDescriptor)
    USBD_HS_DeviceDescriptor                 0x08005919   Thumb Code    14  usbd_desc.o(.text.USBD_HS_DeviceDescriptor)
    USBD_HS_InterfaceStrDescriptor           0x08005929   Thumb Code    24  usbd_desc.o(.text.USBD_HS_InterfaceStrDescriptor)
    USBD_HS_LangIDStrDescriptor              0x08005951   Thumb Code    14  usbd_desc.o(.text.USBD_HS_LangIDStrDescriptor)
    USBD_HS_ManufacturerStrDescriptor        0x08005961   Thumb Code    24  usbd_desc.o(.text.USBD_HS_ManufacturerStrDescriptor)
    USBD_HS_ProductStrDescriptor             0x08005991   Thumb Code    24  usbd_desc.o(.text.USBD_HS_ProductStrDescriptor)
    USBD_HS_SerialStrDescriptor              0x080059c1   Thumb Code   364  usbd_desc.o(.text.USBD_HS_SerialStrDescriptor)
    USBD_Init                                0x08005b31   Thumb Code    40  usbd_core.o(.text.USBD_Init)
    USBD_LL_ClearStallEP                     0x08005b59   Thumb Code    34  usbd_conf.o(.text.USBD_LL_ClearStallEP)
    USBD_LL_CloseEP                          0x08005b81   Thumb Code    34  usbd_conf.o(.text.USBD_LL_CloseEP)
    USBD_LL_DataInStage                      0x08005ba9   Thumb Code   184  usbd_core.o(.text.USBD_LL_DataInStage)
    USBD_LL_DataOutStage                     0x08005c61   Thumb Code   124  usbd_core.o(.text.USBD_LL_DataOutStage)
    USBD_LL_DevConnected                     0x08005ce1   Thumb Code     4  usbd_core.o(.text.USBD_LL_DevConnected)
    USBD_LL_DevDisconnected                  0x08005ce9   Thumb Code    32  usbd_core.o(.text.USBD_LL_DevDisconnected)
    USBD_LL_GetRxDataSize                    0x08005d09   Thumb Code     8  usbd_conf.o(.text.USBD_LL_GetRxDataSize)
    USBD_LL_Init                             0x08005d11   Thumb Code   114  usbd_conf.o(.text.USBD_LL_Init)
    USBD_LL_IsStallEP                        0x08005d89   Thumb Code    42  usbd_conf.o(.text.USBD_LL_IsStallEP)
    USBD_LL_IsoINIncomplete                  0x08005db9   Thumb Code    44  usbd_core.o(.text.USBD_LL_IsoINIncomplete)
    USBD_LL_IsoOUTIncomplete                 0x08005de9   Thumb Code    44  usbd_core.o(.text.USBD_LL_IsoOUTIncomplete)
    USBD_LL_OpenEP                           0x08005e19   Thumb Code    40  usbd_conf.o(.text.USBD_LL_OpenEP)
    USBD_LL_PrepareReceive                   0x08005e41   Thumb Code    34  usbd_conf.o(.text.USBD_LL_PrepareReceive)
    USBD_LL_Reset                            0x08005e69   Thumb Code    98  usbd_core.o(.text.USBD_LL_Reset)
    USBD_LL_Resume                           0x08005ed1   Thumb Code    20  usbd_core.o(.text.USBD_LL_Resume)
    USBD_LL_SOF                              0x08005ee9   Thumb Code    30  usbd_core.o(.text.USBD_LL_SOF)
    USBD_LL_SetSpeed                         0x08005f09   Thumb Code     8  usbd_core.o(.text.USBD_LL_SetSpeed)
    USBD_LL_SetUSBAddress                    0x08005f11   Thumb Code    34  usbd_conf.o(.text.USBD_LL_SetUSBAddress)
    USBD_LL_SetupStage                       0x08005f39   Thumb Code    98  usbd_core.o(.text.USBD_LL_SetupStage)
    USBD_LL_StallEP                          0x08005fa1   Thumb Code    34  usbd_conf.o(.text.USBD_LL_StallEP)
    USBD_LL_Start                            0x08005fc9   Thumb Code    34  usbd_conf.o(.text.USBD_LL_Start)
    USBD_LL_Suspend                          0x08005ff1   Thumb Code    28  usbd_core.o(.text.USBD_LL_Suspend)
    USBD_LL_Transmit                         0x08006011   Thumb Code    34  usbd_conf.o(.text.USBD_LL_Transmit)
    USBD_ParseSetupRequest                   0x08006039   Thumb Code    22  usbd_ctlreq.o(.text.USBD_ParseSetupRequest)
    USBD_RegisterClass                       0x08006051   Thumb Code    70  usbd_core.o(.text.USBD_RegisterClass)
    USBD_SetClassConfig                      0x08006099   Thumb Code    16  usbd_core.o(.text.USBD_SetClassConfig)
    USBD_Start                               0x080060a9   Thumb Code     4  usbd_core.o(.text.USBD_Start)
    USBD_StdDevReq                           0x080060b1   Thumb Code   898  usbd_ctlreq.o(.text.USBD_StdDevReq)
    USBD_StdEPReq                            0x08006439   Thumb Code   352  usbd_ctlreq.o(.text.USBD_StdEPReq)
    USBD_StdItfReq                           0x08006599   Thumb Code   112  usbd_ctlreq.o(.text.USBD_StdItfReq)
    USBD_static_free                         0x08006609   Thumb Code     2  usbd_conf.o(.text.USBD_static_free)
    USBD_static_malloc                       0x08006611   Thumb Code    10  usbd_conf.o(.text.USBD_static_malloc)
    USB_ActivateEndpoint                     0x08006621   Thumb Code   134  stm32h7xx_ll_usb.o(.text.USB_ActivateEndpoint)
    USB_ActivateSetup                        0x080066a9   Thumb Code    32  stm32h7xx_ll_usb.o(.text.USB_ActivateSetup)
    USB_CoreInit                             0x080066c9   Thumb Code   658  stm32h7xx_ll_usb.o(.text.USB_CoreInit)
    USB_DeactivateEndpoint                   0x08006961   Thumb Code   124  stm32h7xx_ll_usb.o(.text.USB_DeactivateEndpoint)
    USB_DevConnect                           0x080069e1   Thumb Code    30  stm32h7xx_ll_usb.o(.text.USB_DevConnect)
    USB_DevDisconnect                        0x08006a01   Thumb Code    30  stm32h7xx_ll_usb.o(.text.USB_DevDisconnect)
    USB_DevInit                              0x08006a21   Thumb Code  1196  stm32h7xx_ll_usb.o(.text.USB_DevInit)
    USB_DisableGlobalInt                     0x08006ed1   Thumb Code    14  stm32h7xx_ll_usb.o(.text.USB_DisableGlobalInt)
    USB_EP0_OutStart                         0x08006ee1   Thumb Code    90  stm32h7xx_ll_usb.o(.text.USB_EP0_OutStart)
    USB_EPClearStall                         0x08006f41   Thumb Code    82  stm32h7xx_ll_usb.o(.text.USB_EPClearStall)
    USB_EPSetStall                           0x08006f99   Thumb Code    64  stm32h7xx_ll_usb.o(.text.USB_EPSetStall)
    USB_EPStartXfer                          0x08006fd9   Thumb Code   578  stm32h7xx_ll_usb.o(.text.USB_EPStartXfer)
    USB_EPStopXfer                           0x08007221   Thumb Code   566  stm32h7xx_ll_usb.o(.text.USB_EPStopXfer)
    USB_EnableGlobalInt                      0x08007459   Thumb Code    14  stm32h7xx_ll_usb.o(.text.USB_EnableGlobalInt)
    USB_FlushTxFifo                          0x08007469   Thumb Code   190  stm32h7xx_ll_usb.o(.text.USB_FlushTxFifo)
    USB_GetDevSpeed                          0x08007529   Thumb Code    26  stm32h7xx_ll_usb.o(.text.USB_GetDevSpeed)
    USB_GetMode                              0x08007549   Thumb Code     8  stm32h7xx_ll_usb.o(.text.USB_GetMode)
    USB_ReadDevAllInEpInterrupt              0x08007551   Thumb Code    14  stm32h7xx_ll_usb.o(.text.USB_ReadDevAllInEpInterrupt)
    USB_ReadDevAllOutEpInterrupt             0x08007561   Thumb Code    14  stm32h7xx_ll_usb.o(.text.USB_ReadDevAllOutEpInterrupt)
    USB_ReadDevInEPInterrupt                 0x08007571   Thumb Code    36  stm32h7xx_ll_usb.o(.text.USB_ReadDevInEPInterrupt)
    USB_ReadDevOutEPInterrupt                0x08007599   Thumb Code    16  stm32h7xx_ll_usb.o(.text.USB_ReadDevOutEPInterrupt)
    USB_ReadInterrupts                       0x080075a9   Thumb Code     8  stm32h7xx_ll_usb.o(.text.USB_ReadInterrupts)
    USB_ReadPacket                           0x080075b1   Thumb Code   174  stm32h7xx_ll_usb.o(.text.USB_ReadPacket)
    USB_SetCurrentMode                       0x08007661   Thumb Code   872  stm32h7xx_ll_usb.o(.text.USB_SetCurrentMode)
    USB_SetDevAddress                        0x080079c9   Thumb Code    34  stm32h7xx_ll_usb.o(.text.USB_SetDevAddress)
    USB_SetTurnaroundTime                    0x080079f1   Thumb Code   280  stm32h7xx_ll_usb.o(.text.USB_SetTurnaroundTime)
    USB_WritePacket                          0x08007b09   Thumb Code   120  stm32h7xx_ll_usb.o(.text.USB_WritePacket)
    UsageFault_Handler                       0x08007b81   Thumb Code     2  stm32h7xx_it.o(.text.UsageFault_Handler)
    Joint::LoadTarget()                      0x08007e31   Thumb Code   328  roboarm.o(.text._ZN5Joint10LoadTargetEv)
    Joint::UpdateInfo(unsigned char const*)  0x08007f99   Thumb Code    50  roboarm.o(.text._ZN5Joint10UpdateInfoEPKh)
    Bsp_CAN::Transmit(unsigned int, unsigned char const*, unsigned char) 0x08007fd1   Thumb Code    20  bsp_can.o(.text._ZN7Bsp_CAN8TransmitEjPKhh)
    Motor_DM::Update(unsigned char const*)   0x08007fe9   Thumb Code   158  motor_dm.o(.text._ZN8Motor_DM6UpdateEPKh)
    Bsp_CAN::FilterConfig(bool) const        0x08008089   Thumb Code    80  bsp_can.o(.text._ZNK7Bsp_CAN12FilterConfigEb)
    Bsp_CAN::ConfigTDC(unsigned int, unsigned int) const 0x080080d9   Thumb Code    46  bsp_can.o(.text._ZNK7Bsp_CAN9ConfigTDCEjj)
    Motor_DM::Ctrl(Motor_DM_N::order_byte_e) const 0x08008109   Thumb Code    46  motor_dm.o(.text._ZNK8Motor_DM4CtrlEN10Motor_DM_N12order_byte_eE)
    Motor_DM::Ctrl(float, float, unsigned short, unsigned short, float) const 0x08008139   Thumb Code   144  motor_dm.o(.text._ZNK8Motor_DM4CtrlEffttf)
    eTaskGetState                            0x08008201   Thumb Code   174  tasks.o(.text.eTaskGetState)
    main                                     0x080082b1   Thumb Code    74  main.o(.text.main)
    osDelay                                  0x08008301   Thumb Code    60  cmsis_os2.o(.text.osDelay)
    osKernelInitialize                       0x08008341   Thumb Code    80  cmsis_os2.o(.text.osKernelInitialize)
    osKernelStart                            0x08008391   Thumb Code    96  cmsis_os2.o(.text.osKernelStart)
    osThreadFlagsWait                        0x080083f1   Thumb Code   462  cmsis_os2.o(.text.osThreadFlagsWait)
    osThreadNew                              0x080085c1   Thumb Code   230  cmsis_os2.o(.text.osThreadNew)
    osThreadSuspend                          0x080086a9   Thumb Code    66  cmsis_os2.o(.text.osThreadSuspend)
    osThreadTerminate                        0x080086f1   Thumb Code    82  cmsis_os2.o(.text.osThreadTerminate)
    pvPortMalloc                             0x08008f99   Thumb Code   500  heap_4.o(.text.pvPortMalloc)
    pxPortInitialiseStack                    0x08009191   Thumb Code    44  port.o(.text.pxPortInitialiseStack)
    roboARM_task                             0x080091c1   Thumb Code   278  task_robo_arm.o(.text.roboARM_task)
    uxListRemove                             0x080092d9   Thumb Code    34  list.o(.text.uxListRemove)
    vApplicationGetIdleTaskMemory            0x08009301   Thumb Code    26  cmsis_os2.o(.text.vApplicationGetIdleTaskMemory)
    vApplicationGetTimerTaskMemory           0x08009321   Thumb Code    28  cmsis_os2.o(.text.vApplicationGetTimerTaskMemory)
    vListInitialise                          0x08009341   Thumb Code    22  list.o(.text.vListInitialise)
    vListInitialiseItem                      0x08009359   Thumb Code     6  list.o(.text.vListInitialiseItem)
    vListInsert                              0x08009361   Thumb Code    98  list.o(.text.vListInsert)
    vListInsertEnd                           0x080093c9   Thumb Code    26  list.o(.text.vListInsertEnd)
    vPortEnterCritical                       0x08009401   Thumb Code    74  port.o(.text.vPortEnterCritical)
    vPortExitCritical                        0x08009451   Thumb Code    46  port.o(.text.vPortExitCritical)
    vPortFree                                0x08009481   Thumb Code   220  heap_4.o(.text.vPortFree)
    vPortSetupTimerInterrupt                 0x08009561   Thumb Code    52  port.o(.text.vPortSetupTimerInterrupt)
    vQueueAddToRegistry                      0x08009599   Thumb Code   362  queue.o(.text.vQueueAddToRegistry)
    vQueueWaitForMessageRestricted           0x08009709   Thumb Code   100  queue.o(.text.vQueueWaitForMessageRestricted)
    vTaskDelay                               0x08009771   Thumb Code   150  tasks.o(.text.vTaskDelay)
    vTaskDelete                              0x08009809   Thumb Code   238  tasks.o(.text.vTaskDelete)
    vTaskInternalSetTimeOutState             0x080098f9   Thumb Code    18  tasks.o(.text.vTaskInternalSetTimeOutState)
    vTaskMissedYield                         0x08009911   Thumb Code    14  tasks.o(.text.vTaskMissedYield)
    vTaskPlaceOnEventList                    0x08009921   Thumb Code   154  tasks.o(.text.vTaskPlaceOnEventList)
    vTaskPlaceOnEventListRestricted          0x080099c1   Thumb Code   182  tasks.o(.text.vTaskPlaceOnEventListRestricted)
    vTaskStartScheduler                      0x08009a79   Thumb Code   252  tasks.o(.text.vTaskStartScheduler)
    vTaskSuspend                             0x08009b81   Thumb Code   364  tasks.o(.text.vTaskSuspend)
    vTaskSuspendAll                          0x08009cf1   Thumb Code    16  tasks.o(.text.vTaskSuspendAll)
    vTaskSwitchContext                       0x08009d01   Thumb Code   196  tasks.o(.text.vTaskSwitchContext)
    xPortStartScheduler                      0x08009dc9   Thumb Code   442  port.o(.text.xPortStartScheduler)
    xPortSysTickHandler                      0x08009f89   Thumb Code    46  port.o(.text.xPortSysTickHandler)
    xQueueGenericCreateStatic                0x08009fb9   Thumb Code   210  queue.o(.text.xQueueGenericCreateStatic)
    xQueueReceive                            0x0800a091   Thumb Code   574  queue.o(.text.xQueueReceive)
    xTaskCheckForTimeOut                     0x0800a2d1   Thumb Code   154  tasks.o(.text.xTaskCheckForTimeOut)
    xTaskCreate                              0x0800a371   Thumb Code    96  tasks.o(.text.xTaskCreate)
    xTaskCreateStatic                        0x0800a3d1   Thumb Code   150  tasks.o(.text.xTaskCreateStatic)
    xTaskGenericNotifyWait                   0x0800a469   Thumb Code   290  tasks.o(.text.xTaskGenericNotifyWait)
    xTaskGetSchedulerState                   0x0800a591   Thumb Code    28  tasks.o(.text.xTaskGetSchedulerState)
    xTaskGetTickCount                        0x0800a5b1   Thumb Code    12  tasks.o(.text.xTaskGetTickCount)
    xTaskIncrementTick                       0x0800a5c1   Thumb Code   378  tasks.o(.text.xTaskIncrementTick)
    xTaskRemoveFromEventList                 0x0800a741   Thumb Code   232  tasks.o(.text.xTaskRemoveFromEventList)
    xTaskResumeAll                           0x0800a829   Thumb Code   318  tasks.o(.text.xTaskResumeAll)
    xTimerCreateTimerTask                    0x0800a969   Thumb Code   172  timers.o(.text.xTimerCreateTimerTask)
    _fp_init                                 0x0800aa1d   Thumb Code    26  fpinit.o(x$fpl$fpinit)
    __fplib_config_fpu_vfp                   0x0800aa35   Thumb Code     0  fpinit.o(x$fpl$fpinit)
    __fplib_config_pureend_doubles           0x0800aa35   Thumb Code     0  fpinit.o(x$fpl$fpinit)
    D1CorePrescTable                         0x0800aa84   Data          16  system_stm32h7xx.o(.rodata.D1CorePrescTable)
    Error_attributes                         0x0800aa94   Data          36  freertos.o(.rodata.Error_attributes)
    defaultTask_attributes                   0x0800ab10   Data          36  freertos.o(.rodata.defaultTask_attributes)
    roboARM_attributes                       0x0800ab34   Data          36  freertos.o(.rodata.roboARM_attributes)
    uxTopUsedPriority                        0x0800ab78   Data           4  tasks.o(.rodata.uxTopUsedPriority)
    Region$$Table$$Base                      0x0800ab7c   Number         0  anon$$obj.o(Region$$Table)
    Region$$Table$$Limit                     0x0800ab9c   Number         0  anon$$obj.o(Region$$Table)
    SHT$$INIT_ARRAY$$Base                    0x0800ab9c   Number         0  variables.o(.init_array)
    SHT$$INIT_ARRAY$$Limit                   0x0800aba0   Number         0  init_aeabi.o(.init_array)
    uwTickFreq                               0x24000000   Data           1  stm32h7xx_hal.o(.data..L_MergedGlobals)
    uwTickPrio                               0x24000004   Data           4  stm32h7xx_hal.o(.data..L_MergedGlobals)
    SystemCoreClock                          0x24000008   Data           4  system_stm32h7xx.o(.data..L_MergedGlobals)
    SystemD2Clock                            0x2400000c   Data           4  system_stm32h7xx.o(.data..L_MergedGlobals)
    HS_Desc                                  0x24000010   Data          32  usbd_desc.o(.data.HS_Desc)
    USBD_CDC                                 0x24000030   Data          56  usbd_cdc.o(.data.USBD_CDC)
    USBD_HS_DeviceDesc                       0x240000b8   Data          18  usbd_desc.o(.data.USBD_HS_DeviceDesc)
    USBD_Interface_fops_HS                   0x240000cc   Data          20  usbd_cdc_if.o(.data.USBD_Interface_fops_HS)
    USBD_LangIDDesc                          0x240000e0   Data           4  usbd_desc.o(.data.USBD_LangIDDesc)
    USBD_StringSerial                        0x240000e4   Data          26  usbd_desc.o(.data.USBD_StringSerial)
    __libspace_start                         0x24000108   Data          96  libspace.o(.bss)
    __temporary_stack_top$libspace           0x24000168   Data           0  libspace.o(.bss)
    defaultTaskHandle                        0x24000168   Data           4  freertos.o(.bss..L_MergedGlobals)
    ErrorHandle                              0x2400016c   Data           4  freertos.o(.bss..L_MergedGlobals)
    roboARMHandle                            0x24000170   Data           4  freertos.o(.bss..L_MergedGlobals)
    micro_base                               0x24000248   Data           4  variables.o(.bss..L_MergedGlobals)
    abc_can3                                 0x2400024c   Data         100  variables.o(.bss..L_MergedGlobals)
    USBD_StrDesc                             0x240002e0   Data         512  usbd_desc.o(.bss.USBD_StrDesc)
    UserRxBufferHS                           0x24000700   Data        2048  usbd_cdc_if.o(.bss.UserRxBufferHS)
    UserTxBufferHS                           0x24000f00   Data        2048  usbd_cdc_if.o(.bss.UserTxBufferHS)
    hUsbDeviceHS                             0x24001700   Data         732  usb_device.o(.bss.hUsbDeviceHS)
    hfdcan3                                  0x240019dc   Data         160  fdcan.o(.bss.hfdcan3)
    hpcd_USB_OTG_HS                          0x24001a7c   Data        1252  usbd_conf.o(.bss.hpcd_USB_OTG_HS)
    htim6                                    0x24001f60   Data          76  stm32h7xx_hal_timebase_tim.o(.bss.htim6)
    j1_left                                  0x24001fac   Data         100  variables.o(.bss.j1_left)
    j2_left                                  0x24002010   Data         100  variables.o(.bss.j2_left)
    j3_left                                  0x24002074   Data         100  variables.o(.bss.j3_left)
    j4_left                                  0x240020d8   Data         100  variables.o(.bss.j4_left)
    j5_left                                  0x2400213c   Data         100  variables.o(.bss.j5_left)
    j6_left                                  0x240021a0   Data         100  variables.o(.bss.j6_left)
    pxCurrentTCB                             0x240022f4   Data           4  tasks.o(.bss.pxCurrentTCB)
    uwTick                                   0x24006358   Data           4  stm32h7xx_hal.o(.bss.uwTick)
    xQueueRegistry                           0x24006a14   Data          64  queue.o(.bss.xQueueRegistry)



==============================================================================

Memory Map of the image

  Image Entry point : 0x080002cd

  Load Region LR_IROM1 (Base: 0x08000000, Size: 0x0000aca8, Max: 0x00100000, ABSOLUTE)

    Execution Region ER_IROM1 (Exec base: 0x08000000, Load base: 0x08000000, Size: 0x0000aba0, Max: 0x00100000, ABSOLUTE)

    Exec Addr    Load Addr    Size         Type   Attr      Idx    E Section Name        Object

    0x08000000   0x08000000   0x000002cc   Data   RO            3    RESET               startup_stm32h723xx.o
    0x080002cc   0x080002cc   0x00000008   Code   RO         2701  * !!!main             c_w.l(__main.o)
    0x080002d4   0x080002d4   0x0000005c   Code   RO         2878    !!!scatter          c_w.l(__scatter.o)
    0x08000330   0x08000330   0x0000001a   Code   RO         2882    !!handler_copy      c_w.l(__scatter_copy.o)
    0x0800034a   0x0800034a   0x00000002   PAD
    0x0800034c   0x0800034c   0x00000002   Code   RO         2879    !!handler_null      c_w.l(__scatter.o)
    0x0800034e   0x0800034e   0x00000002   PAD
    0x08000350   0x08000350   0x0000001c   Code   RO         2884    !!handler_zi        c_w.l(__scatter_zi.o)
    0x0800036c   0x0800036c   0x00000002   Code   RO         2795    .ARM.Collect$$libinit$$00000000  c_w.l(libinit.o)
    0x0800036e   0x0800036e   0x00000004   Code   RO         2712    .ARM.Collect$$libinit$$00000001  c_w.l(libinit2.o)
    0x08000372   0x08000372   0x00000000   Code   RO         2715    .ARM.Collect$$libinit$$00000004  c_w.l(libinit2.o)
    0x08000372   0x08000372   0x00000000   Code   RO         2717    .ARM.Collect$$libinit$$00000006  c_w.l(libinit2.o)
    0x08000372   0x08000372   0x00000000   Code   RO         2720    .ARM.Collect$$libinit$$0000000C  c_w.l(libinit2.o)
    0x08000372   0x08000372   0x00000000   Code   RO         2722    .ARM.Collect$$libinit$$0000000E  c_w.l(libinit2.o)
    0x08000372   0x08000372   0x00000000   Code   RO         2724    .ARM.Collect$$libinit$$00000010  c_w.l(libinit2.o)
    0x08000372   0x08000372   0x00000000   Code   RO         2727    .ARM.Collect$$libinit$$00000013  c_w.l(libinit2.o)
    0x08000372   0x08000372   0x00000000   Code   RO         2729    .ARM.Collect$$libinit$$00000015  c_w.l(libinit2.o)
    0x08000372   0x08000372   0x00000000   Code   RO         2731    .ARM.Collect$$libinit$$00000017  c_w.l(libinit2.o)
    0x08000372   0x08000372   0x00000000   Code   RO         2733    .ARM.Collect$$libinit$$00000019  c_w.l(libinit2.o)
    0x08000372   0x08000372   0x00000000   Code   RO         2735    .ARM.Collect$$libinit$$0000001B  c_w.l(libinit2.o)
    0x08000372   0x08000372   0x00000000   Code   RO         2737    .ARM.Collect$$libinit$$0000001D  c_w.l(libinit2.o)
    0x08000372   0x08000372   0x00000000   Code   RO         2739    .ARM.Collect$$libinit$$0000001F  c_w.l(libinit2.o)
    0x08000372   0x08000372   0x00000000   Code   RO         2741    .ARM.Collect$$libinit$$00000021  c_w.l(libinit2.o)
    0x08000372   0x08000372   0x00000000   Code   RO         2743    .ARM.Collect$$libinit$$00000023  c_w.l(libinit2.o)
    0x08000372   0x08000372   0x00000000   Code   RO         2745    .ARM.Collect$$libinit$$00000025  c_w.l(libinit2.o)
    0x08000372   0x08000372   0x00000000   Code   RO         2747    .ARM.Collect$$libinit$$00000027  c_w.l(libinit2.o)
    0x08000372   0x08000372   0x00000000   Code   RO         2751    .ARM.Collect$$libinit$$0000002E  c_w.l(libinit2.o)
    0x08000372   0x08000372   0x00000000   Code   RO         2753    .ARM.Collect$$libinit$$00000030  c_w.l(libinit2.o)
    0x08000372   0x08000372   0x00000000   Code   RO         2755    .ARM.Collect$$libinit$$00000032  c_w.l(libinit2.o)
    0x08000372   0x08000372   0x00000004   Code   RO         2756    .ARM.Collect$$libinit$$00000033  c_w.l(libinit2.o)
    0x08000376   0x08000376   0x00000000   Code   RO         2757    .ARM.Collect$$libinit$$00000034  c_w.l(libinit2.o)
    0x08000376   0x08000376   0x00000002   Code   RO         2758    .ARM.Collect$$libinit$$00000035  c_w.l(libinit2.o)
    0x08000378   0x08000378   0x00000002   Code   RO         2837    .ARM.Collect$$libshutdown$$00000000  c_w.l(libshutdown.o)
    0x0800037a   0x0800037a   0x00000000   Code   RO         2845    .ARM.Collect$$libshutdown$$00000002  c_w.l(libshutdown2.o)
    0x0800037a   0x0800037a   0x00000000   Code   RO         2847    .ARM.Collect$$libshutdown$$00000004  c_w.l(libshutdown2.o)
    0x0800037a   0x0800037a   0x00000000   Code   RO         2850    .ARM.Collect$$libshutdown$$00000007  c_w.l(libshutdown2.o)
    0x0800037a   0x0800037a   0x00000000   Code   RO         2853    .ARM.Collect$$libshutdown$$0000000A  c_w.l(libshutdown2.o)
    0x0800037a   0x0800037a   0x00000000   Code   RO         2855    .ARM.Collect$$libshutdown$$0000000C  c_w.l(libshutdown2.o)
    0x0800037a   0x0800037a   0x00000000   Code   RO         2858    .ARM.Collect$$libshutdown$$0000000F  c_w.l(libshutdown2.o)
    0x0800037a   0x0800037a   0x00000002   Code   RO         2859    .ARM.Collect$$libshutdown$$00000010  c_w.l(libshutdown2.o)
    0x0800037c   0x0800037c   0x00000000   Code   RO         2709    .ARM.Collect$$rtentry$$00000000  c_w.l(__rtentry.o)
    0x0800037c   0x0800037c   0x00000000   Code   RO         2764    .ARM.Collect$$rtentry$$00000002  c_w.l(__rtentry2.o)
    0x0800037c   0x0800037c   0x00000006   Code   RO         2776    .ARM.Collect$$rtentry$$00000004  c_w.l(__rtentry4.o)
    0x08000382   0x08000382   0x00000000   Code   RO         2766    .ARM.Collect$$rtentry$$00000009  c_w.l(__rtentry2.o)
    0x08000382   0x08000382   0x00000004   Code   RO         2767    .ARM.Collect$$rtentry$$0000000A  c_w.l(__rtentry2.o)
    0x08000386   0x08000386   0x00000000   Code   RO         2769    .ARM.Collect$$rtentry$$0000000C  c_w.l(__rtentry2.o)
    0x08000386   0x08000386   0x00000008   Code   RO         2770    .ARM.Collect$$rtentry$$0000000D  c_w.l(__rtentry2.o)
    0x0800038e   0x0800038e   0x00000002   Code   RO         2803    .ARM.Collect$$rtexit$$00000000  c_w.l(rtexit.o)
    0x08000390   0x08000390   0x00000000   Code   RO         2815    .ARM.Collect$$rtexit$$00000002  c_w.l(rtexit2.o)
    0x08000390   0x08000390   0x00000004   Code   RO         2816    .ARM.Collect$$rtexit$$00000003  c_w.l(rtexit2.o)
    0x08000394   0x08000394   0x00000006   Code   RO         2817    .ARM.Collect$$rtexit$$00000004  c_w.l(rtexit2.o)
    0x0800039a   0x0800039a   0x00000002   PAD
    0x0800039c   0x0800039c   0x00000048   Code   RO            4    .text               startup_stm32h723xx.o
    0x080003e4   0x080003e4   0x0000008a   Code   RO         2689    .text               c_w.l(rt_memcpy_v6.o)
    0x0800046e   0x0800046e   0x00000010   Code   RO         2693    .text               c_w.l(aeabi_memset4.o)
    0x0800047e   0x0800047e   0x00000044   Code   RO         2695    .text               c_w.l(rt_memclr.o)
    0x080004c2   0x080004c2   0x0000004e   Code   RO         2697    .text               c_w.l(rt_memclr_w.o)
    0x08000510   0x08000510   0x00000006   Code   RO         2699    .text               c_w.l(heapauxi.o)
    0x08000516   0x08000516   0x00000002   PAD
    0x08000518   0x08000518   0x0000002c   Code   RO         2706    .text               c_w.l(init_aeabi.o)
    0x08000544   0x08000544   0x00000064   Code   RO         2710    .text               c_w.l(rt_memcpy_w.o)
    0x080005a8   0x080005a8   0x0000004a   Code   RO         2782    .text               c_w.l(sys_stackheap_outer.o)
    0x080005f2   0x080005f2   0x00000012   Code   RO         2784    .text               c_w.l(exit.o)
    0x08000604   0x08000604   0x00000008   Code   RO         2800    .text               c_w.l(libspace.o)
    0x0800060c   0x0800060c   0x00000002   Code   RO         2811    .text               c_w.l(use_no_semi.o)
    0x0800060e   0x0800060e   0x00000000   Code   RO         2813    .text               c_w.l(indicate_semi.o)
    0x0800060e   0x0800060e   0x00000002   PAD
    0x08000610   0x08000610   0x0000000c   Code   RO         2827    .text               c_w.l(sys_exit.o)
    0x0800061c   0x0800061c   0x00000004   PAD
    0x08000620   0x08000620   0x00000002   Code   RO           78    .text.BusFault_Handler  stm32h7xx_it.o
    0x08000622   0x08000622   0x00000006   PAD
    0x08000628   0x08000628   0x00000004   Code   RO         2457    .text.CDC_Control_HS  usbd_cdc_if.o
    0x0800062c   0x0800062c   0x00000004   PAD
    0x08000630   0x08000630   0x00000004   Code   RO         2455    .text.CDC_DeInit_HS  usbd_cdc_if.o
    0x08000634   0x08000634   0x00000004   PAD
    0x08000638   0x08000638   0x0000002c   Code   RO         2453    .text.CDC_Init_HS   usbd_cdc_if.o
    0x08000664   0x08000664   0x00000004   PAD
    0x08000668   0x08000668   0x0000001c   Code   RO         2459    .text.CDC_Receive_HS  usbd_cdc_if.o
    0x08000684   0x08000684   0x00000004   PAD
    0x08000688   0x08000688   0x00000004   Code   RO         2461    .text.CDC_TransmitCplt_HS  usbd_cdc_if.o
    0x0800068c   0x0800068c   0x00000004   PAD
    0x08000690   0x08000690   0x00000002   Code   RO           82    .text.DebugMon_Handler  stm32h7xx_it.o
    0x08000692   0x08000692   0x00000006   PAD
    0x08000698   0x08000698   0x00000006   Code   RO           15    .text.Error_Handler  main.o
    0x0800069e   0x0800069e   0x00000002   PAD
    0x080006a0   0x080006a0   0x000000c8   Code   RO         2366    .text.Error_tasks   task_error.o
    0x08000768   0x08000768   0x0000002c   Code   RO         1681    .text.ExitRun0Mode  system_stm32h7xx.o
    0x08000794   0x08000794   0x00000004   PAD
    0x08000798   0x08000798   0x0000000c   Code   RO           88    .text.FDCAN3_IT0_IRQHandler  stm32h7xx_it.o
    0x080007a4   0x080007a4   0x00000004   PAD
    0x080007a8   0x080007a8   0x0000000c   Code   RO           90    .text.FDCAN3_IT1_IRQHandler  stm32h7xx_it.o
    0x080007b4   0x080007b4   0x00000004   PAD
    0x080007b8   0x080007b8   0x00000028   Code   RO         1173    .text.HAL_Delay     stm32h7xx_hal.o
    0x080007e0   0x080007e0   0x0000008a   Code   RO         1619    .text.HAL_FDCAN_ActivateNotification  stm32h7xx_hal_fdcan.o
    0x0800086a   0x0800086a   0x00000006   PAD
    0x08000870   0x08000870   0x000000ea   Code   RO         1541    .text.HAL_FDCAN_AddMessageToTxFifoQ  stm32h7xx_hal_fdcan.o
    0x0800095a   0x0800095a   0x00000006   PAD
    0x08000960   0x08000960   0x00000002   Code   RO         1633    .text.HAL_FDCAN_ClockCalibrationCallback  stm32h7xx_hal_fdcan.o
    0x08000962   0x08000962   0x00000006   PAD
    0x08000968   0x08000968   0x0000005e   Code   RO         1501    .text.HAL_FDCAN_ConfigFifoWatermark  stm32h7xx_hal_fdcan.o
    0x080009c6   0x080009c6   0x00000002   PAD
    0x080009c8   0x080009c8   0x0000008c   Code   RO         1493    .text.HAL_FDCAN_ConfigFilter  stm32h7xx_hal_fdcan.o
    0x08000a54   0x08000a54   0x00000004   PAD
    0x08000a58   0x08000a58   0x00000038   Code   RO         1495    .text.HAL_FDCAN_ConfigGlobalFilter  stm32h7xx_hal_fdcan.o
    0x08000a90   0x08000a90   0x00000024   Code   RO         1525    .text.HAL_FDCAN_ConfigTxDelayCompensation  stm32h7xx_hal_fdcan.o
    0x08000ab4   0x08000ab4   0x00000004   PAD
    0x08000ab8   0x08000ab8   0x0000002c   Code   RO         1475    .text.HAL_FDCAN_DeInit  stm32h7xx_hal_fdcan.o
    0x08000ae4   0x08000ae4   0x00000004   PAD
    0x08000ae8   0x08000ae8   0x0000002c   Code   RO         1527    .text.HAL_FDCAN_EnableTxDelayCompensation  stm32h7xx_hal_fdcan.o
    0x08000b14   0x08000b14   0x00000004   PAD
    0x08000b18   0x08000b18   0x00000002   Code   RO         1661    .text.HAL_FDCAN_ErrorCallback  stm32h7xx_hal_fdcan.o
    0x08000b1a   0x08000b1a   0x00000006   PAD
    0x08000b20   0x08000b20   0x00000020   Code   RO         2324    .text.HAL_FDCAN_ErrorStatusCallback  can_callback.o
    0x08000b40   0x08000b40   0x00000202   Code   RO         1551    .text.HAL_FDCAN_GetRxMessage  stm32h7xx_hal_fdcan.o
    0x08000d42   0x08000d42   0x00000006   PAD
    0x08000d48   0x08000d48   0x00000002   Code   RO         1629    .text.HAL_FDCAN_HighPriorityMessageCallback  stm32h7xx_hal_fdcan.o
    0x08000d4a   0x08000d4a   0x00000006   PAD
    0x08000d50   0x08000d50   0x00000334   Code   RO         1627    .text.HAL_FDCAN_IRQHandler  stm32h7xx_hal_fdcan.o
    0x08001084   0x08001084   0x00000004   PAD
    0x08001088   0x08001088   0x000003fc   Code   RO         1471    .text.HAL_FDCAN_Init  stm32h7xx_hal_fdcan.o
    0x08001484   0x08001484   0x00000004   PAD
    0x08001488   0x08001488   0x00000042   Code   RO           61    .text.HAL_FDCAN_MspDeInit  fdcan.o
    0x080014ca   0x080014ca   0x00000006   PAD
    0x080014d0   0x080014d0   0x000000da   Code   RO           59    .text.HAL_FDCAN_MspInit  fdcan.o
    0x080015aa   0x080015aa   0x00000006   PAD
    0x080015b0   0x080015b0   0x00000002   Code   RO         1645    .text.HAL_FDCAN_RxBufferNewMessageCallback  stm32h7xx_hal_fdcan.o
    0x080015b2   0x080015b2   0x00000006   PAD
    0x080015b8   0x080015b8   0x00000058   Code   RO         2322    .text.HAL_FDCAN_RxFifo0Callback  can_callback.o
    0x08001610   0x08001610   0x00000002   Code   RO         1639    .text.HAL_FDCAN_RxFifo1Callback  stm32h7xx_hal_fdcan.o
    0x08001612   0x08001612   0x00000006   PAD
    0x08001618   0x08001618   0x00000034   Code   RO         1539    .text.HAL_FDCAN_Start  stm32h7xx_hal_fdcan.o
    0x0800164c   0x0800164c   0x00000004   PAD
    0x08001650   0x08001650   0x00000382   Code   RO         1477    .text.HAL_FDCAN_Stop  stm32h7xx_hal_fdcan.o
    0x080019d2   0x080019d2   0x00000006   PAD
    0x080019d8   0x080019d8   0x00000002   Code   RO         1659    .text.HAL_FDCAN_TT_GlobalTimeCallback  stm32h7xx_hal_fdcan.o
    0x080019da   0x080019da   0x00000006   PAD
    0x080019e0   0x080019e0   0x00000002   Code   RO         1653    .text.HAL_FDCAN_TT_ScheduleSyncCallback  stm32h7xx_hal_fdcan.o
    0x080019e2   0x080019e2   0x00000006   PAD
    0x080019e8   0x080019e8   0x00000002   Code   RO         1657    .text.HAL_FDCAN_TT_StopWatchCallback  stm32h7xx_hal_fdcan.o
    0x080019ea   0x080019ea   0x00000006   PAD
    0x080019f0   0x080019f0   0x00000002   Code   RO         1655    .text.HAL_FDCAN_TT_TimeMarkCallback  stm32h7xx_hal_fdcan.o
    0x080019f2   0x080019f2   0x00000006   PAD
    0x080019f8   0x080019f8   0x00000002   Code   RO         1649    .text.HAL_FDCAN_TimeoutOccurredCallback  stm32h7xx_hal_fdcan.o
    0x080019fa   0x080019fa   0x00000006   PAD
    0x08001a00   0x08001a00   0x00000002   Code   RO         1647    .text.HAL_FDCAN_TimestampWraparoundCallback  stm32h7xx_hal_fdcan.o
    0x08001a02   0x08001a02   0x00000006   PAD
    0x08001a08   0x08001a08   0x00000002   Code   RO         1631    .text.HAL_FDCAN_TxBufferAbortCallback  stm32h7xx_hal_fdcan.o
    0x08001a0a   0x08001a0a   0x00000006   PAD
    0x08001a10   0x08001a10   0x00000002   Code   RO         1643    .text.HAL_FDCAN_TxBufferCompleteCallback  stm32h7xx_hal_fdcan.o
    0x08001a12   0x08001a12   0x00000006   PAD
    0x08001a18   0x08001a18   0x00000002   Code   RO         1635    .text.HAL_FDCAN_TxEventFifoCallback  stm32h7xx_hal_fdcan.o
    0x08001a1a   0x08001a1a   0x00000006   PAD
    0x08001a20   0x08001a20   0x00000002   Code   RO         1641    .text.HAL_FDCAN_TxFifoEmptyCallback  stm32h7xx_hal_fdcan.o
    0x08001a22   0x08001a22   0x00000006   PAD
    0x08001a28   0x08001a28   0x0000011c   Code   RO          815    .text.HAL_GPIO_DeInit  stm32h7xx_hal_gpio.o
    0x08001b44   0x08001b44   0x00000004   PAD
    0x08001b48   0x08001b48   0x000001e2   Code   RO          813    .text.HAL_GPIO_Init  stm32h7xx_hal_gpio.o
    0x08001d2a   0x08001d2a   0x00000006   PAD
    0x08001d30   0x08001d30   0x0000000c   Code   RO         1165    .text.HAL_GetTick   stm32h7xx_hal.o
    0x08001d3c   0x08001d3c   0x00000004   PAD
    0x08001d40   0x08001d40   0x0000001a   Code   RO         1163    .text.HAL_IncTick   stm32h7xx_hal.o
    0x08001d5a   0x08001d5a   0x00000006   PAD
    0x08001d60   0x08001d60   0x00000064   Code   RO         1153    .text.HAL_Init      stm32h7xx_hal.o
    0x08001dc4   0x08001dc4   0x00000004   PAD
    0x08001dc8   0x08001dc8   0x000000a8   Code   RO          108    .text.HAL_InitTick  stm32h7xx_hal_timebase_tim.o
    0x08001e70   0x08001e70   0x0000005e   Code   RO         1123    .text.HAL_MPU_ConfigRegion  stm32h7xx_hal_cortex.o
    0x08001ece   0x08001ece   0x00000002   PAD
    0x08001ed0   0x08001ed0   0x0000001a   Code   RO         1115    .text.HAL_MPU_Disable  stm32h7xx_hal_cortex.o
    0x08001eea   0x08001eea   0x00000006   PAD
    0x08001ef0   0x08001ef0   0x00000020   Code   RO         1117    .text.HAL_MPU_Enable  stm32h7xx_hal_cortex.o
    0x08001f10   0x08001f10   0x0000002a   Code   RO           99    .text.HAL_MspInit   stm32h7xx_hal_msp.o
    0x08001f3a   0x08001f3a   0x00000006   PAD
    0x08001f40   0x08001f40   0x0000002a   Code   RO         1107    .text.HAL_NVIC_DisableIRQ  stm32h7xx_hal_cortex.o
    0x08001f6a   0x08001f6a   0x00000006   PAD
    0x08001f70   0x08001f70   0x00000022   Code   RO         1105    .text.HAL_NVIC_EnableIRQ  stm32h7xx_hal_cortex.o
    0x08001f92   0x08001f92   0x00000006   PAD
    0x08001f98   0x08001f98   0x0000005a   Code   RO         1103    .text.HAL_NVIC_SetPriority  stm32h7xx_hal_cortex.o
    0x08001ff2   0x08001ff2   0x00000006   PAD
    0x08001ff8   0x08001ff8   0x00000020   Code   RO         1101    .text.HAL_NVIC_SetPriorityGrouping  stm32h7xx_hal_cortex.o
    0x08002018   0x08002018   0x00000004   Code   RO         1109    .text.HAL_NVIC_SystemReset  stm32h7xx_hal_cortex.o
    0x0800201c   0x0800201c   0x00000004   PAD
    0x08002020   0x08002020   0x00000026   Code   RO          534    .text.HAL_PCDEx_ActivateLPM  stm32h7xx_hal_pcd_ex.o
    0x08002046   0x08002046   0x00000002   PAD
    0x08002048   0x08002048   0x00000002   Code   RO          546    .text.HAL_PCDEx_LPM_Callback  stm32h7xx_hal_pcd_ex.o
    0x0800204a   0x0800204a   0x00000006   PAD
    0x08002050   0x08002050   0x00000008   Code   RO          532    .text.HAL_PCDEx_SetRxFiFo  stm32h7xx_hal_pcd_ex.o
    0x08002058   0x08002058   0x000000ce   Code   RO          530    .text.HAL_PCDEx_SetTxFiFo  stm32h7xx_hal_pcd_ex.o
    0x08002126   0x08002126   0x00000002   PAD
    0x08002128   0x08002128   0x00000008   Code   RO         2498    .text.HAL_PCD_ConnectCallback  usbd_conf.o
    0x08002130   0x08002130   0x00000012   Code   RO         2484    .text.HAL_PCD_DataInStageCallback  usbd_conf.o
    0x08002142   0x08002142   0x00000006   PAD
    0x08002148   0x08002148   0x00000014   Code   RO         2482    .text.HAL_PCD_DataOutStageCallback  usbd_conf.o
    0x0800215c   0x0800215c   0x00000004   PAD
    0x08002160   0x08002160   0x00000008   Code   RO         2500    .text.HAL_PCD_DisconnectCallback  usbd_conf.o
    0x08002168   0x08002168   0x00000050   Code   RO          500    .text.HAL_PCD_EP_Close  stm32h7xx_hal_pcd.o
    0x080021b8   0x080021b8   0x0000005e   Code   RO          510    .text.HAL_PCD_EP_ClrStall  stm32h7xx_hal_pcd.o
    0x08002216   0x08002216   0x00000002   PAD
    0x08002218   0x08002218   0x00000012   Code   RO          504    .text.HAL_PCD_EP_GetRxCount  stm32h7xx_hal_pcd.o
    0x0800222a   0x0800222a   0x00000006   PAD
    0x08002230   0x08002230   0x0000007e   Code   RO          498    .text.HAL_PCD_EP_Open  stm32h7xx_hal_pcd.o
    0x080022ae   0x080022ae   0x00000002   PAD
    0x080022b0   0x080022b0   0x00000038   Code   RO          502    .text.HAL_PCD_EP_Receive  stm32h7xx_hal_pcd.o
    0x080022e8   0x080022e8   0x0000006c   Code   RO          508    .text.HAL_PCD_EP_SetStall  stm32h7xx_hal_pcd.o
    0x08002354   0x08002354   0x00000004   PAD
    0x08002358   0x08002358   0x0000003c   Code   RO          506    .text.HAL_PCD_EP_Transmit  stm32h7xx_hal_pcd.o
    0x08002394   0x08002394   0x00000004   PAD
    0x08002398   0x08002398   0x00000a86   Code   RO          466    .text.HAL_PCD_IRQHandler  stm32h7xx_hal_pcd.o
    0x08002e1e   0x08002e1e   0x00000002   PAD
    0x08002e20   0x08002e20   0x00000008   Code   RO         2496    .text.HAL_PCD_ISOINIncompleteCallback  usbd_conf.o
    0x08002e28   0x08002e28   0x00000008   Code   RO         2494    .text.HAL_PCD_ISOOUTIncompleteCallback  usbd_conf.o
    0x08002e30   0x08002e30   0x0000027a   Code   RO          454    .text.HAL_PCD_Init  stm32h7xx_hal_pcd.o
    0x080030aa   0x080030aa   0x00000006   PAD
    0x080030b0   0x080030b0   0x00000072   Code   RO         2476    .text.HAL_PCD_MspInit  usbd_conf.o
    0x08003122   0x08003122   0x00000006   PAD
    0x08003128   0x08003128   0x0000002a   Code   RO         2488    .text.HAL_PCD_ResetCallback  usbd_conf.o
    0x08003152   0x08003152   0x00000006   PAD
    0x08003158   0x08003158   0x00000008   Code   RO         2492    .text.HAL_PCD_ResumeCallback  usbd_conf.o
    0x08003160   0x08003160   0x00000008   Code   RO         2486    .text.HAL_PCD_SOFCallback  usbd_conf.o
    0x08003168   0x08003168   0x00000028   Code   RO          496    .text.HAL_PCD_SetAddress  stm32h7xx_hal_pcd.o
    0x08003190   0x08003190   0x0000000e   Code   RO         2480    .text.HAL_PCD_SetupStageCallback  usbd_conf.o
    0x0800319e   0x0800319e   0x00000002   PAD
    0x080031a0   0x080031a0   0x0000003e   Code   RO          462    .text.HAL_PCD_Start  stm32h7xx_hal_pcd.o
    0x080031de   0x080031de   0x00000002   PAD
    0x080031e0   0x080031e0   0x00000034   Code   RO         2490    .text.HAL_PCD_SuspendCallback  usbd_conf.o
    0x08003214   0x08003214   0x00000004   PAD
    0x08003218   0x08003218   0x0000004c   Code   RO         1017    .text.HAL_PWREx_ConfigSupply  stm32h7xx_hal_pwr_ex.o
    0x08003264   0x08003264   0x00000004   PAD
    0x08003268   0x08003268   0x00000012   Code   RO         1067    .text.HAL_PWREx_EnableUSBVoltageDetector  stm32h7xx_hal_pwr_ex.o
    0x0800327a   0x0800327a   0x00000006   PAD
    0x08003280   0x08003280   0x00000a80   Code   RO          688    .text.HAL_RCCEx_PeriphCLKConfig  stm32h7xx_hal_rcc_ex.o
    0x08003d00   0x08003d00   0x00000254   Code   RO          656    .text.HAL_RCC_ClockConfig  stm32h7xx_hal_rcc.o
    0x08003f54   0x08003f54   0x00000004   PAD
    0x08003f58   0x08003f58   0x00000058   Code   RO          674    .text.HAL_RCC_GetClockConfig  stm32h7xx_hal_rcc.o
    0x08003fb0   0x08003fb0   0x0000004c   Code   RO          666    .text.HAL_RCC_GetHCLKFreq  stm32h7xx_hal_rcc.o
    0x08003ffc   0x08003ffc   0x00000004   PAD
    0x08004000   0x08004000   0x00000060   Code   RO          668    .text.HAL_RCC_GetPCLK1Freq  stm32h7xx_hal_rcc.o
    0x08004060   0x08004060   0x0000011c   Code   RO          658    .text.HAL_RCC_GetSysClockFreq  stm32h7xx_hal_rcc.o
    0x0800417c   0x0800417c   0x00000004   PAD
    0x08004180   0x08004180   0x0000052c   Code   RO          654    .text.HAL_RCC_OscConfig  stm32h7xx_hal_rcc.o
    0x080046ac   0x080046ac   0x00000004   PAD
    0x080046b0   0x080046b0   0x00000002   Code   RO          440    .text.HAL_TIMEx_Break2Callback  stm32h7xx_hal_tim_ex.o
    0x080046b2   0x080046b2   0x00000006   PAD
    0x080046b8   0x080046b8   0x00000002   Code   RO          438    .text.HAL_TIMEx_BreakCallback  stm32h7xx_hal_tim_ex.o
    0x080046ba   0x080046ba   0x00000006   PAD
    0x080046c0   0x080046c0   0x00000002   Code   RO          434    .text.HAL_TIMEx_CommutCallback  stm32h7xx_hal_tim_ex.o
    0x080046c2   0x080046c2   0x00000006   PAD
    0x080046c8   0x080046c8   0x00000060   Code   RO          123    .text.HAL_TIM_Base_Init  stm32h7xx_hal_tim.o
    0x08004728   0x08004728   0x00000002   Code   RO          125    .text.HAL_TIM_Base_MspInit  stm32h7xx_hal_tim.o
    0x0800472a   0x0800472a   0x00000006   PAD
    0x08004730   0x08004730   0x000000dc   Code   RO          137    .text.HAL_TIM_Base_Start_IT  stm32h7xx_hal_tim.o
    0x0800480c   0x0800480c   0x00000004   PAD
    0x08004810   0x08004810   0x00000002   Code   RO          259    .text.HAL_TIM_IC_CaptureCallback  stm32h7xx_hal_tim.o
    0x08004812   0x08004812   0x00000006   PAD
    0x08004818   0x08004818   0x0000016c   Code   RO          257    .text.HAL_TIM_IRQHandler  stm32h7xx_hal_tim.o
    0x08004984   0x08004984   0x00000004   PAD
    0x08004988   0x08004988   0x00000002   Code   RO          261    .text.HAL_TIM_OC_DelayElapsedCallback  stm32h7xx_hal_tim.o
    0x0800498a   0x0800498a   0x00000006   PAD
    0x08004990   0x08004990   0x00000002   Code   RO          263    .text.HAL_TIM_PWM_PulseFinishedCallback  stm32h7xx_hal_tim.o
    0x08004992   0x08004992   0x00000006   PAD
    0x08004998   0x08004998   0x00000014   Code   RO           17    .text.HAL_TIM_PeriodElapsedCallback  main.o
    0x080049ac   0x080049ac   0x00000004   PAD
    0x080049b0   0x080049b0   0x00000002   Code   RO          267    .text.HAL_TIM_TriggerCallback  stm32h7xx_hal_tim.o
    0x080049b2   0x080049b2   0x00000006   PAD
    0x080049b8   0x080049b8   0x00000002   Code   RO           74    .text.HardFault_Handler  stm32h7xx_it.o
    0x080049ba   0x080049ba   0x00000006   PAD
    0x080049c0   0x080049c0   0x00000086   Code   RO           57    .text.MX_FDCAN3_Init  fdcan.o
    0x08004a46   0x08004a46   0x00000002   PAD
    0x08004a48   0x08004a48   0x00000054   Code   RO           36    .text.MX_FREERTOS_Init  freertos.o
    0x08004a9c   0x08004a9c   0x00000004   PAD
    0x08004aa0   0x08004aa0   0x00000044   Code   RO           28    .text.MX_GPIO_Init  gpio.o
    0x08004ae4   0x08004ae4   0x00000004   PAD
    0x08004ae8   0x08004ae8   0x0000006c   Code   RO         2414    .text.MX_USB_DEVICE_Init  usb_device.o
    0x08004b54   0x08004b54   0x00000004   PAD
    0x08004b58   0x08004b58   0x00000002   Code   RO           76    .text.MemManage_Handler  stm32h7xx_it.o
    0x08004b5a   0x08004b5a   0x00000006   PAD
    0x08004b60   0x08004b60   0x00000002   Code   RO           72    .text.NMI_Handler   stm32h7xx_it.o
    0x08004b62   0x08004b62   0x00000006   PAD
    0x08004b68   0x08004b68   0x0000000c   Code   RO           86    .text.OTG_HS_IRQHandler  stm32h7xx_it.o
    0x08004b74   0x08004b74   0x0000000c   PAD
    0x08004b80   0x08004b80   0x00000064   Code   RO         2266    .text.PendSV_Handler  port.o
    0x08004be4   0x08004be4   0x00000004   PAD
    0x08004be8   0x08004be8   0x00000122   Code   RO          690    .text.RCCEx_PLL2_Config  stm32h7xx_hal_rcc_ex.o
    0x08004d0a   0x08004d0a   0x00000006   PAD
    0x08004d10   0x08004d10   0x00000122   Code   RO          692    .text.RCCEx_PLL3_Config  stm32h7xx_hal_rcc_ex.o
    0x08004e32   0x08004e32   0x0000000e   PAD
    0x08004e40   0x08004e40   0x00000024   Code   RO         2250    .text.SVC_Handler   port.o
    0x08004e64   0x08004e64   0x00000004   PAD
    0x08004e68   0x08004e68   0x00000066   Code   RO         2384    .text.StartDefaultTask  task_start.o
    0x08004ece   0x08004ece   0x00000002   PAD
    0x08004ed0   0x08004ed0   0x0000001e   Code   RO         2059    .text.SysTick_Handler  cmsis_os2.o
    0x08004eee   0x08004eee   0x00000002   PAD
    0x08004ef0   0x08004ef0   0x000000c0   Code   RO           13    .text.SystemClock_Config  main.o
    0x08004fb0   0x08004fb0   0x000000d2   Code   RO         1677    .text.SystemInit    system_stm32h7xx.o
    0x08005082   0x08005082   0x00000006   PAD
    0x08005088   0x08005088   0x0000000c   Code   RO           84    .text.TIM6_DAC_IRQHandler  stm32h7xx_it.o
    0x08005094   0x08005094   0x00000004   PAD
    0x08005098   0x08005098   0x00000178   Code   RO          127    .text.TIM_Base_SetConfig  stm32h7xx_hal_tim.o
    0x08005210   0x08005210   0x00000074   Code   RO         2655    .text.USBD_CDC_DataIn  usbd_cdc.o
    0x08005284   0x08005284   0x00000004   PAD
    0x08005288   0x08005288   0x0000003c   Code   RO         2657    .text.USBD_CDC_DataOut  usbd_cdc.o
    0x080052c4   0x080052c4   0x00000004   PAD
    0x080052c8   0x080052c8   0x00000060   Code   RO         2649    .text.USBD_CDC_DeInit  usbd_cdc.o
    0x08005328   0x08005328   0x00000038   Code   RO         2653    .text.USBD_CDC_EP0_RxReady  usbd_cdc.o
    0x08005360   0x08005360   0x00000010   Code   RO         2665    .text.USBD_CDC_GetDeviceQualifierDescriptor  usbd_cdc.o
    0x08005370   0x08005370   0x00000052   Code   RO         2661    .text.USBD_CDC_GetFSCfgDesc  usbd_cdc.o
    0x080053c2   0x080053c2   0x00000006   PAD
    0x080053c8   0x080053c8   0x00000056   Code   RO         2659    .text.USBD_CDC_GetHSCfgDesc  usbd_cdc.o
    0x0800541e   0x0800541e   0x00000002   PAD
    0x08005420   0x08005420   0x00000052   Code   RO         2663    .text.USBD_CDC_GetOtherSpeedCfgDesc  usbd_cdc.o
    0x08005472   0x08005472   0x00000006   PAD
    0x08005478   0x08005478   0x000000ca   Code   RO         2647    .text.USBD_CDC_Init  usbd_cdc.o
    0x08005542   0x08005542   0x00000006   PAD
    0x08005548   0x08005548   0x00000030   Code   RO         2675    .text.USBD_CDC_ReceivePacket  usbd_cdc.o
    0x08005578   0x08005578   0x00000018   Code   RO         2667    .text.USBD_CDC_RegisterInterface  usbd_cdc.o
    0x08005590   0x08005590   0x0000001c   Code   RO         2671    .text.USBD_CDC_SetRxBuffer  usbd_cdc.o
    0x080055ac   0x080055ac   0x00000004   PAD
    0x080055b0   0x080055b0   0x00000020   Code   RO         2669    .text.USBD_CDC_SetTxBuffer  usbd_cdc.o
    0x080055d0   0x080055d0   0x000000e8   Code   RO         2651    .text.USBD_CDC_Setup  usbd_cdc.o
    0x080056b8   0x080056b8   0x00000012   Code   RO         2562    .text.USBD_ClrClassConfig  usbd_core.o
    0x080056ca   0x080056ca   0x00000006   PAD
    0x080056d0   0x080056d0   0x00000004   Code   RO         2570    .text.USBD_CoreFindEP  usbd_core.o
    0x080056d4   0x080056d4   0x00000004   PAD
    0x080056d8   0x080056d8   0x00000004   Code   RO         2568    .text.USBD_CoreFindIF  usbd_core.o
    0x080056dc   0x080056dc   0x00000004   PAD
    0x080056e0   0x080056e0   0x00000010   Code   RO         2631    .text.USBD_CtlContinueRx  usbd_ioreq.o
    0x080056f0   0x080056f0   0x00000010   Code   RO         2627    .text.USBD_CtlContinueSendData  usbd_ioreq.o
    0x08005700   0x08005700   0x00000016   Code   RO         2606    .text.USBD_CtlError  usbd_ctlreq.o
    0x08005716   0x08005716   0x00000002   PAD
    0x08005718   0x08005718   0x00000020   Code   RO         2629    .text.USBD_CtlPrepareRx  usbd_ioreq.o
    0x08005738   0x08005738   0x00000016   Code   RO         2635    .text.USBD_CtlReceiveStatus  usbd_ioreq.o
    0x0800574e   0x0800574e   0x00000002   PAD
    0x08005750   0x08005750   0x0000001e   Code   RO         2625    .text.USBD_CtlSendData  usbd_ioreq.o
    0x0800576e   0x0800576e   0x00000002   PAD
    0x08005770   0x08005770   0x00000016   Code   RO         2633    .text.USBD_CtlSendStatus  usbd_ioreq.o
    0x08005786   0x08005786   0x00000002   PAD
    0x08005788   0x08005788   0x00000084   Code   RO         2592    .text.USBD_GetEpDesc  usbd_core.o
    0x0800580c   0x0800580c   0x00000004   PAD
    0x08005810   0x08005810   0x000000dc   Code   RO         2614    .text.USBD_GetString  usbd_ctlreq.o
    0x080058ec   0x080058ec   0x00000004   PAD
    0x080058f0   0x080058f0   0x00000024   Code   RO         2433    .text.USBD_HS_ConfigStrDescriptor  usbd_desc.o
    0x08005914   0x08005914   0x00000004   PAD
    0x08005918   0x08005918   0x0000000e   Code   RO         2423    .text.USBD_HS_DeviceDescriptor  usbd_desc.o
    0x08005926   0x08005926   0x00000002   PAD
    0x08005928   0x08005928   0x00000028   Code   RO         2435    .text.USBD_HS_InterfaceStrDescriptor  usbd_desc.o
    0x08005950   0x08005950   0x0000000e   Code   RO         2425    .text.USBD_HS_LangIDStrDescriptor  usbd_desc.o
    0x0800595e   0x0800595e   0x00000002   PAD
    0x08005960   0x08005960   0x0000002c   Code   RO         2427    .text.USBD_HS_ManufacturerStrDescriptor  usbd_desc.o
    0x0800598c   0x0800598c   0x00000004   PAD
    0x08005990   0x08005990   0x00000030   Code   RO         2429    .text.USBD_HS_ProductStrDescriptor  usbd_desc.o
    0x080059c0   0x080059c0   0x0000016c   Code   RO         2431    .text.USBD_HS_SerialStrDescriptor  usbd_desc.o
    0x08005b2c   0x08005b2c   0x00000004   PAD
    0x08005b30   0x08005b30   0x00000028   Code   RO         2548    .text.USBD_Init     usbd_core.o
    0x08005b58   0x08005b58   0x00000022   Code   RO         2520    .text.USBD_LL_ClearStallEP  usbd_conf.o
    0x08005b7a   0x08005b7a   0x00000006   PAD
    0x08005b80   0x08005b80   0x00000022   Code   RO         2514    .text.USBD_LL_CloseEP  usbd_conf.o
    0x08005ba2   0x08005ba2   0x00000006   PAD
    0x08005ba8   0x08005ba8   0x000000b8   Code   RO         2572    .text.USBD_LL_DataInStage  usbd_core.o
    0x08005c60   0x08005c60   0x0000007c   Code   RO         2566    .text.USBD_LL_DataOutStage  usbd_core.o
    0x08005cdc   0x08005cdc   0x00000004   PAD
    0x08005ce0   0x08005ce0   0x00000004   Code   RO         2588    .text.USBD_LL_DevConnected  usbd_core.o
    0x08005ce4   0x08005ce4   0x00000004   PAD
    0x08005ce8   0x08005ce8   0x00000020   Code   RO         2590    .text.USBD_LL_DevDisconnected  usbd_core.o
    0x08005d08   0x08005d08   0x00000008   Code   RO         2530    .text.USBD_LL_GetRxDataSize  usbd_conf.o
    0x08005d10   0x08005d10   0x00000072   Code   RO         2502    .text.USBD_LL_Init  usbd_conf.o
    0x08005d82   0x08005d82   0x00000006   PAD
    0x08005d88   0x08005d88   0x0000002a   Code   RO         2522    .text.USBD_LL_IsStallEP  usbd_conf.o
    0x08005db2   0x08005db2   0x00000006   PAD
    0x08005db8   0x08005db8   0x0000002c   Code   RO         2584    .text.USBD_LL_IsoINIncomplete  usbd_core.o
    0x08005de4   0x08005de4   0x00000004   PAD
    0x08005de8   0x08005de8   0x0000002c   Code   RO         2586    .text.USBD_LL_IsoOUTIncomplete  usbd_core.o
    0x08005e14   0x08005e14   0x00000004   PAD
    0x08005e18   0x08005e18   0x00000028   Code   RO         2512    .text.USBD_LL_OpenEP  usbd_conf.o
    0x08005e40   0x08005e40   0x00000022   Code   RO         2528    .text.USBD_LL_PrepareReceive  usbd_conf.o
    0x08005e62   0x08005e62   0x00000006   PAD
    0x08005e68   0x08005e68   0x00000062   Code   RO         2574    .text.USBD_LL_Reset  usbd_core.o
    0x08005eca   0x08005eca   0x00000006   PAD
    0x08005ed0   0x08005ed0   0x00000014   Code   RO         2580    .text.USBD_LL_Resume  usbd_core.o
    0x08005ee4   0x08005ee4   0x00000004   PAD
    0x08005ee8   0x08005ee8   0x0000001e   Code   RO         2582    .text.USBD_LL_SOF   usbd_core.o
    0x08005f06   0x08005f06   0x00000002   PAD
    0x08005f08   0x08005f08   0x00000008   Code   RO         2576    .text.USBD_LL_SetSpeed  usbd_core.o
    0x08005f10   0x08005f10   0x00000022   Code   RO         2524    .text.USBD_LL_SetUSBAddress  usbd_conf.o
    0x08005f32   0x08005f32   0x00000006   PAD
    0x08005f38   0x08005f38   0x00000062   Code   RO         2564    .text.USBD_LL_SetupStage  usbd_core.o
    0x08005f9a   0x08005f9a   0x00000006   PAD
    0x08005fa0   0x08005fa0   0x00000022   Code   RO         2518    .text.USBD_LL_StallEP  usbd_conf.o
    0x08005fc2   0x08005fc2   0x00000006   PAD
    0x08005fc8   0x08005fc8   0x00000022   Code   RO         2508    .text.USBD_LL_Start  usbd_conf.o
    0x08005fea   0x08005fea   0x00000006   PAD
    0x08005ff0   0x08005ff0   0x0000001c   Code   RO         2578    .text.USBD_LL_Suspend  usbd_core.o
    0x0800600c   0x0800600c   0x00000004   PAD
    0x08006010   0x08006010   0x00000022   Code   RO         2526    .text.USBD_LL_Transmit  usbd_conf.o
    0x08006032   0x08006032   0x00000006   PAD
    0x08006038   0x08006038   0x00000016   Code   RO         2612    .text.USBD_ParseSetupRequest  usbd_ctlreq.o
    0x0800604e   0x0800604e   0x00000002   PAD
    0x08006050   0x08006050   0x00000046   Code   RO         2552    .text.USBD_RegisterClass  usbd_core.o
    0x08006096   0x08006096   0x00000002   PAD
    0x08006098   0x08006098   0x00000010   Code   RO         2560    .text.USBD_SetClassConfig  usbd_core.o
    0x080060a8   0x080060a8   0x00000004   Code   RO         2554    .text.USBD_Start    usbd_core.o
    0x080060ac   0x080060ac   0x00000004   PAD
    0x080060b0   0x080060b0   0x00000382   Code   RO         2604    .text.USBD_StdDevReq  usbd_ctlreq.o
    0x08006432   0x08006432   0x00000006   PAD
    0x08006438   0x08006438   0x00000160   Code   RO         2610    .text.USBD_StdEPReq  usbd_ctlreq.o
    0x08006598   0x08006598   0x00000070   Code   RO         2608    .text.USBD_StdItfReq  usbd_ctlreq.o
    0x08006608   0x08006608   0x00000002   Code   RO         2534    .text.USBD_static_free  usbd_conf.o
    0x0800660a   0x0800660a   0x00000006   PAD
    0x08006610   0x08006610   0x0000000a   Code   RO         2532    .text.USBD_static_malloc  usbd_conf.o
    0x0800661a   0x0800661a   0x00000006   PAD
    0x08006620   0x08006620   0x00000086   Code   RO          578    .text.USB_ActivateEndpoint  stm32h7xx_ll_usb.o
    0x080066a6   0x080066a6   0x00000002   PAD
    0x080066a8   0x080066a8   0x00000020   Code   RO          620    .text.USB_ActivateSetup  stm32h7xx_ll_usb.o
    0x080066c8   0x080066c8   0x00000292   Code   RO          556    .text.USB_CoreInit  stm32h7xx_ll_usb.o
    0x0800695a   0x0800695a   0x00000006   PAD
    0x08006960   0x08006960   0x0000007c   Code   RO          582    .text.USB_DeactivateEndpoint  stm32h7xx_ll_usb.o
    0x080069dc   0x080069dc   0x00000004   PAD
    0x080069e0   0x080069e0   0x0000001e   Code   RO          602    .text.USB_DevConnect  stm32h7xx_ll_usb.o
    0x080069fe   0x080069fe   0x00000002   PAD
    0x08006a00   0x08006a00   0x0000001e   Code   RO          604    .text.USB_DevDisconnect  stm32h7xx_ll_usb.o
    0x08006a1e   0x08006a1e   0x00000002   PAD
    0x08006a20   0x08006a20   0x000004ac   Code   RO          568    .text.USB_DevInit   stm32h7xx_ll_usb.o
    0x08006ecc   0x08006ecc   0x00000004   PAD
    0x08006ed0   0x08006ed0   0x0000000e   Code   RO          562    .text.USB_DisableGlobalInt  stm32h7xx_ll_usb.o
    0x08006ede   0x08006ede   0x00000002   PAD
    0x08006ee0   0x08006ee0   0x0000005a   Code   RO          622    .text.USB_EP0_OutStart  stm32h7xx_ll_usb.o
    0x08006f3a   0x08006f3a   0x00000006   PAD
    0x08006f40   0x08006f40   0x00000052   Code   RO          594    .text.USB_EPClearStall  stm32h7xx_ll_usb.o
    0x08006f92   0x08006f92   0x00000006   PAD
    0x08006f98   0x08006f98   0x00000040   Code   RO          592    .text.USB_EPSetStall  stm32h7xx_ll_usb.o
    0x08006fd8   0x08006fd8   0x00000242   Code   RO          586    .text.USB_EPStartXfer  stm32h7xx_ll_usb.o
    0x0800721a   0x0800721a   0x00000006   PAD
    0x08007220   0x08007220   0x00000236   Code   RO          590    .text.USB_EPStopXfer  stm32h7xx_ll_usb.o
    0x08007456   0x08007456   0x00000002   PAD
    0x08007458   0x08007458   0x0000000e   Code   RO          560    .text.USB_EnableGlobalInt  stm32h7xx_ll_usb.o
    0x08007466   0x08007466   0x00000002   PAD
    0x08007468   0x08007468   0x000000be   Code   RO          572    .text.USB_FlushTxFifo  stm32h7xx_ll_usb.o
    0x08007526   0x08007526   0x00000002   PAD
    0x08007528   0x08007528   0x0000001a   Code   RO          576    .text.USB_GetDevSpeed  stm32h7xx_ll_usb.o
    0x08007542   0x08007542   0x00000006   PAD
    0x08007548   0x08007548   0x00000008   Code   RO          566    .text.USB_GetMode   stm32h7xx_ll_usb.o
    0x08007550   0x08007550   0x0000000e   Code   RO          612    .text.USB_ReadDevAllInEpInterrupt  stm32h7xx_ll_usb.o
    0x0800755e   0x0800755e   0x00000002   PAD
    0x08007560   0x08007560   0x0000000e   Code   RO          610    .text.USB_ReadDevAllOutEpInterrupt  stm32h7xx_ll_usb.o
    0x0800756e   0x0800756e   0x00000002   PAD
    0x08007570   0x08007570   0x00000024   Code   RO          616    .text.USB_ReadDevInEPInterrupt  stm32h7xx_ll_usb.o
    0x08007594   0x08007594   0x00000004   PAD
    0x08007598   0x08007598   0x00000010   Code   RO          614    .text.USB_ReadDevOutEPInterrupt  stm32h7xx_ll_usb.o
    0x080075a8   0x080075a8   0x00000008   Code   RO          606    .text.USB_ReadInterrupts  stm32h7xx_ll_usb.o
    0x080075b0   0x080075b0   0x000000ae   Code   RO          596    .text.USB_ReadPacket  stm32h7xx_ll_usb.o
    0x0800765e   0x0800765e   0x00000002   PAD
    0x08007660   0x08007660   0x00000368   Code   RO          564    .text.USB_SetCurrentMode  stm32h7xx_ll_usb.o
    0x080079c8   0x080079c8   0x00000022   Code   RO          600    .text.USB_SetDevAddress  stm32h7xx_ll_usb.o
    0x080079ea   0x080079ea   0x00000006   PAD
    0x080079f0   0x080079f0   0x00000118   Code   RO          558    .text.USB_SetTurnaroundTime  stm32h7xx_ll_usb.o
    0x08007b08   0x08007b08   0x00000078   Code   RO          588    .text.USB_WritePacket  stm32h7xx_ll_usb.o
    0x08007b80   0x08007b80   0x00000002   Code   RO           80    .text.UsageFault_Handler  stm32h7xx_it.o
    0x08007b82   0x08007b82   0x00000006   PAD
    0x08007b88   0x08007b88   0x000002a4   Code   RO         2393    .text._GLOBAL__sub_I_variables.cpp  variables.o
    0x08007e2c   0x08007e2c   0x00000004   PAD
    0x08007e30   0x08007e30   0x00000164   Code   RO         2338    .text._ZN5Joint10LoadTargetEv  roboarm.o
    0x08007f94   0x08007f94   0x00000004   PAD
    0x08007f98   0x08007f98   0x00000032   Code   RO         2334    .text._ZN5Joint10UpdateInfoEPKh  roboarm.o
    0x08007fca   0x08007fca   0x00000006   PAD
    0x08007fd0   0x08007fd0   0x00000014   Code   RO         2312    .text._ZN7Bsp_CAN8TransmitEjPKhh  bsp_can.o
    0x08007fe4   0x08007fe4   0x00000004   PAD
    0x08007fe8   0x08007fe8   0x0000009e   Code   RO         2282    .text._ZN8Motor_DM6UpdateEPKh  motor_dm.o
    0x08008086   0x08008086   0x00000002   PAD
    0x08008088   0x08008088   0x00000050   Code   RO         2308    .text._ZNK7Bsp_CAN12FilterConfigEb  bsp_can.o
    0x080080d8   0x080080d8   0x0000002e   Code   RO         2310    .text._ZNK7Bsp_CAN9ConfigTDCEjj  bsp_can.o
    0x08008106   0x08008106   0x00000002   PAD
    0x08008108   0x08008108   0x0000002e   Code   RO         2290    .text._ZNK8Motor_DM4CtrlEN10Motor_DM_N12order_byte_eE  motor_dm.o
    0x08008136   0x08008136   0x00000002   PAD
    0x08008138   0x08008138   0x00000098   Code   RO         2284    .text._ZNK8Motor_DM4CtrlEffttf  motor_dm.o
    0x080081d0   0x080081d0   0x0000002a   Code   RO         1111    .text.__NVIC_SystemReset  stm32h7xx_hal_cortex.o
    0x080081fa   0x080081fa   0x00000006   PAD
    0x08008200   0x08008200   0x000000ae   Code   RO         1900    .text.eTaskGetState  tasks.o
    0x080082ae   0x080082ae   0x00000002   PAD
    0x080082b0   0x080082b0   0x0000004a   Code   RO           11    .text.main          main.o
    0x080082fa   0x080082fa   0x00000006   PAD
    0x08008300   0x08008300   0x0000003c   Code   RO         2119    .text.osDelay       cmsis_os2.o
    0x0800833c   0x0800833c   0x00000004   PAD
    0x08008340   0x08008340   0x00000050   Code   RO         2061    .text.osKernelInitialize  cmsis_os2.o
    0x08008390   0x08008390   0x00000060   Code   RO         2067    .text.osKernelStart  cmsis_os2.o
    0x080083f0   0x080083f0   0x000001ce   Code   RO         2117    .text.osThreadFlagsWait  cmsis_os2.o
    0x080085be   0x080085be   0x00000002   PAD
    0x080085c0   0x080085c0   0x000000e6   Code   RO         2083    .text.osThreadNew   cmsis_os2.o
    0x080086a6   0x080086a6   0x00000002   PAD
    0x080086a8   0x080086a8   0x00000042   Code   RO         2099    .text.osThreadSuspend  cmsis_os2.o
    0x080086ea   0x080086ea   0x00000006   PAD
    0x080086f0   0x080086f0   0x00000052   Code   RO         2105    .text.osThreadTerminate  cmsis_os2.o
    0x08008742   0x08008742   0x00000006   PAD
    0x08008748   0x08008748   0x000002b0   Code   RO         1886    .text.prvAddNewTaskToReadyList  tasks.o
    0x080089f8   0x080089f8   0x00000086   Code   RO         1918    .text.prvIdleTask   tasks.o
    0x08008a7e   0x08008a7e   0x00000002   PAD
    0x08008a80   0x08008a80   0x00000100   Code   RO         1884    .text.prvInitialiseNewTask  tasks.o
    0x08008b80   0x08008b80   0x00000028   Code   RO         2258    .text.prvPortStartFirstTask  port.o
    0x08008ba8   0x08008ba8   0x00000040   Code   RO         2248    .text.prvTaskExitError  port.o
    0x08008be8   0x08008be8   0x0000032e   Code   RO         2007    .text.prvTimerTask  timers.o
    0x08008f16   0x08008f16   0x00000002   PAD
    0x08008f18   0x08008f18   0x0000007a   Code   RO         1779    .text.prvUnlockQueue  queue.o
    0x08008f92   0x08008f92   0x00000006   PAD
    0x08008f98   0x08008f98   0x000001f4   Code   RO         2222    .text.pvPortMalloc  heap_4.o
    0x0800918c   0x0800918c   0x00000004   PAD
    0x08009190   0x08009190   0x0000002c   Code   RO         2246    .text.pxPortInitialiseStack  port.o
    0x080091bc   0x080091bc   0x00000004   PAD
    0x080091c0   0x080091c0   0x00000116   Code   RO         2375    .text.roboARM_task  task_robo_arm.o
    0x080092d6   0x080092d6   0x00000002   PAD
    0x080092d8   0x080092d8   0x00000022   Code   RO         1741    .text.uxListRemove  list.o
    0x080092fa   0x080092fa   0x00000006   PAD
    0x08009300   0x08009300   0x0000001a   Code   RO         2205    .text.vApplicationGetIdleTaskMemory  cmsis_os2.o
    0x0800931a   0x0800931a   0x00000006   PAD
    0x08009320   0x08009320   0x0000001c   Code   RO         2207    .text.vApplicationGetTimerTaskMemory  cmsis_os2.o
    0x0800933c   0x0800933c   0x00000004   PAD
    0x08009340   0x08009340   0x00000016   Code   RO         1733    .text.vListInitialise  list.o
    0x08009356   0x08009356   0x00000002   PAD
    0x08009358   0x08009358   0x00000006   Code   RO         1735    .text.vListInitialiseItem  list.o
    0x0800935e   0x0800935e   0x00000002   PAD
    0x08009360   0x08009360   0x00000062   Code   RO         1739    .text.vListInsert   list.o
    0x080093c2   0x080093c2   0x00000006   PAD
    0x080093c8   0x080093c8   0x0000001a   Code   RO         1737    .text.vListInsertEnd  list.o
    0x080093e2   0x080093e2   0x00000006   PAD
    0x080093e8   0x080093e8   0x00000014   Code   RO         2256    .text.vPortEnableVFP  port.o
    0x080093fc   0x080093fc   0x00000004   PAD
    0x08009400   0x08009400   0x0000004a   Code   RO         2262    .text.vPortEnterCritical  port.o
    0x0800944a   0x0800944a   0x00000006   PAD
    0x08009450   0x08009450   0x0000002e   Code   RO         2264    .text.vPortExitCritical  port.o
    0x0800947e   0x0800947e   0x00000002   PAD
    0x08009480   0x08009480   0x000000dc   Code   RO         2224    .text.vPortFree     heap_4.o
    0x0800955c   0x0800955c   0x00000004   PAD
    0x08009560   0x08009560   0x00000034   Code   RO         2254    .text.vPortSetupTimerInterrupt  port.o
    0x08009594   0x08009594   0x00000004   PAD
    0x08009598   0x08009598   0x0000016a   Code   RO         1817    .text.vQueueAddToRegistry  queue.o
    0x08009702   0x08009702   0x00000006   PAD
    0x08009708   0x08009708   0x00000064   Code   RO         1821    .text.vQueueWaitForMessageRestricted  queue.o
    0x0800976c   0x0800976c   0x00000004   PAD
    0x08009770   0x08009770   0x00000096   Code   RO         1898    .text.vTaskDelay    tasks.o
    0x08009806   0x08009806   0x00000002   PAD
    0x08009808   0x08009808   0x000000ee   Code   RO         1890    .text.vTaskDelete   tasks.o
    0x080098f6   0x080098f6   0x00000002   PAD
    0x080098f8   0x080098f8   0x00000012   Code   RO         1950    .text.vTaskInternalSetTimeOutState  tasks.o
    0x0800990a   0x0800990a   0x00000006   PAD
    0x08009910   0x08009910   0x0000000e   Code   RO         1954    .text.vTaskMissedYield  tasks.o
    0x0800991e   0x0800991e   0x00000002   PAD
    0x08009920   0x08009920   0x0000009a   Code   RO         1938    .text.vTaskPlaceOnEventList  tasks.o
    0x080099ba   0x080099ba   0x00000006   PAD
    0x080099c0   0x080099c0   0x000000b6   Code   RO         1942    .text.vTaskPlaceOnEventListRestricted  tasks.o
    0x08009a76   0x08009a76   0x00000002   PAD
    0x08009a78   0x08009a78   0x00000104   Code   RO         1916    .text.vTaskStartScheduler  tasks.o
    0x08009b7c   0x08009b7c   0x00000004   PAD
    0x08009b80   0x08009b80   0x0000016c   Code   RO         1908    .text.vTaskSuspend  tasks.o
    0x08009cec   0x08009cec   0x00000004   PAD
    0x08009cf0   0x08009cf0   0x00000010   Code   RO         1894    .text.vTaskSuspendAll  tasks.o
    0x08009d00   0x08009d00   0x000000c4   Code   RO         1910    .text.vTaskSwitchContext  tasks.o
    0x08009dc4   0x08009dc4   0x00000004   PAD
    0x08009dc8   0x08009dc8   0x000001ba   Code   RO         2252    .text.xPortStartScheduler  port.o
    0x08009f82   0x08009f82   0x00000006   PAD
    0x08009f88   0x08009f88   0x0000002e   Code   RO         2268    .text.xPortSysTickHandler  port.o
    0x08009fb6   0x08009fb6   0x00000002   PAD
    0x08009fb8   0x08009fb8   0x000000d2   Code   RO         1753    .text.xQueueGenericCreateStatic  queue.o
    0x0800a08a   0x0800a08a   0x00000006   PAD
    0x0800a090   0x0800a090   0x0000023e   Code   RO         1785    .text.xQueueReceive  queue.o
    0x0800a2ce   0x0800a2ce   0x00000002   PAD
    0x0800a2d0   0x0800a2d0   0x0000009a   Code   RO         1952    .text.xTaskCheckForTimeOut  tasks.o
    0x0800a36a   0x0800a36a   0x00000006   PAD
    0x0800a370   0x0800a370   0x00000060   Code   RO         1888    .text.xTaskCreate   tasks.o
    0x0800a3d0   0x0800a3d0   0x00000096   Code   RO         1882    .text.xTaskCreateStatic  tasks.o
    0x0800a466   0x0800a466   0x00000002   PAD
    0x0800a468   0x0800a468   0x00000122   Code   RO         1980    .text.xTaskGenericNotifyWait  tasks.o
    0x0800a58a   0x0800a58a   0x00000006   PAD
    0x0800a590   0x0800a590   0x0000001c   Code   RO         1966    .text.xTaskGetSchedulerState  tasks.o
    0x0800a5ac   0x0800a5ac   0x00000004   PAD
    0x0800a5b0   0x0800a5b0   0x0000000c   Code   RO         1924    .text.xTaskGetTickCount  tasks.o
    0x0800a5bc   0x0800a5bc   0x00000004   PAD
    0x0800a5c0   0x0800a5c0   0x0000017a   Code   RO         1922    .text.xTaskIncrementTick  tasks.o
    0x0800a73a   0x0800a73a   0x00000006   PAD
    0x0800a740   0x0800a740   0x000000e8   Code   RO         1944    .text.xTaskRemoveFromEventList  tasks.o
    0x0800a828   0x0800a828   0x0000013e   Code   RO         1896    .text.xTaskResumeAll  tasks.o
    0x0800a966   0x0800a966   0x00000002   PAD
    0x0800a968   0x0800a968   0x000000b4   Code   RO         2005    .text.xTimerCreateTimerTask  timers.o
    0x0800aa1c   0x0800aa1c   0x0000001a   Code   RO         2780    x$fpl$fpinit        fz_wv.l(fpinit.o)
    0x0800aa36   0x0800aa36   0x00000002   PAD
    0x0800aa38   0x0800aa38   0x0000004c   Data   RO         1667    .rodata..L__const.HAL_FDCAN_Init.CvtEltSize  stm32h7xx_hal_fdcan.o
    0x0800aa84   0x0800aa84   0x00000010   Data   RO         1683    .rodata.D1CorePrescTable  system_stm32h7xx.o
    0x0800aa94   0x0800aa94   0x00000024   Data   RO           46    .rodata.Error_attributes  freertos.o
    0x0800aab8   0x0800aab8   0x00000018   Data   RO         2402    .rodata._ZL10j4310_facs  variables.o
    0x0800aad0   0x0800aad0   0x00000018   Data   RO         2396    .rodata._ZL13j4340_limited  variables.o
    0x0800aae8   0x0800aae8   0x00000018   Data   RO         2399    .rodata._ZL15j4340_unlimited  variables.o
    0x0800ab00   0x0800ab00   0x00000010   Data   RO         1668    .rodata.cst16       stm32h7xx_hal_fdcan.o
    0x0800ab10   0x0800ab10   0x00000024   Data   RO           45    .rodata.defaultTask_attributes  freertos.o
    0x0800ab34   0x0800ab34   0x00000024   Data   RO           47    .rodata.roboARM_attributes  freertos.o
    0x0800ab58   0x0800ab58   0x0000001a   Data   RO           44    .rodata.str1.1      freertos.o
    0x0800ab72   0x0800ab72   0x00000005   Data   RO         2049    .rodata.str1.1      timers.o
    0x0800ab77   0x0800ab77   0x00000001   PAD
    0x0800ab78   0x0800ab78   0x00000004   Data   RO         1993    .rodata.uxTopUsedPriority  tasks.o
    0x0800ab7c   0x0800ab7c   0x00000020   Data   RO         2877    Region$$Table       anon$$obj.o
    0x0800ab9c   0x0800ab9c   0x00000004   Data   RO         2404    .init_array         variables.o
    0x0800aba0   0x0800ab9c   0x00000000   Data   RO         2704    .init_array         c_w.l(init_aeabi.o)


    Execution Region RW_IRAM1 (Exec base: 0x20000000, Load base: 0x0800aba0, Size: 0x00000000, Max: 0x00020000, ABSOLUTE)

    **** No section assigned to this execution region ****


    Execution Region RW_IRAM2 (Exec base: 0x24000000, Load base: 0x0800aba0, Size: 0x00007058, Max: 0x00050000, ABSOLUTE)

    Exec Addr    Load Addr    Size         Type   Attr      Idx    E Section Name        Object

    0x24000000   0x0800aba0   0x00000008   Data   RW         1262    .data..L_MergedGlobals  stm32h7xx_hal.o
    0x24000008   0x0800aba8   0x00000008   Data   RW         1684    .data..L_MergedGlobals  system_stm32h7xx.o
    0x24000010   0x0800abb0   0x00000020   Data   RW         2439    .data.HS_Desc       usbd_desc.o
    0x24000030   0x0800abd0   0x00000038   Data   RW         2677    .data.USBD_CDC      usbd_cdc.o
    0x24000068   0x0800ac08   0x00000043   Data   RW         2679    .data.USBD_CDC_CfgDesc  usbd_cdc.o
    0x240000ab   0x0800ac4b   0x00000001   PAD
    0x240000ac   0x0800ac4c   0x0000000a   Data   RW         2678    .data.USBD_CDC_DeviceQualifierDesc  usbd_cdc.o
    0x240000b6   0x0800ac56   0x00000002   PAD
    0x240000b8   0x0800ac58   0x00000012   Data   RW         2440    .data.USBD_HS_DeviceDesc  usbd_desc.o
    0x240000ca   0x0800ac6a   0x00000002   PAD
    0x240000cc   0x0800ac6c   0x00000014   Data   RW         2465    .data.USBD_Interface_fops_HS  usbd_cdc_if.o
    0x240000e0   0x0800ac80   0x00000004   Data   RW         2442    .data.USBD_LangIDDesc  usbd_desc.o
    0x240000e4   0x0800ac84   0x0000001a   Data   RW         2443    .data.USBD_StringSerial  usbd_desc.o
    0x240000fe   0x0800ac9e   0x00000002   PAD
    0x24000100   0x0800aca0   0x00000004   Data   RW         2272    .data.uxCriticalNesting  port.o
    0x24000104   0x0800aca4   0x00000004   PAD
    0x24000108        -       0x00000060   Zero   RW         2801    .bss                c_w.l(libspace.o)
    0x24000168        -       0x0000000c   Zero   RW           48    .bss..L_MergedGlobals  freertos.o
    0x24000174        -       0x00000074   Zero   RW         1995    .bss..L_MergedGlobals  tasks.o
    0x240001e8        -       0x0000003c   Zero   RW         2050    .bss..L_MergedGlobals  timers.o
    0x24000224        -       0x0000001c   Zero   RW         2237    .bss..L_MergedGlobals  heap_4.o
    0x24000240        -       0x00000008   Zero   RW         2273    .bss..L_MergedGlobals  port.o
    0x24000248        -       0x00000068   Zero   RW         2405    .bss..L_MergedGlobals  variables.o
    0x240002b0        -       0x00000028   Zero   RW         1996    .bss..L_MergedGlobals.2  tasks.o
    0x240002d8        -       0x00000004   Zero   RW         2209    .bss.KernelState    cmsis_os2.o
    0x240002dc        -       0x00000001   Zero   RW         2616    .bss.USBD_SetConfig.cfgidx  usbd_ctlreq.o
    0x240002dd   0x0800aca4   0x00000003   PAD
    0x240002e0        -       0x00000200   Zero   RW         2444    .bss.USBD_StrDesc   usbd_desc.o
    0x240004e0        -       0x00000220   Zero   RW         2539    .bss.USBD_static_malloc.mem  usbd_conf.o
    0x24000700        -       0x00000800   Zero   RW         2466    .bss.UserRxBufferHS  usbd_cdc_if.o
    0x24000f00        -       0x00000800   Zero   RW         2467    .bss.UserTxBufferHS  usbd_cdc_if.o
    0x24001700        -       0x000002dc   Zero   RW         2416    .bss.hUsbDeviceHS   usb_device.o
    0x240019dc        -       0x000000a0   Zero   RW           63    .bss.hfdcan3        fdcan.o
    0x24001a7c        -       0x000004e4   Zero   RW         2538    .bss.hpcd_USB_OTG_HS  usbd_conf.o
    0x24001f60        -       0x0000004c   Zero   RW          114    .bss.htim6          stm32h7xx_hal_timebase_tim.o
    0x24001fac        -       0x00000064   Zero   RW         2395    .bss.j1_left        variables.o
    0x24002010        -       0x00000064   Zero   RW         2397    .bss.j2_left        variables.o
    0x24002074        -       0x00000064   Zero   RW         2398    .bss.j3_left        variables.o
    0x240020d8        -       0x00000064   Zero   RW         2400    .bss.j4_left        variables.o
    0x2400213c        -       0x00000064   Zero   RW         2401    .bss.j5_left        variables.o
    0x240021a0        -       0x00000064   Zero   RW         2403    .bss.j6_left        variables.o
    0x24002204        -       0x000000a0   Zero   RW         2048    .bss.prvCheckForValidListAndQueue.ucStaticTimerQueueStorage  timers.o
    0x240022a4        -       0x00000050   Zero   RW         2047    .bss.prvCheckForValidListAndQueue.xStaticTimerQueue  timers.o
    0x240022f4        -       0x00000004   Zero   RW         1992    .bss.pxCurrentTCB   tasks.o
    0x240022f8        -       0x00000460   Zero   RW         1994    .bss.pxReadyTasksLists  tasks.o
    0x24002758        -       0x00003c00   Zero   RW         2236    .bss.ucHeap         heap_4.o
    0x24006358        -       0x00000004   Zero   RW         1261    .bss.uwTick         stm32h7xx_hal.o
    0x2400635c        -       0x00000200   Zero   RW         2211    .bss.vApplicationGetIdleTaskMemory.Idle_Stack  cmsis_os2.o
    0x2400655c        -       0x0000005c   Zero   RW         2210    .bss.vApplicationGetIdleTaskMemory.Idle_TCB  cmsis_os2.o
    0x240065b8        -       0x00000400   Zero   RW         2213    .bss.vApplicationGetTimerTaskMemory.Timer_Stack  cmsis_os2.o
    0x240069b8        -       0x0000005c   Zero   RW         2212    .bss.vApplicationGetTimerTaskMemory.Timer_TCB  cmsis_os2.o
    0x24006a14        -       0x00000040   Zero   RW         1823    .bss.xQueueRegistry  queue.o
    0x24006a54   0x0800aca4   0x00000004   PAD
    0x24006a58        -       0x00000200   Zero   RW            2    HEAP                startup_stm32h723xx.o
    0x24006c58        -       0x00000400   Zero   RW            1    STACK               startup_stm32h723xx.o


==============================================================================

Image component sizes


      Code (inc. data)   RO Data    RW Data    ZI Data      Debug   Object Name

       146          0          0          0          0      14481   bsp_can.o
       120         24          0          0          0      27326   can_callback.o
      1160          0          0          0       1724      60365   cmsis_os2.o
       418          0          0          0        160      11573   fdcan.o
        84          0        134          0         12       3379   freertos.o
        68          0          0          0          0       2263   gpio.o
       720          0          0          0      15388       6312   heap_4.o
       186          0          0          0          0       2343   list.o
       292          0          0          0          0       7096   main.o
       356          8          0          0          0      19649   motor_dm.o
       964         16          0          4          8       4326   port.o
      1368          0          0          0         64      32781   queue.o
       406         28          0          0          0      32903   roboarm.o
        72         30        716          0       1536        840   startup_stm32h723xx.o
       178          0          0          8          4      16013   stm32h7xx_hal.o
       396          0          0          0          0      12452   stm32h7xx_hal_cortex.o
      4120          0         92          0          0      62540   stm32h7xx_hal_fdcan.o
       766          0          0          0          0       7229   stm32h7xx_hal_gpio.o
        42          0          0          0          0       5449   stm32h7xx_hal_msp.o
      3972          0          0          0          0      17941   stm32h7xx_hal_pcd.o
       254          0          0          0          0       6446   stm32h7xx_hal_pcd_ex.o
        94          0          0          0          0       9772   stm32h7xx_hal_pwr_ex.o
      2464         24          0          0          0      11702   stm32h7xx_hal_rcc.o
      3268        104          0          0          0      20081   stm32h7xx_hal_rcc_ex.o
      1066          0          0          0          0      67486   stm32h7xx_hal_tim.o
         6          0          0          0          0      27310   stm32h7xx_hal_tim_ex.o
       168          0          0          0         76       9727   stm32h7xx_hal_timebase_tim.o
        60          0          0          0          0      10332   stm32h7xx_it.o
      5404          0          0          0          0      32871   stm32h7xx_ll_usb.o
       254          0         16          8          0       5678   system_stm32h7xx.o
       200          0          0          0          0      27109   task_error.o
       278          0          0          0          0      26973   task_robo_arm.o
       102          0          0          0          0      14142   task_start.o
      4502          8          4          0       1280      47376   tasks.o
       994         20          5          0        300      17648   timers.o
       108          0          0          0        732       3311   usb_device.o
      1160         12          0        133          0      12056   usbd_cdc.o
        84          0          0         20       4096       4944   usbd_cdc_if.o
       762          0          0          0       1796      22335   usbd_conf.o
      1002          0          0          0          0      11438   usbd_core.o
      1626         34          0          0          1      11445   usbd_ctlreq.o
       560         72          0         80        512       4385   usbd_desc.o
       138          0          0          0          0       4786   usbd_ioreq.o
       676          0         76          0        704      35485   variables.o

    ----------------------------------------------------------------------
     42052        412       1076        260      28404     792099   Object Totals
         0          0         32          0          0          0   (incl. Generated)
       988         32          1          7         11          0   (incl. Padding)

    ----------------------------------------------------------------------

      Code (inc. data)   RO Data    RW Data    ZI Data      Debug   Library Member Name

         8          0          0          0          0         68   __main.o
         0          0          0          0          0          0   __rtentry.o
        12          0          0          0          0          0   __rtentry2.o
         6          0          0          0          0          0   __rtentry4.o
        94          8          0          0          0          0   __scatter.o
        26          0          0          0          0          0   __scatter_copy.o
        28          0          0          0          0          0   __scatter_zi.o
        16          0          0          0          0         68   aeabi_memset4.o
        18          0          0          0          0         80   exit.o
         6          0          0          0          0        152   heapauxi.o
         0          0          0          0          0          0   indicate_semi.o
        44          8          0          0          0         80   init_aeabi.o
         2          0          0          0          0          0   libinit.o
        10          0          0          0          0          0   libinit2.o
         2          0          0          0          0          0   libshutdown.o
         2          0          0          0          0          0   libshutdown2.o
         8          4          0          0         96         68   libspace.o
        68          0          0          0          0         68   rt_memclr.o
        78          0          0          0          0         80   rt_memclr_w.o
       138          0          0          0          0         68   rt_memcpy_v6.o
       100          0          0          0          0         80   rt_memcpy_w.o
         2          0          0          0          0          0   rtexit.o
        10          0          0          0          0          0   rtexit2.o
        12          4          0          0          0         68   sys_exit.o
        74          0          0          0          0         80   sys_stackheap_outer.o
         2          0          0          0          0         68   use_no_semi.o
        26          0          0          0          0        116   fpinit.o

    ----------------------------------------------------------------------
       808         28          0          0         96       1144   Library Totals
        16          4          0          0          0          0   (incl. Padding)

    ----------------------------------------------------------------------

      Code (inc. data)   RO Data    RW Data    ZI Data      Debug   Library Name

       766         24          0          0         96       1028   c_w.l
        26          0          0          0          0        116   fz_wv.l

    ----------------------------------------------------------------------
       808         28          0          0         96       1144   Library Totals

    ----------------------------------------------------------------------

==============================================================================


      Code (inc. data)   RO Data    RW Data    ZI Data      Debug   

     42860        440       1076        260      28500     792003   Grand Totals
     42860        440       1076        260      28500     792003   ELF Image Totals
     42860        440       1076        260          0          0   ROM Totals

==============================================================================

    Total RO  Size (Code + RO Data)                43936 (  42.91kB)
    Total RW  Size (RW Data + ZI Data)             28760 (  28.09kB)
    Total ROM Size (Code + RO Data + RW Data)      44196 (  43.16kB)

==============================================================================

